Archive member included to satisfy reference by file (symbol)

C:/ST/STM32CubeIDE_2.1.1/STM32CubeIDE/plugins/com.st.stm32cube.ide.mcu.externaltools.gnu-tools-for-stm32.14.3.rel1.win32_1.0.100.202602081740/tools/bin/../lib/gcc/arm-none-eabi/14.3.1/../../../../arm-none-eabi/lib/thumb/v7e-m+fp/hard\libc_nano.a(libc_a-exit.o)
                              C:/ST/STM32CubeIDE_2.1.1/STM32CubeIDE/plugins/com.st.stm32cube.ide.mcu.externaltools.gnu-tools-for-stm32.14.3.rel1.win32_1.0.100.202602081740/tools/bin/../lib/gcc/arm-none-eabi/14.3.1/../../../../arm-none-eabi/lib/thumb/v7e-m+fp/hard/crt0.o (exit)
C:/ST/STM32CubeIDE_2.1.1/STM32CubeIDE/plugins/com.st.stm32cube.ide.mcu.externaltools.gnu-tools-for-stm32.14.3.rel1.win32_1.0.100.202602081740/tools/bin/../lib/gcc/arm-none-eabi/14.3.1/../../../../arm-none-eabi/lib/thumb/v7e-m+fp/hard\libc_nano.a(libc_a-findfp.o)
                              C:/ST/STM32CubeIDE_2.1.1/STM32CubeIDE/plugins/com.st.stm32cube.ide.mcu.externaltools.gnu-tools-for-stm32.14.3.rel1.win32_1.0.100.202602081740/tools/bin/../lib/gcc/arm-none-eabi/14.3.1/../../../../arm-none-eabi/lib/thumb/v7e-m+fp/hard\libc_nano.a(libc_a-exit.o) (__stdio_exit_handler)
C:/ST/STM32CubeIDE_2.1.1/STM32CubeIDE/plugins/com.st.stm32cube.ide.mcu.externaltools.gnu-tools-for-stm32.14.3.rel1.win32_1.0.100.202602081740/tools/bin/../lib/gcc/arm-none-eabi/14.3.1/../../../../arm-none-eabi/lib/thumb/v7e-m+fp/hard\libc_nano.a(libc_a-fwalk.o)
                              C:/ST/STM32CubeIDE_2.1.1/STM32CubeIDE/plugins/com.st.stm32cube.ide.mcu.externaltools.gnu-tools-for-stm32.14.3.rel1.win32_1.0.100.202602081740/tools/bin/../lib/gcc/arm-none-eabi/14.3.1/../../../../arm-none-eabi/lib/thumb/v7e-m+fp/hard\libc_nano.a(libc_a-findfp.o) (_fwalk_sglue)
C:/ST/STM32CubeIDE_2.1.1/STM32CubeIDE/plugins/com.st.stm32cube.ide.mcu.externaltools.gnu-tools-for-stm32.14.3.rel1.win32_1.0.100.202602081740/tools/bin/../lib/gcc/arm-none-eabi/14.3.1/../../../../arm-none-eabi/lib/thumb/v7e-m+fp/hard\libc_nano.a(libc_a-snprintf.o)
                              ./Core/Src/can_rx_task.o (snprintf)
C:/ST/STM32CubeIDE_2.1.1/STM32CubeIDE/plugins/com.st.stm32cube.ide.mcu.externaltools.gnu-tools-for-stm32.14.3.rel1.win32_1.0.100.202602081740/tools/bin/../lib/gcc/arm-none-eabi/14.3.1/../../../../arm-none-eabi/lib/thumb/v7e-m+fp/hard\libc_nano.a(libc_a-stdio.o)
                              C:/ST/STM32CubeIDE_2.1.1/STM32CubeIDE/plugins/com.st.stm32cube.ide.mcu.externaltools.gnu-tools-for-stm32.14.3.rel1.win32_1.0.100.202602081740/tools/bin/../lib/gcc/arm-none-eabi/14.3.1/../../../../arm-none-eabi/lib/thumb/v7e-m+fp/hard\libc_nano.a(libc_a-findfp.o) (__sread)
C:/ST/STM32CubeIDE_2.1.1/STM32CubeIDE/plugins/com.st.stm32cube.ide.mcu.externaltools.gnu-tools-for-stm32.14.3.rel1.win32_1.0.100.202602081740/tools/bin/../lib/gcc/arm-none-eabi/14.3.1/../../../../arm-none-eabi/lib/thumb/v7e-m+fp/hard\libc_nano.a(libc_a-vsnprintf.o)
                              ./Core/Src/debug_uart.o (vsnprintf)
C:/ST/STM32CubeIDE_2.1.1/STM32CubeIDE/plugins/com.st.stm32cube.ide.mcu.externaltools.gnu-tools-for-stm32.14.3.rel1.win32_1.0.100.202602081740/tools/bin/../lib/gcc/arm-none-eabi/14.3.1/../../../../arm-none-eabi/lib/thumb/v7e-m+fp/hard\libc_nano.a(libc_a-memset.o)
                              C:/ST/STM32CubeIDE_2.1.1/STM32CubeIDE/plugins/com.st.stm32cube.ide.mcu.externaltools.gnu-tools-for-stm32.14.3.rel1.win32_1.0.100.202602081740/tools/bin/../lib/gcc/arm-none-eabi/14.3.1/../../../../arm-none-eabi/lib/thumb/v7e-m+fp/hard/crt0.o (memset)
C:/ST/STM32CubeIDE_2.1.1/STM32CubeIDE/plugins/com.st.stm32cube.ide.mcu.externaltools.gnu-tools-for-stm32.14.3.rel1.win32_1.0.100.202602081740/tools/bin/../lib/gcc/arm-none-eabi/14.3.1/../../../../arm-none-eabi/lib/thumb/v7e-m+fp/hard\libc_nano.a(libc_a-closer.o)
                              C:/ST/STM32CubeIDE_2.1.1/STM32CubeIDE/plugins/com.st.stm32cube.ide.mcu.externaltools.gnu-tools-for-stm32.14.3.rel1.win32_1.0.100.202602081740/tools/bin/../lib/gcc/arm-none-eabi/14.3.1/../../../../arm-none-eabi/lib/thumb/v7e-m+fp/hard\libc_nano.a(libc_a-stdio.o) (_close_r)
C:/ST/STM32CubeIDE_2.1.1/STM32CubeIDE/plugins/com.st.stm32cube.ide.mcu.externaltools.gnu-tools-for-stm32.14.3.rel1.win32_1.0.100.202602081740/tools/bin/../lib/gcc/arm-none-eabi/14.3.1/../../../../arm-none-eabi/lib/thumb/v7e-m+fp/hard\libc_nano.a(libc_a-reent.o)
                              C:/ST/STM32CubeIDE_2.1.1/STM32CubeIDE/plugins/com.st.stm32cube.ide.mcu.externaltools.gnu-tools-for-stm32.14.3.rel1.win32_1.0.100.202602081740/tools/bin/../lib/gcc/arm-none-eabi/14.3.1/../../../../arm-none-eabi/lib/thumb/v7e-m+fp/hard\libc_nano.a(libc_a-closer.o) (errno)
C:/ST/STM32CubeIDE_2.1.1/STM32CubeIDE/plugins/com.st.stm32cube.ide.mcu.externaltools.gnu-tools-for-stm32.14.3.rel1.win32_1.0.100.202602081740/tools/bin/../lib/gcc/arm-none-eabi/14.3.1/../../../../arm-none-eabi/lib/thumb/v7e-m+fp/hard\libc_nano.a(libc_a-impure.o)
[...]
Memory Configuration

Name             Origin             Length             Attributes
CCMRAM           0x10000000         0x00010000         xrw
RAM              0x20000000         0x00030000         xrw
FLASH            0x08000000         0x00200000         xr
*default*        0x00000000         0xffffffff

Linker script and memory map

LOAD C:/ST/STM32CubeIDE_2.1.1/STM32CubeIDE/plugins/com.st.stm32cube.ide.mcu.externaltools.gnu-tools-for-stm32.14.3.rel1.win32_1.0.100.202602081740/tools/bin/../lib/gcc/arm-none-eabi/14.3.1/thumb/v7e-m+fp/hard/crti.o
LOAD C:/ST/STM32CubeIDE_2.1.1/STM32CubeIDE/plugins/com.st.stm32cube.ide.mcu.externaltools.gnu-tools-for-stm32.14.3.rel1.win32_1.0.100.202602081740/tools/bin/../lib/gcc/arm-none-eabi/14.3.1/thumb/v7e-m+fp/hard/crtbegin.o
LOAD C:/ST/STM32CubeIDE_2.1.1/STM32CubeIDE/plugins/com.st.stm32cube.ide.mcu.externaltools.gnu-tools-for-stm32.14.3.rel1.win32_1.0.100.202602081740/tools/bin/../lib/gcc/arm-none-eabi/14.3.1/../../../../arm-none-eabi/lib/thumb/v7e-m+fp/hard/crt0.o
LOAD ./Core/Src/buzzer.o
LOAD ./Core/Src/buzzerTask.o
LOAD ./Core/Src/can_rx_task.o
LOAD ./Core/Src/debug_uart.o
LOAD ./Core/Src/display_tasks.o
LOAD ./Core/Src/freertos.o
LOAD ./Core/Src/lcd.o
LOAD ./Core/Src/main.o
LOAD ./Core/Src/personDetect.o
LOAD ./Core/Src/stm32f4xx_hal_msp.o
LOAD ./Core/Src/stm32f4xx_it.o
LOAD ./Core/Src/syscalls.o
LOAD ./Core/Src/sysmem.o
LOAD ./Core/Src/system_stm32f4xx.o
LOAD ./Core/Src/ttc.o
LOAD ./Core/Src/turnJudgeTask.o
LOAD ./Core/Startup/startup_stm32f429zitx.o
LOAD ./Drivers/STM32F4xx_HAL_Driver/Src/stm32f4xx_hal.o
LOAD ./Drivers/STM32F4xx_HAL_Driver/Src/stm32f4xx_hal_cortex.o
LOAD ./Drivers/STM32F4xx_HAL_Driver/Src/stm32f4xx_hal_dma.o
LOAD ./Drivers/STM32F4xx_HAL_Driver/Src/stm32f4xx_hal_dma_ex.o
LOAD ./Drivers/STM32F4xx_HAL_Driver/Src/stm32f4xx_hal_eth.o
LOAD ./Drivers/STM32F4xx_HAL_Driver/Src/stm32f4xx_hal_exti.o
LOAD ./Drivers/STM32F4xx_HAL_Driver/Src/stm32f4xx_hal_flash.o
LOAD ./Drivers/STM32F4xx_HAL_Driver/Src/stm32f4xx_hal_flash_ex.o
LOAD ./Drivers/STM32F4xx_HAL_Driver/Src/stm32f4xx_hal_flash_ramfunc.o
LOAD ./Drivers/STM32F4xx_HAL_Driver/Src/stm32f4xx_hal_gpio.o
LOAD ./Drivers/STM32F4xx_HAL_Driver/Src/stm32f4xx_hal_pcd.o
LOAD ./Drivers/STM32F4xx_HAL_Driver/Src/stm32f4xx_hal_pcd_ex.o
LOAD ./Drivers/STM32F4xx_HAL_Driver/Src/stm32f4xx_hal_pwr.o
LOAD ./Drivers/STM32F4xx_HAL_Driver/Src/stm32f4xx_hal_pwr_ex.o
LOAD ./Drivers/STM32F4xx_HAL_Driver/Src/stm32f4xx_hal_rcc.o
LOAD ./Drivers/STM32F4xx_HAL_Driver/Src/stm32f4xx_hal_rcc_ex.o
LOAD ./Drivers/STM32F4xx_HAL_Driver/Src/stm32f4xx_hal_uart.o
LOAD ./Drivers/STM32F4xx_HAL_Driver/Src/stm32f4xx_ll_usb.o
LOAD ./Middlewares/Third_Party/FreeRTOS/Source/CMSIS_RTOS_V2/cmsis_os2.o
LOAD ./Middlewares/Third_Party/FreeRTOS/Source/croutine.o
LOAD ./Middlewares/Third_Party/FreeRTOS/Source/event_groups.o
LOAD ./Middlewares/Third_Party/FreeRTOS/Source/list.o
LOAD ./Middlewares/Third_Party/FreeRTOS/Source/queue.o
LOAD ./Middlewares/Third_Party/FreeRTOS/Source/stream_buffer.o
LOAD ./Middlewares/Third_Party/FreeRTOS/Source/tasks.o
LOAD ./Middlewares/Third_Party/FreeRTOS/Source/timers.o
LOAD ./Middlewares/Third_Party/FreeRTOS/Source/portable/GCC/ARM_CM4F/port.o
LOAD ./Middlewares/Third_Party/FreeRTOS/Source/portable/MemMang/heap_4.o
START GROUP
LOAD C:/ST/STM32CubeIDE_2.1.1/STM32CubeIDE/plugins/com.st.stm32cube.ide.mcu.externaltools.gnu-tools-for-stm32.14.3.rel1.win32_1.0.100.202602081740/tools/bin/../lib/gcc/arm-none-eabi/14.3.1/../../../../arm-none-eabi/lib/thumb/v7e-m+fp/hard\libc_nano.a
LOAD C:/ST/STM32CubeIDE_2.1.1/STM32CubeIDE/plugins/com.st.stm32cube.ide.mcu.externaltools.gnu-tools-for-stm32.14.3.rel1.win32_1.0.100.202602081740/tools/bin/../lib/gcc/arm-none-eabi/14.3.1/../../../../arm-none-eabi/lib/thumb/v7e-m+fp/hard\libm.a
END GROUP
START GROUP
LOAD C:/ST/STM32CubeIDE_2.1.1/STM32CubeIDE/plugins/com.st.stm32cube.ide.mcu.externaltools.gnu-tools-for-stm32.14.3.rel1.win32_1.0.100.202602081740/tools/bin/../lib/gcc/arm-none-eabi/14.3.1/thumb/v7e-m+fp/hard\libgcc.a
LOAD C:/ST/STM32CubeIDE_2.1.1/STM32CubeIDE/plugins/com.st.stm32cube.ide.mcu.externaltools.gnu-tools-for-stm32.14.3.rel1.win32_1.0.100.202602081740/tools/bin/../lib/gcc/arm-none-eabi/14.3.1/../../../../arm-none-eabi/lib/thumb/v7e-m+fp/hard\libc_nano.a
END GROUP
START GROUP
LOAD C:/ST/STM32CubeIDE_2.1.1/STM32CubeIDE/plugins/com.st.stm32cube.ide.mcu.externaltools.gnu-tools-for-stm32.14.3.rel1.win32_1.0.100.202602081740/tools/bin/../lib/gcc/arm-none-eabi/14.3.1/thumb/v7e-m+fp/hard\libgcc.a
LOAD C:/ST/STM32CubeIDE_2.1.1/STM32CubeIDE/plugins/com.st.stm32cube.ide.mcu.externaltools.gnu-tools-for-stm32.14.3.rel1.win32_1.0.100.202602081740/tools/bin/../lib/gcc/arm-none-eabi/14.3.1/../../../../arm-none-eabi/lib/thumb/v7e-m+fp/hard\libc_nano.a
LOAD C:/ST/STM32CubeIDE_2.1.1/STM32CubeIDE/plugins/com.st.stm32cube.ide.mcu.externaltools.gnu-tools-for-stm32.14.3.rel1.win32_1.0.100.202602081740/tools/bin/../lib/gcc/arm-none-eabi/14.3.1/../../../../arm-none-eabi/lib/thumb/v7e-m+fp/hard\libnosys.a
END GROUP
START GROUP
LOAD C:/ST/STM32CubeIDE_2.1.1/STM32CubeIDE/plugins/com.st.stm32cube.ide.mcu.externaltools.gnu-tools-for-stm32.14.3.rel1.win32_1.0.100.202602081740/tools/bin/../lib/gcc/arm-none-eabi/14.3.1/thumb/v7e-m+fp/hard\libgcc.a
LOAD C:/ST/STM32CubeIDE_2.1.1/STM32CubeIDE/plugins/com.st.stm32cube.ide.mcu.externaltools.gnu-tools-for-stm32.14.3.rel1.win32_1.0.100.202602081740/tools/bin/../lib/gcc/arm-none-eabi/14.3.1/../../../../arm-none-eabi/lib/thumb/v7e-m+fp/hard\libc_nano.a
LOAD C:/ST/STM32CubeIDE_2.1.1/STM32CubeIDE/plugins/com.st.stm32cube.ide.mcu.externaltools.gnu-tools-for-stm32.14.3.rel1.win32_1.0.100.202602081740/tools/bin/../lib/gcc/arm-none-eabi/14.3.1/../../../../arm-none-eabi/lib/thumb/v7e-m+fp/hard\libnosys.a
END GROUP
LOAD C:/ST/STM32CubeIDE_2.1.1/STM32CubeIDE/plugins/com.st.stm32cube.ide.mcu.externaltools.gnu-tools-for-stm32.14.3.rel1.win32_1.0.100.202602081740/tools/bin/../lib/gcc/arm-none-eabi/14.3.1/thumb/v7e-m+fp/hard/crtend.o
LOAD C:/ST/STM32CubeIDE_2.1.1/STM32CubeIDE/plugins/com.st.stm32cube.ide.mcu.externaltools.gnu-tools-for-stm32.14.3.rel1.win32_1.0.100.202602081740/tools/bin/../lib/gcc/arm-none-eabi/14.3.1/thumb/v7e-m+fp/hard/crtn.o
                0x20030000                        _estack = (ORIGIN (RAM) + LENGTH (RAM))
                0x00000200                        _Min_Heap_Size = 0x200
                0x00000400                        _Min_Stack_Size = 0x400

.isr_vector     0x08000000      0x1ac
                0x08000000                        . = ALIGN (0x4)
 *(.isr_vector)
 .isr_vector    0x08000000      0x1ac ./Core/Startup/startup_stm32f429zitx.o
                0x08000000                g_pfnVectors
                0x080001ac                        . = ALIGN (0x4)

.text           0x080001b0     0xd008
                0x080001b0                        . = ALIGN (0x4)
 *(.text)
 .text          0x080001b0       0x40 C:/ST/STM32CubeIDE_2.1.1/STM32CubeIDE/plugins/com.st.stm32cube.ide.mcu.externaltools.gnu-tools-for-stm32.14.3.rel1.win32_1.0.100.202602081740/tools/bin/../lib/gcc/arm-none-eabi/14.3.1/thumb/v7e-m+fp/hard/crtbegin.o
 .text          0x080001f0       0x10 C:/ST/STM32CubeIDE_2.1.1/STM32CubeIDE/plugins/com.st.stm32cube.ide.mcu.externaltools.gnu-tools-for-stm32.14.3.rel1.win32_1.0.100.202602081740/tools/bin/../lib/gcc/arm-none-eabi/14.3.1/../../../../arm-none-eabi/lib/thumb/v7e-m+fp/hard\libc_nano.a(libc_a-strlen.o)
                0x080001f0                strlen
 .text          0x08000200       0xa0 C:/ST/STM32CubeIDE_2.1.1/STM32CubeIDE/plugins/com.st.stm32cube.ide.mcu.externaltools.gnu-tools-for-stm32.14.3.rel1.win32_1.0.100.202602081740/tools/bin/../lib/gcc/arm-none-eabi/14.3.1/../../../../arm-none-eabi/lib/thumb/v7e-m+fp/hard\libc_nano.a(libc_a-memchr.o)
                0x08000200                memchr
 .text          0x080002a0      0x378 C:/ST/STM32CubeIDE_2.1.1/STM32CubeIDE/plugins/com.st.stm32cube.ide.mcu.externaltools.gnu-tools-for-stm32.14.3.rel1.win32_1.0.100.202602081740/tools/bin/../lib/gcc/arm-none-eabi/14.3.1/thumb/v7e-m+fp/hard\libgcc.a(_arm_addsubdf3.o)
                0x080002a0                __aeabi_drsub
                0x080002a8                __aeabi_dsub
                0x080002a8                __subdf3
                0x080002ac                __aeabi_dadd
                0x080002ac                __adddf3
                0x08000524                __floatunsidf
                0x08000524                __aeabi_ui2d
                0x08000544                __floatsidf
                0x08000544                __aeabi_i2d
                0x08000568                __aeabi_f2d
                0x08000568                __extendsfdf2
                0x080005ac                __floatundidf
                0x080005ac                __aeabi_ul2d
                0x080005bc                __floatdidf
                0x080005bc                __aeabi_l2d
 .text          0x08000618      0x424 C:/ST/STM32CubeIDE_2.1.1/STM32CubeIDE/plugins/com.st.stm32cube.ide.mcu.externaltools.gnu-tools-for-stm32.14.3.rel1.win32_1.0.100.202602081740/tools/bin/../lib/gcc/arm-none-eabi/14.3.1/thumb/v7e-m+fp/hard\libgcc.a(_arm_muldivdf3.o)
                0x08000618                __aeabi_dmul
                0x08000618                __muldf3
                0x0800086c                __divdf3
                0x0800086c                __aeabi_ddiv
 .text          0x08000a3c      0x110 C:/ST/STM32CubeIDE_2.1.1/STM32CubeIDE/plugins/com.st.stm32cube.ide.mcu.externaltools.gnu-tools-for-stm32.14.3.rel1.win32_1.0.100.202602081740/tools/bin/../lib/gcc/arm-none-eabi/14.3.1/thumb/v7e-m+fp/hard\libgcc.a(_arm_cmpdf2.o)
                0x08000a3c                __gtdf2
                0x08000a3c                __gedf2
                0x08000a44                __ltdf2
                0x08000a44                __ledf2
                0x08000a4c                __nedf2
                0x08000a4c                __eqdf2
                0x08000a4c                __cmpdf2
                0x08000ac8                __aeabi_cdrcmple
                0x08000ad8                __aeabi_cdcmpeq
                0x08000ad8                __aeabi_cdcmple
                0x08000ae8                __aeabi_dcmpeq
                0x08000afc                __aeabi_dcmplt
                0x08000b10                __aeabi_dcmple
                0x08000b24                __aeabi_dcmpge
                0x08000b38                __aeabi_dcmpgt
 .text          0x08000b4c       0x2c C:/ST/STM32CubeIDE_2.1.1/STM32CubeIDE/plugins/com.st.stm32cube.ide.mcu.externaltools.gnu-tools-for-stm32.14.3.rel1.win32_1.0.100.202602081740/tools/bin/../lib/gcc/arm-none-eabi/14.3.1/thumb/v7e-m+fp/hard\libgcc.a(_arm_unorddf2.o)
                0x08000b4c                __unorddf2
                0x08000b4c                __aeabi_dcmpun
 .text          0x08000b78       0x50 C:/ST/STM32CubeIDE_2.1.1/STM32CubeIDE/plugins/com.st.stm32cube.ide.mcu.externaltools.gnu-tools-for-stm32.14.3.rel1.win32_1.0.100.202602081740/tools/bin/../lib/gcc/arm-none-eabi/14.3.1/thumb/v7e-m+fp/hard\libgcc.a(_arm_fixdfsi.o)
                0x08000b78                __aeabi_d2iz
                0x08000b78                __fixdfsi
 .text          0x08000bc8       0x40 C:/ST/STM32CubeIDE_2.1.1/STM32CubeIDE/plugins/com.st.stm32cube.ide.mcu.externaltools.gnu-tools-for-stm32.14.3.rel1.win32_1.0.100.202602081740/tools/bin/../lib/gcc/arm-none-eabi/14.3.1/thumb/v7e-m+fp/hard\libgcc.a(_arm_fixunsdfsi.o)
                0x08000bc8                __aeabi_d2uiz
                0x08000bc8                __fixunsdfsi
 .text          0x08000c08       0x30 C:/ST/STM32CubeIDE_2.1.1/STM32CubeIDE/plugins/com.st.stm32cube.ide.mcu.externaltools.gnu-tools-for-stm32.14.3.rel1.win32_1.0.100.202602081740/tools/bin/../lib/gcc/arm-none-eabi/14.3.1/thumb/v7e-m+fp/hard\libgcc.a(_aeabi_uldivmod.o)
                0x08000c08                __aeabi_uldivmod
 .text          0x08000c38      0x2f8 C:/ST/STM32CubeIDE_2.1.1/STM32CubeIDE/plugins/com.st.stm32cube.ide.mcu.externaltools.gnu-tools-for-stm32.14.3.rel1.win32_1.0.100.202602081740/tools/bin/../lib/gcc/arm-none-eabi/14.3.1/thumb/v7e-m+fp/hard\libgcc.a(_udivmoddi4.o)
                0x08000c38                __udivmoddi4
 .text          0x08000f30        0x4 C:/ST/STM32CubeIDE_2.1.1/STM32CubeIDE/plugins/com.st.stm32cube.ide.mcu.externaltools.gnu-tools-for-stm32.14.3.rel1.win32_1.0.100.202602081740/tools/bin/../lib/gcc/arm-none-eabi/14.3.1/thumb/v7e-m+fp/hard\libgcc.a(_dvmd_tls.o)
                0x08000f30                __aeabi_idiv0
                0x08000f30                __aeabi_ldiv0
 *(.text*)
 .text.__NVIC_EnableIRQ
                0x08000f34       0x3c ./Core/Src/buzzer.o
 .text.__NVIC_SetPriority
                0x08000f70       0x54 ./Core/Src/buzzer.o
 .text.Buzzer_GPIO_Init
                0x08000fc4       0x5c ./Core/Src/buzzer.o
                0x08000fc4                Buzzer_GPIO_Init
 .text.TIM7_Buzzer_Init
                0x08001020       0x68 ./Core/Src/buzzer.o
                0x08001020                TIM7_Buzzer_Init
 .text.Buzzer_Stop
                0x08001088       0x54 ./Core/Src/buzzer.o
                0x08001088                Buzzer_Stop
 .text.Buzzer_StartTone_Force
                0x080010dc       0xd8 ./Core/Src/buzzer.o
 .text.Buzzer_Play_ms
                0x080011b4       0x38 ./Core/Src/buzzer.o
                0x080011b4                Buzzer_Play_ms
 .text.TIM7_Buzzer_IRQHandler
                0x080011ec       0xf0 ./Core/Src/buzzer.o
                0x080011ec                TIM7_Buzzer_IRQHandler
 .text.BuzzerTask
                0x080012dc       0x34 ./Core/Src/buzzerTask.o
 .text.BuzzerTask_Init
                0x08001310       0x24 ./Core/Src/buzzerTask.o
                0x08001310                BuzzerTask_Init
 .text.__NVIC_EnableIRQ
                0x08001334       0x3c ./Core/Src/can_rx_task.o
 .text.__NVIC_SetPriority
                0x08001370       0x54 ./Core/Src/can_rx_task.o
 .text.CAN_Config
                0x080013c4      0x13c ./Core/Src/can_rx_task.o
                0x080013c4                CAN_Config
 .text.CAN_Rx   0x08001500      0x288 ./Core/Src/can_rx_task.o
 .text.CanRx_DebugPrintMsg4
                0x08001788       0x8c ./Core/Src/can_rx_task.o
 .text.CanRx_HandleFrame
                0x08001814      0x428 ./Core/Src/can_rx_task.o
 .text.CanRxTask
                0x08001c3c       0x5c ./Core/Src/can_rx_task.o
 .text.CanRxTask_Init
                0x08001c98       0x24 ./Core/Src/can_rx_task.o
                0x08001c98                CanRxTask_Init
 .text.CAN1_RX0_IRQHandler
                0x08001cbc       0x58 ./Core/Src/can_rx_task.o
                0x08001cbc                CAN1_RX0_IRQHandler
 .text.Uart3_Vprintf
                0x08001d14       0x5e ./Core/Src/debug_uart.o
 *fill*         0x08001d72        0x2 
 .text.UART3_Send_Byte
                0x08001d74       0x48 ./Core/Src/debug_uart.o
                0x08001d74                UART3_Send_Byte
 .text.UART3_Send_String
                0x08001dbc       0x44 ./Core/Src/debug_uart.o
                0x08001dbc                UART3_Send_String
 .text.Uart3_Logf
                0x08001e00       0x30 ./Core/Src/debug_uart.o
                0x08001e00                Uart3_Logf
 .text.Display_LockLcd
                0x08001e30       0x24 ./Core/Src/display_tasks.o
 .text.Display_UnlockLcd
                0x08001e54       0x24 ./Core/Src/display_tasks.o
 .text.Dicision_ToTurnDirection
                0x08001e78       0x3e ./Core/Src/display_tasks.o
 .text.Dicision_ToWarningMask
                0x08001eb6       0xd6 ./Core/Src/display_tasks.o
 .text.TlDisplayTask
                0x08001f8c       0x54 ./Core/Src/display_tasks.o
                0x08001f8c                TlDisplayTask
 .text.DicisionDisplayTask
                0x08001fe0      0x120 ./Core/Src/display_tasks.o
                0x08001fe0                DicisionDisplayTask
 .text.DisplayTasks_Init
                0x08002100       0x84 ./Core/Src/display_tasks.o
                0x08002100                DisplayTasks_Init
 .text.GPIO_SetAF
                0x08002184       0xe4 ./Core/Src/lcd.o
 .text.GPIO_SetOutput
                0x08002268       0x80 ./Core/Src/lcd.o
 .text.SPI_Init
                0x080022e8       0xac ./Core/Src/lcd.o
 .text.SPI_SendByte
                0x08002394       0x50 ./Core/Src/lcd.o
 .text.LCD_WriteCommand
                0x080023e4       0x38 ./Core/Src/lcd.o
 .text.LCD_WriteData
                0x0800241c       0x38 ./Core/Src/lcd.o
 .text.LCD_Init
                0x08002454      0x1d8 ./Core/Src/lcd.o
                0x08002454                LCD_Init
 .text.LCD_SetAddrWindow
                0x0800262c       0x78 ./Core/Src/lcd.o
 .text.LCD_FillRect
                0x080026a4       0xcc ./Core/Src/lcd.o
 .text.LCD_FillScreen
                0x08002770       0x22 ./Core/Src/lcd.o
 .text.LCD_DrawPixel
                0x08002792       0x4c ./Core/Src/lcd.o
 .text.abs16    0x080027de       0x2c ./Core/Src/lcd.o
 .text.LCD_DrawLine
                0x0800280a       0xfe ./Core/Src/lcd.o
 .text.LCD_FillCircle
                0x08002908      0x11e ./Core/Src/lcd.o
 .text.swap_i16
                0x08002a26       0x2c ./Core/Src/lcd.o
 .text.LCD_FillTriangle
                0x08002a52      0x330 ./Core/Src/lcd.o
 *fill*         0x08002d82        0x2 
 .text.Font_Find
                0x08002d84       0x54 ./Core/Src/lcd.o
 .text.LCD_DrawChar
                0x08002dd8       0xb2 ./Core/Src/lcd.o
 .text.LCD_DrawString
                0x08002e8a       0x66 ./Core/Src/lcd.o
 .text.Icon_Car
                0x08002ef0       0x4a ./Core/Src/lcd.o
 .text.Icon_Pedestrian
                0x08002f3a       0xe0 ./Core/Src/lcd.o
 .text.Icon_TrafficLight
                0x0800301a       0x76 ./Core/Src/lcd.o
 .text.Icon_Warning
                0x08003090       0x46 ./Core/Src/lcd.o
 .text.Icon_ArrowRightTurn
                0x080030d6       0x56 ./Core/Src/lcd.o
 .text.Icon_ArrowLeftTurn
                0x0800312c       0x56 ./Core/Src/lcd.o
 .text.Icon_ArrowStraight
                0x08003182       0x3a ./Core/Src/lcd.o
 .text.Dashboard_DrawSignalDots
                0x080031bc       0x7a ./Core/Src/lcd.o
                0x080031bc                Dashboard_DrawSignalDots
 *fill*         0x08003236        0x2 
 .text.Dashboard_DrawCountdown
                0x08003238       0x5c ./Core/Src/lcd.o
 .text.Dashboard_UpdateCountdown
                0x08003294       0x2a ./Core/Src/lcd.o
                0x08003294                Dashboard_UpdateCountdown
 *fill*         0x080032be        0x2 
 .text.Dashboard_DrawDirection
                0x080032c0       0x90 ./Core/Src/lcd.o
                0x080032c0                Dashboard_DrawDirection
 .text.Dashboard_DrawWarnings
                0x08003350      0x290 ./Core/Src/lcd.o
                0x08003350                Dashboard_DrawWarnings
 .text.Dashboard_DrawStatic
                0x080035e0       0x8c ./Core/Src/lcd.o
                0x080035e0                Dashboard_DrawStatic
 .text.main     0x0800366c      0x108 ./Core/Src/main.o
                0x0800366c                main
 .text.SystemClock_Config
                0x08003774       0xd4 ./Core/Src/main.o
                0x08003774                SystemClock_Config
 .text.MX_USART3_UART_Init
                0x08003848       0x54 ./Core/Src/main.o
 .text.MX_USB_OTG_FS_PCD_Init
                0x0800389c       0x5c ./Core/Src/main.o
 .text.MX_GPIO_Init
                0x080038f8      0x15c ./Core/Src/main.o
 .text.StartDefaultTask
                0x08003a54       0x10 ./Core/Src/main.o
                0x08003a54                StartDefaultTask
 .text.Error_Handler
                0x08003a64        0xc ./Core/Src/main.o
                0x08003a64                Error_Handler
 .text.__NVIC_EnableIRQ
                0x08003a70       0x3c ./Core/Src/personDetect.o
 .text.__NVIC_SetPriority
                0x08003aac       0x54 ./Core/Src/personDetect.o
 .text.LED_Init
                0x08003b00       0x3c ./Core/Src/personDetect.o
 .text.UART4_Init
                0x08003b3c       0xb8 ./Core/Src/personDetect.o
                0x08003b3c                UART4_Init
 .text.UART4_IRQHandler
                0x08003bf4      0x1a0 ./Core/Src/personDetect.o
                0x08003bf4                UART4_IRQHandler
 .text.PersonFlag_Init
                0x08003d94       0x10 ./Core/Src/personDetect.o
                0x08003d94                PersonFlag_Init
 .text.PersonFlag_GetDebugSnapshot
                0x08003da4       0x9c ./Core/Src/personDetect.o
                0x08003da4                PersonFlag_GetDebugSnapshot
 .text.HAL_MspInit
                0x08003e40       0x58 ./Core/Src/stm32f4xx_hal_msp.o
                0x08003e40                HAL_MspInit
 .text.HAL_UART_MspInit
                0x08003e98       0x90 ./Core/Src/stm32f4xx_hal_msp.o
                0x08003e98                HAL_UART_MspInit
 .text.HAL_PCD_MspInit
                0x08003f28       0xb4 ./Core/Src/stm32f4xx_hal_msp.o
                0x08003f28                HAL_PCD_MspInit
 .text.NMI_Handler
                0x08003fdc        0x8 ./Core/Src/stm32f4xx_it.o
                0x08003fdc                NMI_Handler
 .text.HardFault_Handler
                0x08003fe4        0x8 ./Core/Src/stm32f4xx_it.o
                0x08003fe4                HardFault_Handler
 .text.MemManage_Handler
                0x08003fec        0x8 ./Core/Src/stm32f4xx_it.o
                0x08003fec                MemManage_Handler
 .text.BusFault_Handler
                0x08003ff4        0x8 ./Core/Src/stm32f4xx_it.o
                0x08003ff4                BusFault_Handler
 .text.UsageFault_Handler
                0x08003ffc        0x8 ./Core/Src/stm32f4xx_it.o
                0x08003ffc                UsageFault_Handler
 .text.DebugMon_Handler
                0x08004004        0xe ./Core/Src/stm32f4xx_it.o
                0x08004004                DebugMon_Handler
 .text.SysTick_Handler
                0x08004012       0x1a ./Core/Src/stm32f4xx_it.o
                0x08004012                SysTick_Handler
 .text.TIM7_IRQHandler
                0x0800402c        0xc ./Core/Src/stm32f4xx_it.o
                0x0800402c                TIM7_IRQHandler
 .text._sbrk    0x08004038       0x6c ./Core/Src/sysmem.o
                0x08004038                _sbrk
 .text.SystemInit
                0x080040a4       0x24 ./Core/Src/system_stm32f4xx.o
                0x080040a4                SystemInit
 .text.get_distance
                0x080040c8       0xb0 ./Core/Src/ttc.o
                0x080040c8                get_distance
 .text.speed_m_per_min_to_m_per_sec
                0x08004178       0x44 ./Core/Src/ttc.o
 *fill*         0x080041bc        0x4 
 .text.dist_cm_to_m
                0x080041c0       0x38 ./Core/Src/ttc.o
 .text.compute_arc_distance_by_heading
                0x080041f8      0x238 ./Core/Src/ttc.o
 .text.calculate_Ego_TTC
                0x08004430      0x12c ./Core/Src/ttc.o
                0x08004430                calculate_Ego_TTC
 *fill*         0x0800455c        0x4 
 .text.calculate_Cand_TTC
                0x08004560      0x124 ./Core/Src/ttc.o
                0x08004560                calculate_Cand_TTC
 .text.JudgeRightTurnLeftStraight
                0x08004684       0x96 ./Core/Src/turnJudgeTask.o
 .text.JudgeRightTurnOppLeft
                0x0800471a       0x18 ./Core/Src/turnJudgeTask.o
 *fill*         0x08004732        0x6 
 .text.RightTurn_DebugPrintLeftStraight
                0x08004738      0x1b0 ./Core/Src/turnJudgeTask.o
 .text.BuildRightTurnDecision
                0x080048e8       0x86 ./Core/Src/turnJudgeTask.o
 .text.JudgeLeftTurnTlTime
                0x0800496e       0x78 ./Core/Src/turnJudgeTask.o
 *fill*         0x080049e6        0x2 
 .text.BuildLeftTurnDecision
                0x080049e8       0xc0 ./Core/Src/turnJudgeTask.o
 .text.JudgeLeftTurnOppStraight
                0x08004aa8       0x98 ./Core/Src/turnJudgeTask.o
 .text.JudgeLeftTurnOppRight
                0x08004b40       0x98 ./Core/Src/turnJudgeTask.o
 .text.TtcToCentisec
                0x08004bd8       0x8c ./Core/Src/turnJudgeTask.o
 .text.LeftTurn_DebugPrintTlTime
                0x08004c64      0x12c ./Core/Src/turnJudgeTask.o
 .text.LeftTurn_DebugPrintCandidate
                0x08004d90      0x2a4 ./Core/Src/turnJudgeTask.o
 .text.DebugPrintTtcValue
                0x08005034       0x6c ./Core/Src/turnJudgeTask.o
 .text.DecisionWarningMask
                0x080050a0       0x7a ./Core/Src/turnJudgeTask.o
 .text.DecisionBuzzerMask
                0x0800511a       0x7a ./Core/Src/turnJudgeTask.o
 .text.AppendDecisionReason
                0x08005194       0x70 ./Core/Src/turnJudgeTask.o
 .text.BuildDecisionReason
                0x08005204      0x1e8 ./Core/Src/turnJudgeTask.o
 .text.DecisionChange_InfoPrint
                0x080053ec      0x268 ./Core/Src/turnJudgeTask.o
 .text.TurnJudge_DebugPrint
                0x08005654      0x234 ./Core/Src/turnJudgeTask.o
 .text.IsSameDicision
                0x08005888       0x88 ./Core/Src/turnJudgeTask.o
 .text.TurnJudgeTask
                0x08005910      0x220 ./Core/Src/turnJudgeTask.o
 .text.TurnJudgeTask_Init
                0x08005b30       0x24 ./Core/Src/turnJudgeTask.o
                0x08005b30                TurnJudgeTask_Init
 .text.Reset_Handler
                0x08005b54       0x50 ./Core/Startup/startup_stm32f429zitx.o
                0x08005b54                Reset_Handler
 .text.Default_Handler
                0x08005ba4        0x2 ./Core/Startup/startup_stm32f429zitx.o
                0x08005ba4                RTC_Alarm_IRQHandler
                0x08005ba4                HASH_RNG_IRQHandler
                0x08005ba4                EXTI2_IRQHandler
                0x08005ba4                TIM8_CC_IRQHandler
                0x08005ba4                UART8_IRQHandler
                0x08005ba4                SPI4_IRQHandler
                0x08005ba4                TIM1_CC_IRQHandler
                0x08005ba4                DMA2_Stream5_IRQHandler
                0x08005ba4                DMA1_Stream5_IRQHandler
                0x08005ba4                PVD_IRQHandler
                0x08005ba4                SDIO_IRQHandler
                0x08005ba4                TAMP_STAMP_IRQHandler
                0x08005ba4                CAN2_RX1_IRQHandler
                0x08005ba4                EXTI3_IRQHandler
                0x08005ba4                TIM8_TRG_COM_TIM14_IRQHandler
                0x08005ba4                TIM1_UP_TIM10_IRQHandler
                0x08005ba4                TIM8_UP_TIM13_IRQHandler
                0x08005ba4                I2C3_ER_IRQHandler
                0x08005ba4                EXTI0_IRQHandler
                0x08005ba4                I2C2_EV_IRQHandler
                0x08005ba4                DMA1_Stream2_IRQHandler
                0x08005ba4                FPU_IRQHandler
                0x08005ba4                OTG_HS_WKUP_IRQHandler
                0x08005ba4                LTDC_ER_IRQHandler
                0x08005ba4                CAN2_SCE_IRQHandler
                0x08005ba4                DMA2_Stream2_IRQHandler
                0x08005ba4                SPI1_IRQHandler
                0x08005ba4                TIM6_DAC_IRQHandler
                0x08005ba4                TIM1_BRK_TIM9_IRQHandler
                0x08005ba4                DCMI_IRQHandler
                0x08005ba4                CAN2_RX0_IRQHandler
                0x08005ba4                DMA2_Stream3_IRQHandler
                0x08005ba4                USART6_IRQHandler
                0x08005ba4                USART3_IRQHandler
                0x08005ba4                CAN1_RX1_IRQHandler
                0x08005ba4                UART5_IRQHandler
                0x08005ba4                DMA2_Stream0_IRQHandler
                0x08005ba4                TIM4_IRQHandler
                0x08005ba4                I2C1_EV_IRQHandler
                0x08005ba4                DMA1_Stream6_IRQHandler
                0x08005ba4                DMA1_Stream1_IRQHandler
                0x08005ba4                TIM3_IRQHandler
                0x08005ba4                RCC_IRQHandler
                0x08005ba4                TIM8_BRK_TIM12_IRQHandler
                0x08005ba4                Default_Handler
                0x08005ba4                EXTI15_10_IRQHandler
                0x08005ba4                ADC_IRQHandler
                0x08005ba4                DMA1_Stream7_IRQHandler
                0x08005ba4                SPI5_IRQHandler
                0x08005ba4                CAN2_TX_IRQHandler
                0x08005ba4                TIM5_IRQHandler
                0x08005ba4                DMA2_Stream7_IRQHandler
                0x08005ba4                I2C3_EV_IRQHandler
                0x08005ba4                EXTI9_5_IRQHandler
                0x08005ba4                RTC_WKUP_IRQHandler
                0x08005ba4                LTDC_IRQHandler
                0x08005ba4                ETH_WKUP_IRQHandler
                0x08005ba4                SPI2_IRQHandler
                0x08005ba4                OTG_HS_EP1_IN_IRQHandler
                0x08005ba4                DMA1_Stream0_IRQHandler
                0x08005ba4                CAN1_TX_IRQHandler
                0x08005ba4                EXTI4_IRQHandler
                0x08005ba4                ETH_IRQHandler
                0x08005ba4                OTG_HS_EP1_OUT_IRQHandler
                0x08005ba4                WWDG_IRQHandler
                0x08005ba4                SPI6_IRQHandler
                0x08005ba4                TIM2_IRQHandler
                0x08005ba4                OTG_FS_WKUP_IRQHandler
                0x08005ba4                TIM1_TRG_COM_TIM11_IRQHandler
                0x08005ba4                OTG_HS_IRQHandler
                0x08005ba4                DMA2D_IRQHandler
                0x08005ba4                EXTI1_IRQHandler
                0x08005ba4                UART7_IRQHandler
                0x08005ba4                USART2_IRQHandler
                0x08005ba4                I2C2_ER_IRQHandler
                0x08005ba4                DMA2_Stream1_IRQHandler
                0x08005ba4                CAN1_SCE_IRQHandler
                0x08005ba4                FLASH_IRQHandler
                0x08005ba4                DMA2_Stream4_IRQHandler
                0x08005ba4                USART1_IRQHandler
                0x08005ba4                OTG_FS_IRQHandler
                0x08005ba4                SPI3_IRQHandler
                0x08005ba4                DMA1_Stream4_IRQHandler
                0x08005ba4                I2C1_ER_IRQHandler
                0x08005ba4                FMC_IRQHandler
                0x08005ba4                DMA2_Stream6_IRQHandler
                0x08005ba4                SAI1_IRQHandler
                0x08005ba4                DMA1_Stream3_IRQHandler
 *fill*         0x08005ba6        0x2 
 .text.HAL_Init
                0x08005ba8       0x44 ./Drivers/STM32F4xx_HAL_Driver/Src/stm32f4xx_hal.o
                0x08005ba8                HAL_Init
 .text.HAL_InitTick
                0x08005bec       0x60 ./Drivers/STM32F4xx_HAL_Driver/Src/stm32f4xx_hal.o
                0x08005bec                HAL_InitTick
 .text.HAL_IncTick
                0x08005c4c       0x28 ./Drivers/STM32F4xx_HAL_Driver/Src/stm32f4xx_hal.o
                0x08005c4c                HAL_IncTick
 .text.HAL_GetTick
                0x08005c74       0x18 ./Drivers/STM32F4xx_HAL_Driver/Src/stm32f4xx_hal.o
                0x08005c74                HAL_GetTick
 .text.HAL_Delay
                0x08005c8c       0x48 ./Drivers/STM32F4xx_HAL_Driver/Src/stm32f4xx_hal.o
                0x08005c8c                HAL_Delay
 .text.__NVIC_SetPriorityGrouping
                0x08005cd4       0x48 ./Drivers/STM32F4xx_HAL_Driver/Src/stm32f4xx_hal_cortex.o
 .text.__NVIC_GetPriorityGrouping
                0x08005d1c       0x1c ./Drivers/STM32F4xx_HAL_Driver/Src/stm32f4xx_hal_cortex.o
 .text.__NVIC_SetPriority
                0x08005d38       0x54 ./Drivers/STM32F4xx_HAL_Driver/Src/stm32f4xx_hal_cortex.o
 .text.NVIC_EncodePriority
                0x08005d8c       0x66 ./Drivers/STM32F4xx_HAL_Driver/Src/stm32f4xx_hal_cortex.o
 *fill*         0x08005df2        0x2 
 .text.SysTick_Config
                0x08005df4       0x44 ./Drivers/STM32F4xx_HAL_Driver/Src/stm32f4xx_hal_cortex.o
 .text.HAL_NVIC_SetPriorityGrouping
                0x08005e38       0x16 ./Drivers/STM32F4xx_HAL_Driver/Src/stm32f4xx_hal_cortex.o
                0x08005e38                HAL_NVIC_SetPriorityGrouping
 .text.HAL_NVIC_SetPriority
                0x08005e4e       0x38 ./Drivers/STM32F4xx_HAL_Driver/Src/stm32f4xx_hal_cortex.o
                0x08005e4e                HAL_NVIC_SetPriority
 .text.HAL_SYSTICK_Config
                0x08005e86       0x18 ./Drivers/STM32F4xx_HAL_Driver/Src/stm32f4xx_hal_cortex.o
                0x08005e86                HAL_SYSTICK_Config
 *fill*         0x08005e9e        0x2 
 .text.HAL_GPIO_Init
                0x08005ea0      0x358 ./Drivers/STM32F4xx_HAL_Driver/Src/stm32f4xx_hal_gpio.o
                0x08005ea0                HAL_GPIO_Init
 .text.HAL_GPIO_WritePin
                0x080061f8       0x32 ./Drivers/STM32F4xx_HAL_Driver/Src/stm32f4xx_hal_gpio.o
                0x080061f8                HAL_GPIO_WritePin
 .text.HAL_PCD_Init
                0x0800622a      0x21e ./Drivers/STM32F4xx_HAL_Driver/Src/stm32f4xx_hal_pcd.o
                0x0800622a                HAL_PCD_Init
 .text.HAL_RCC_OscConfig
                0x08006448      0x4f0 ./Drivers/STM32F4xx_HAL_Driver/Src/stm32f4xx_hal_rcc.o
                0x08006448                HAL_RCC_OscConfig
 .text.HAL_RCC_ClockConfig
                0x08006938      0x1cc ./Drivers/STM32F4xx_HAL_Driver/Src/stm32f4xx_hal_rcc.o
                0x08006938                HAL_RCC_ClockConfig
 .text.HAL_RCC_GetSysClockFreq
                0x08006b04      0x20c ./Drivers/STM32F4xx_HAL_Driver/Src/stm32f4xx_hal_rcc.o
                0x08006b04                HAL_RCC_GetSysClockFreq
 .text.HAL_RCC_GetHCLKFreq
                0x08006d10       0x18 ./Drivers/STM32F4xx_HAL_Driver/Src/stm32f4xx_hal_rcc.o
                0x08006d10                HAL_RCC_GetHCLKFreq
 .text.HAL_RCC_GetPCLK1Freq
                0x08006d28       0x28 ./Drivers/STM32F4xx_HAL_Driver/Src/stm32f4xx_hal_rcc.o
                0x08006d28                HAL_RCC_GetPCLK1Freq
 .text.HAL_RCC_GetPCLK2Freq
                0x08006d50       0x28 ./Drivers/STM32F4xx_HAL_Driver/Src/stm32f4xx_hal_rcc.o
                0x08006d50                HAL_RCC_GetPCLK2Freq
 .text.HAL_UART_Init
                0x08006d78       0xa0 ./Drivers/STM32F4xx_HAL_Driver/Src/stm32f4xx_hal_uart.o
                0x08006d78                HAL_UART_Init
 .text.UART_SetConfig
                0x08006e18      0x4e8 ./Drivers/STM32F4xx_HAL_Driver/Src/stm32f4xx_hal_uart.o
 .text.USB_CoreInit
                0x08007300       0xc8 ./Drivers/STM32F4xx_HAL_Driver/Src/stm32f4xx_ll_usb.o
                0x08007300                USB_CoreInit
 .text.USB_DisableGlobalInt
                0x080073c8       0x22 ./Drivers/STM32F4xx_HAL_Driver/Src/stm32f4xx_ll_usb.o
                0x080073c8                USB_DisableGlobalInt
 .text.USB_SetCurrentMode
                0x080073ea       0x98 ./Drivers/STM32F4xx_HAL_Driver/Src/stm32f4xx_ll_usb.o
                0x080073ea                USB_SetCurrentMode
 *fill*         0x08007482        0x2 
 .text.USB_DevInit
                0x08007484      0x2c8 ./Drivers/STM32F4xx_HAL_Driver/Src/stm32f4xx_ll_usb.o
                0x08007484                USB_DevInit
 .text.USB_FlushTxFifo
                0x0800774c       0x64 ./Drivers/STM32F4xx_HAL_Driver/Src/stm32f4xx_ll_usb.o
                0x0800774c                USB_FlushTxFifo
 .text.USB_FlushRxFifo
                0x080077b0       0x5c ./Drivers/STM32F4xx_HAL_Driver/Src/stm32f4xx_ll_usb.o
                0x080077b0                USB_FlushRxFifo
 .text.USB_SetDevSpeed
                0x0800780c       0x32 ./Drivers/STM32F4xx_HAL_Driver/Src/stm32f4xx_ll_usb.o
                0x0800780c                USB_SetDevSpeed
 .text.USB_DevDisconnect
                0x0800783e       0x42 ./Drivers/STM32F4xx_HAL_Driver/Src/stm32f4xx_ll_usb.o
                0x0800783e                USB_DevDisconnect
 .text.USB_GetMode
                0x08007880       0x1c ./Drivers/STM32F4xx_HAL_Driver/Src/stm32f4xx_ll_usb.o
                0x08007880                USB_GetMode
 .text.USB_CoreReset
                0x0800789c       0x70 ./Drivers/STM32F4xx_HAL_Driver/Src/stm32f4xx_ll_usb.o
 .text.__NVIC_SetPriority
                0x0800790c       0x54 ./Middlewares/Third_Party/FreeRTOS/Source/CMSIS_RTOS_V2/cmsis_os2.o
 .text.SVC_Setup
                0x08007960       0x12 ./Middlewares/Third_Party/FreeRTOS/Source/CMSIS_RTOS_V2/cmsis_os2.o
 *fill*         0x08007972        0x2 
 .text.osKernelInitialize
                0x08007974       0x48 ./Middlewares/Third_Party/FreeRTOS/Source/CMSIS_RTOS_V2/cmsis_os2.o
                0x08007974                osKernelInitialize
 .text.osKernelStart
                0x080079bc       0x4c ./Middlewares/Third_Party/FreeRTOS/Source/CMSIS_RTOS_V2/cmsis_os2.o
                0x080079bc                osKernelStart
 .text.osThreadNew
                0x08007a08      0x124 ./Middlewares/Third_Party/FreeRTOS/Source/CMSIS_RTOS_V2/cmsis_os2.o
                0x08007a08                osThreadNew
 .text.osDelay  0x08007b2c       0x36 ./Middlewares/Third_Party/FreeRTOS/Source/CMSIS_RTOS_V2/cmsis_os2.o
                0x08007b2c                osDelay
 *fill*         0x08007b62        0x2 
 .text.vApplicationGetIdleTaskMemory
                0x08007b64       0x34 ./Middlewares/Third_Party/FreeRTOS/Source/CMSIS_RTOS_V2/cmsis_os2.o
                0x08007b64                vApplicationGetIdleTaskMemory
 .text.vApplicationGetTimerTaskMemory
                0x08007b98       0x34 ./Middlewares/Third_Party/FreeRTOS/Source/CMSIS_RTOS_V2/cmsis_os2.o
                0x08007b98                vApplicationGetTimerTaskMemory
 .text.vListInitialise
                0x08007bcc       0x40 ./Middlewares/Third_Party/FreeRTOS/Source/list.o
                0x08007bcc                vListInitialise
 .text.vListInitialiseItem
                0x08007c0c       0x1a ./Middlewares/Third_Party/FreeRTOS/Source/list.o
                0x08007c0c                vListInitialiseItem
 .text.vListInsertEnd
                0x08007c26       0x48 ./Middlewares/Third_Party/FreeRTOS/Source/list.o
                0x08007c26                vListInsertEnd
 .text.vListInsert
                0x08007c6e       0x72 ./Middlewares/Third_Party/FreeRTOS/Source/list.o
                0x08007c6e                vListInsert
 .text.uxListRemove
                0x08007ce0       0x54 ./Middlewares/Third_Party/FreeRTOS/Source/list.o
                0x08007ce0                uxListRemove
 .text.xQueueGenericReset
                0x08007d34       0xd4 ./Middlewares/Third_Party/FreeRTOS/Source/queue.o
                0x08007d34                xQueueGenericReset
 .text.xQueueGenericCreateStatic
                0x08007e08       0xfa ./Middlewares/Third_Party/FreeRTOS/Source/queue.o
                0x08007e08                xQueueGenericCreateStatic
 .text.xQueueGenericCreate
                0x08007f02       0x76 ./Middlewares/Third_Party/FreeRTOS/Source/queue.o
                0x08007f02                xQueueGenericCreate
 .text.prvInitialiseNewQueue
                0x08007f78       0x46 ./Middlewares/Third_Party/FreeRTOS/Source/queue.o
 .text.prvInitialiseMutex
                0x08007fbe       0x34 ./Middlewares/Third_Party/FreeRTOS/Source/queue.o
 .text.xQueueCreateMutex
                0x08007ff2       0x30 ./Middlewares/Third_Party/FreeRTOS/Source/queue.o
                0x08007ff2                xQueueCreateMutex
 *fill*         0x08008022        0x2 
 .text.xQueueGenericSend
                0x08008024      0x204 ./Middlewares/Third_Party/FreeRTOS/Source/queue.o
                0x08008024                xQueueGenericSend
 .text.xQueueGenericSendFromISR
                0x08008228      0x13c ./Middlewares/Third_Party/FreeRTOS/Source/queue.o
                0x08008228                xQueueGenericSendFromISR
 .text.xQueueGiveFromISR
                0x08008364      0x120 ./Middlewares/Third_Party/FreeRTOS/Source/queue.o
                0x08008364                xQueueGiveFromISR
 .text.xQueueReceive
                0x08008484      0x1c4 ./Middlewares/Third_Party/FreeRTOS/Source/queue.o
                0x08008484                xQueueReceive
 .text.xQueueSemaphoreTake
                0x08008648      0x220 ./Middlewares/Third_Party/FreeRTOS/Source/queue.o
                0x08008648                xQueueSemaphoreTake
 .text.prvGetDisinheritPriorityAfterTimeout
                0x08008868       0x30 ./Middlewares/Third_Party/FreeRTOS/Source/queue.o
 .text.prvCopyDataToQueue
                0x08008898       0xd4 ./Middlewares/Third_Party/FreeRTOS/Source/queue.o
 .text.prvCopyDataFromQueue
                0x0800896c       0x4c ./Middlewares/Third_Party/FreeRTOS/Source/queue.o
 .text.prvUnlockQueue
                0x080089b8       0xa4 ./Middlewares/Third_Party/FreeRTOS/Source/queue.o
 .text.prvIsQueueEmpty
                0x08008a5c       0x2c ./Middlewares/Third_Party/FreeRTOS/Source/queue.o
 .text.prvIsQueueFull
                0x08008a88       0x30 ./Middlewares/Third_Party/FreeRTOS/Source/queue.o
 .text.vQueueAddToRegistry
                0x08008ab8       0x54 ./Middlewares/Third_Party/FreeRTOS/Source/queue.o
                0x08008ab8                vQueueAddToRegistry
 .text.vQueueWaitForMessageRestricted
                0x08008b0c       0x68 ./Middlewares/Third_Party/FreeRTOS/Source/queue.o
                0x08008b0c                vQueueWaitForMessageRestricted
 .text.xTaskCreateStatic
                0x08008b74       0xc0 ./Middlewares/Third_Party/FreeRTOS/Source/tasks.o
                0x08008b74                xTaskCreateStatic
 .text.xTaskCreate
                0x08008c34       0x8a ./Middlewares/Third_Party/FreeRTOS/Source/tasks.o
                0x08008c34                xTaskCreate
 .text.prvInitialiseNewTask
                0x08008cbe      0x120 ./Middlewares/Third_Party/FreeRTOS/Source/tasks.o
 *fill*         0x08008dde        0x2 
 .text.prvAddNewTaskToReadyList
                0x08008de0       0xe0 ./Middlewares/Third_Party/FreeRTOS/Source/tasks.o
 .text.vTaskDelay
                0x08008ec0       0x6c ./Middlewares/Third_Party/FreeRTOS/Source/tasks.o
                0x08008ec0                vTaskDelay
 .text.vTaskStartScheduler
                0x08008f2c       0xd0 ./Middlewares/Third_Party/FreeRTOS/Source/tasks.o
                0x08008f2c                vTaskStartScheduler
 .text.vTaskSuspendAll
                0x08008ffc       0x1c ./Middlewares/Third_Party/FreeRTOS/Source/tasks.o
                0x08008ffc                vTaskSuspendAll
 .text.xTaskResumeAll
                0x08009018      0x13c ./Middlewares/Third_Party/FreeRTOS/Source/tasks.o
                0x08009018                xTaskResumeAll
 .text.xTaskGetTickCount
                0x08009154       0x20 ./Middlewares/Third_Party/FreeRTOS/Source/tasks.o
                0x08009154                xTaskGetTickCount
 .text.xTaskIncrementTick
                0x08009174      0x174 ./Middlewares/Third_Party/FreeRTOS/Source/tasks.o
                0x08009174                xTaskIncrementTick
 .text.vTaskSwitchContext
                0x080092e8       0xbc ./Middlewares/Third_Party/FreeRTOS/Source/tasks.o
                0x080092e8                vTaskSwitchContext
 .text.vTaskPlaceOnEventList
                0x080093a4       0x4c ./Middlewares/Third_Party/FreeRTOS/Source/tasks.o
                0x080093a4                vTaskPlaceOnEventList
 .text.vTaskPlaceOnEventListRestricted
                0x080093f0       0x58 ./Middlewares/Third_Party/FreeRTOS/Source/tasks.o
                0x080093f0                vTaskPlaceOnEventListRestricted
 .text.xTaskRemoveFromEventList
                0x08009448       0xc8 ./Middlewares/Third_Party/FreeRTOS/Source/tasks.o
                0x08009448                xTaskRemoveFromEventList
 .text.vTaskInternalSetTimeOutState
                0x08009510       0x2c ./Middlewares/Third_Party/FreeRTOS/Source/tasks.o
                0x08009510                vTaskInternalSetTimeOutState
 .text.xTaskCheckForTimeOut
                0x0800953c       0xc8 ./Middlewares/Third_Party/FreeRTOS/Source/tasks.o
                0x0800953c                xTaskCheckForTimeOut
 .text.vTaskMissedYield
                0x08009604       0x18 ./Middlewares/Third_Party/FreeRTOS/Source/tasks.o
                0x08009604                vTaskMissedYield
 .text.prvIdleTask
                0x0800961c       0x30 ./Middlewares/Third_Party/FreeRTOS/Source/tasks.o
 .text.prvInitialiseTaskLists
                0x0800964c       0x80 ./Middlewares/Third_Party/FreeRTOS/Source/tasks.o
 .text.prvCheckTasksWaitingTermination
                0x080096cc       0x5c ./Middlewares/Third_Party/FreeRTOS/Source/tasks.o
 .text.prvDeleteTCB
                0x08009728       0x60 ./Middlewares/Third_Party/FreeRTOS/Source/tasks.o
 .text.prvResetNextTaskUnblockTime
                0x08009788       0x40 ./Middlewares/Third_Party/FreeRTOS/Source/tasks.o
 .text.xTaskGetSchedulerState
                0x080097c8       0x3c ./Middlewares/Third_Party/FreeRTOS/Source/tasks.o
                0x080097c8                xTaskGetSchedulerState
 .text.xTaskPriorityInherit
                0x08009804       0xd0 ./Middlewares/Third_Party/FreeRTOS/Source/tasks.o
                0x08009804                xTaskPriorityInherit
 .text.xTaskPriorityDisinherit
                0x080098d4       0xe0 ./Middlewares/Third_Party/FreeRTOS/Source/tasks.o
                0x080098d4                xTaskPriorityDisinherit
 .text.vTaskPriorityDisinheritAfterTimeout
                0x080099b4      0x108 ./Middlewares/Third_Party/FreeRTOS/Source/tasks.o
                0x080099b4                vTaskPriorityDisinheritAfterTimeout
 .text.pvTaskIncrementMutexHeldCount
                0x08009abc       0x28 ./Middlewares/Third_Party/FreeRTOS/Source/tasks.o
                0x08009abc                pvTaskIncrementMutexHeldCount
 .text.ulTaskNotifyTake
                0x08009ae4       0x90 ./Middlewares/Third_Party/FreeRTOS/Source/tasks.o
                0x08009ae4                ulTaskNotifyTake
 .text.vTaskNotifyGiveFromISR
                0x08009b74      0x128 ./Middlewares/Third_Party/FreeRTOS/Source/tasks.o
                0x08009b74                vTaskNotifyGiveFromISR
 .text.prvAddCurrentTaskToDelayedList
                0x08009c9c       0xa8 ./Middlewares/Third_Party/FreeRTOS/Source/tasks.o
 .text.xTimerCreateTimerTask
                0x08009d44       0x94 ./Middlewares/Third_Party/FreeRTOS/Source/timers.o
                0x08009d44                xTimerCreateTimerTask
 .text.xTimerGenericCommand
                0x08009dd8       0x9c ./Middlewares/Third_Party/FreeRTOS/Source/timers.o
                0x08009dd8                xTimerGenericCommand
 .text.prvProcessExpiredTimer
                0x08009e74       0x9c ./Middlewares/Third_Party/FreeRTOS/Source/timers.o
 .text.prvTimerTask
                0x08009f10       0x26 ./Middlewares/Third_Party/FreeRTOS/Source/timers.o
 *fill*         0x08009f36        0x2 
 .text.prvProcessTimerOrBlockTask
                0x08009f38       0x9c ./Middlewares/Third_Party/FreeRTOS/Source/timers.o
 .text.prvGetNextExpireTime
                0x08009fd4       0x48 ./Middlewares/Third_Party/FreeRTOS/Source/timers.o
 .text.prvSampleTimeNow
                0x0800a01c       0x40 ./Middlewares/Third_Party/FreeRTOS/Source/timers.o
 .text.prvInsertTimerInActiveList
                0x0800a05c       0x84 ./Middlewares/Third_Party/FreeRTOS/Source/timers.o
 .text.prvProcessReceivedCommands
                0x0800a0e0      0x1cc ./Middlewares/Third_Party/FreeRTOS/Source/timers.o
 .text.prvSwitchTimerLists
                0x0800a2ac       0xcc ./Middlewares/Third_Party/FreeRTOS/Source/timers.o
 .text.prvCheckForValidListAndQueue
                0x0800a378       0x80 ./Middlewares/Third_Party/FreeRTOS/Source/timers.o
 .text.pxPortInitialiseStack
                0x0800a3f8       0x68 ./Middlewares/Third_Party/FreeRTOS/Source/portable/GCC/ARM_CM4F/port.o
                0x0800a3f8                pxPortInitialiseStack
 .text.prvTaskExitError
                0x0800a460       0x5c ./Middlewares/Third_Party/FreeRTOS/Source/portable/GCC/ARM_CM4F/port.o
 *fill*         0x0800a4bc        0x4 
 .text.SVC_Handler
                0x0800a4c0       0x28 ./Middlewares/Third_Party/FreeRTOS/Source/portable/GCC/ARM_CM4F/port.o
                0x0800a4c0                SVC_Handler
 .text.prvPortStartFirstTask
                0x0800a4e8       0x28 ./Middlewares/Third_Party/FreeRTOS/Source/portable/GCC/ARM_CM4F/port.o
 .text.xPortStartScheduler
                0x0800a510      0x148 ./Middlewares/Third_Party/FreeRTOS/Source/portable/GCC/ARM_CM4F/port.o
                0x0800a510                xPortStartScheduler
 .text.vPortEnterCritical
                0x0800a658       0x64 ./Middlewares/Third_Party/FreeRTOS/Source/portable/GCC/ARM_CM4F/port.o
                0x0800a658                vPortEnterCritical
 .text.vPortExitCritical
                0x0800a6bc       0x54 ./Middlewares/Third_Party/FreeRTOS/Source/portable/GCC/ARM_CM4F/port.o
                0x0800a6bc                vPortExitCritical
 .text.PendSV_Handler
                0x0800a710       0x68 ./Middlewares/Third_Party/FreeRTOS/Source/portable/GCC/ARM_CM4F/port.o
                0x0800a710                PendSV_Handler
 .text.xPortSysTickHandler
                0x0800a778       0x44 ./Middlewares/Third_Party/FreeRTOS/Source/portable/GCC/ARM_CM4F/port.o
                0x0800a778                xPortSysTickHandler
 .text.vPortSetupTimerInterrupt
                0x0800a7bc       0x48 ./Middlewares/Third_Party/FreeRTOS/Source/portable/GCC/ARM_CM4F/port.o
                0x0800a7bc                vPortSetupTimerInterrupt
 .text.vPortEnableVFP
                0x0800a804       0x14 ./Middlewares/Third_Party/FreeRTOS/Source/portable/GCC/ARM_CM4F/port.o
 .text.vPortValidateInterruptPriority
                0x0800a818       0x84 ./Middlewares/Third_Party/FreeRTOS/Source/portable/GCC/ARM_CM4F/port.o
                0x0800a818                vPortValidateInterruptPriority
 .text.pvPortMalloc
                0x0800a89c      0x19c ./Middlewares/Third_Party/FreeRTOS/Source/portable/MemMang/heap_4.o
                0x0800a89c                pvPortMalloc
 .text.vPortFree
                0x0800aa38       0xc8 ./Middlewares/Third_Party/FreeRTOS/Source/portable/MemMang/heap_4.o
                0x0800aa38                vPortFree
 .text.prvHeapInit
                0x0800ab00       0xc4 ./Middlewares/Third_Party/FreeRTOS/Source/portable/MemMang/heap_4.o
 .text.prvInsertBlockIntoFreeList
                0x0800abc4       0xb4 ./Middlewares/Third_Party/FreeRTOS/Source/portable/MemMang/heap_4.o
 .text.snprintf
                0x0800ac78       0x6c C:/ST/STM32CubeIDE_2.1.1/STM32CubeIDE/plugins/com.st.stm32cube.ide.mcu.externaltools.gnu-tools-for-stm32.14.3.rel1.win32_1.0.100.202602081740/tools/bin/../lib/gcc/arm-none-eabi/14.3.1/../../../../arm-none-eabi/lib/thumb/v7e-m+fp/hard\libc_nano.a(libc_a-snprintf.o)
                0x0800ac78                sniprintf
                0x0800ac78                snprintf
 .text._vsnprintf_r
                0x0800ace4       0x5c C:/ST/STM32CubeIDE_2.1.1/STM32CubeIDE/plugins/com.st.stm32cube.ide.mcu.externaltools.gnu-tools-for-stm32.14.3.rel1.win32_1.0.100.202602081740/tools/bin/../lib/gcc/arm-none-eabi/14.3.1/../../../../arm-none-eabi/lib/thumb/v7e-m+fp/hard\libc_nano.a(libc_a-vsnprintf.o)
                0x0800ace4                _vsniprintf_r
                0x0800ace4                _vsnprintf_r
 .text.vsnprintf
                0x0800ad40       0x1c C:/ST/STM32CubeIDE_2.1.1/STM32CubeIDE/plugins/com.st.stm32cube.ide.mcu.externaltools.gnu-tools-for-stm32.14.3.rel1.win32_1.0.100.202602081740/tools/bin/../lib/gcc/arm-none-eabi/14.3.1/../../../../arm-none-eabi/lib/thumb/v7e-m+fp/hard\libc_nano.a(libc_a-vsnprintf.o)
                0x0800ad40                vsniprintf
                0x0800ad40                vsnprintf
 .text.memset   0x0800ad5c       0x10 C:/ST/STM32CubeIDE_2.1.1/STM32CubeIDE/plugins/com.st.stm32cube.ide.mcu.externaltools.gnu-tools-for-stm32.14.3.rel1.win32_1.0.100.202602081740/tools/bin/../lib/gcc/arm-none-eabi/14.3.1/../../../../arm-none-eabi/lib/thumb/v7e-m+fp/hard\libc_nano.a(libc_a-memset.o)
                0x0800ad5c                memset
 .text.__errno  0x0800ad6c        0xc C:/ST/STM32CubeIDE_2.1.1/STM32CubeIDE/plugins/com.st.stm32cube.ide.mcu.externaltools.gnu-tools-for-stm32.14.3.rel1.win32_1.0.100.202602081740/tools/bin/../lib/gcc/arm-none-eabi/14.3.1/../../../../arm-none-eabi/lib/thumb/v7e-m+fp/hard\libc_nano.a(libc_a-errno.o)
                0x0800ad6c                __errno
 .text.__libc_init_array
                0x0800ad78       0x48 C:/ST/STM32CubeIDE_2.1.1/STM32CubeIDE/plugins/com.st.stm32cube.ide.mcu.externaltools.gnu-tools-for-stm32.14.3.rel1.win32_1.0.100.202602081740/tools/bin/../lib/gcc/arm-none-eabi/14.3.1/../../../../arm-none-eabi/lib/thumb/v7e-m+fp/hard\libc_nano.a(libc_a-init.o)
                0x0800ad78                __libc_init_array
 .text.__retarget_lock_acquire_recursive
                0x0800adc0        0x2 C:/ST/STM32CubeIDE_2.1.1/STM32CubeIDE/plugins/com.st.stm32cube.ide.mcu.externaltools.gnu-tools-for-stm32.14.3.rel1.win32_1.0.100.202602081740/tools/bin/../lib/gcc/arm-none-eabi/14.3.1/../../../../arm-none-eabi/lib/thumb/v7e-m+fp/hard\libc_nano.a(libc_a-lock.o)
                0x0800adc0                __retarget_lock_acquire_recursive
 .text.__retarget_lock_release_recursive
                0x0800adc2        0x2 C:/ST/STM32CubeIDE_2.1.1/STM32CubeIDE/plugins/com.st.stm32cube.ide.mcu.externaltools.gnu-tools-for-stm32.14.3.rel1.win32_1.0.100.202602081740/tools/bin/../lib/gcc/arm-none-eabi/14.3.1/../../../../arm-none-eabi/lib/thumb/v7e-m+fp/hard\libc_nano.a(libc_a-lock.o)
                0x0800adc2                __retarget_lock_release_recursive
 .text.memcpy   0x0800adc4       0x1c C:/ST/STM32CubeIDE_2.1.1/STM32CubeIDE/plugins/com.st.stm32cube.ide.mcu.externaltools.gnu-tools-for-stm32.14.3.rel1.win32_1.0.100.202602081740/tools/bin/../lib/gcc/arm-none-eabi/14.3.1/../../../../arm-none-eabi/lib/thumb/v7e-m+fp/hard\libc_nano.a(libc_a-memcpy-stub.o)
                0x0800adc4                memcpy
 .text._free_r  0x0800ade0       0x94 C:/ST/STM32CubeIDE_2.1.1/STM32CubeIDE/plugins/com.st.stm32cube.ide.mcu.externaltools.gnu-tools-for-stm32.14.3.rel1.win32_1.0.100.202602081740/tools/bin/../lib/gcc/arm-none-eabi/14.3.1/../../../../arm-none-eabi/lib/thumb/v7e-m+fp/hard\libc_nano.a(libc_a-freer.o)
                0x0800ade0                _free_r
 .text.sbrk_aligned
                0x0800ae74       0x44 C:/ST/STM32CubeIDE_2.1.1/STM32CubeIDE/plugins/com.st.stm32cube.ide.mcu.externaltools.gnu-tools-for-stm32.14.3.rel1.win32_1.0.100.202602081740/tools/bin/../lib/gcc/arm-none-eabi/14.3.1/../../../../arm-none-eabi/lib/thumb/v7e-m+fp/hard\libc_nano.a(libc_a-mallocr.o)
 .text._malloc_r
                0x0800aeb8      0x100 C:/ST/STM32CubeIDE_2.1.1/STM32CubeIDE/plugins/com.st.stm32cube.ide.mcu.externaltools.gnu-tools-for-stm32.14.3.rel1.win32_1.0.100.202602081740/tools/bin/../lib/gcc/arm-none-eabi/14.3.1/../../../../arm-none-eabi/lib/thumb/v7e-m+fp/hard\libc_nano.a(libc_a-mallocr.o)
                0x0800aeb8                _malloc_r
 .text.__malloc_lock
                0x0800afb8        0xc C:/ST/STM32CubeIDE_2.1.1/STM32CubeIDE/plugins/com.st.stm32cube.ide.mcu.externaltools.gnu-tools-for-stm32.14.3.rel1.win32_1.0.100.202602081740/tools/bin/../lib/gcc/arm-none-eabi/14.3.1/../../../../arm-none-eabi/lib/thumb/v7e-m+fp/hard\libc_nano.a(libc_a-mlock.o)
                0x0800afb8                __malloc_lock
 .text.__malloc_unlock
                0x0800afc4        0xc C:/ST/STM32CubeIDE_2.1.1/STM32CubeIDE/plugins/com.st.stm32cube.ide.mcu.externaltools.gnu-tools-for-stm32.14.3.rel1.win32_1.0.100.202602081740/tools/bin/../lib/gcc/arm-none-eabi/14.3.1/../../../../arm-none-eabi/lib/thumb/v7e-m+fp/hard\libc_nano.a(libc_a-mlock.o)
                0x0800afc4                __malloc_unlock
 .text.__ssputs_r
                0x0800afd0       0xc0 C:/ST/STM32CubeIDE_2.1.1/STM32CubeIDE/plugins/com.st.stm32cube.ide.mcu.externaltools.gnu-tools-for-stm32.14.3.rel1.win32_1.0.100.202602081740/tools/bin/../lib/gcc/arm-none-eabi/14.3.1/../../../../arm-none-eabi/lib/thumb/v7e-m+fp/hard\libc_nano.a(libc_a-nano-svfprintf.o)
                0x0800afd0                __ssputs_r
 .text._svfprintf_r
                0x0800b090      0x1f0 C:/ST/STM32CubeIDE_2.1.1/STM32CubeIDE/plugins/com.st.stm32cube.ide.mcu.externaltools.gnu-tools-for-stm32.14.3.rel1.win32_1.0.100.202602081740/tools/bin/../lib/gcc/arm-none-eabi/14.3.1/../../../../arm-none-eabi/lib/thumb/v7e-m+fp/hard\libc_nano.a(libc_a-nano-svfprintf.o)
                0x0800b090                _svfiprintf_r
                0x0800b090                _svfprintf_r
 .text._printf_common
                0x0800b280       0xda C:/ST/STM32CubeIDE_2.1.1/STM32CubeIDE/plugins/com.st.stm32cube.ide.mcu.externaltools.gnu-tools-for-stm32.14.3.rel1.win32_1.0.100.202602081740/tools/bin/../lib/gcc/arm-none-eabi/14.3.1/../../../../arm-none-eabi/lib/thumb/v7e-m+fp/hard\libc_nano.a(libc_a-nano-vfprintf_i.o)
                0x0800b280                _printf_common
 *fill*         0x0800b35a        0x2 
 .text._printf_i
                0x0800b35c      0x24c C:/ST/STM32CubeIDE_2.1.1/STM32CubeIDE/plugins/com.st.stm32cube.ide.mcu.externaltools.gnu-tools-for-stm32.14.3.rel1.win32_1.0.100.202602081740/tools/bin/../lib/gcc/arm-none-eabi/14.3.1/../../../../arm-none-eabi/lib/thumb/v7e-m+fp/hard\libc_nano.a(libc_a-nano-vfprintf_i.o)
                0x0800b35c                _printf_i
 .text.memmove  0x0800b5a8       0x32 C:/ST/STM32CubeIDE_2.1.1/STM32CubeIDE/plugins/com.st.stm32cube.ide.mcu.externaltools.gnu-tools-for-stm32.14.3.rel1.win32_1.0.100.202602081740/tools/bin/../lib/gcc/arm-none-eabi/14.3.1/../../../../arm-none-eabi/lib/thumb/v7e-m+fp/hard\libc_nano.a(libc_a-memmove.o)
                0x0800b5a8                memmove
 *fill*         0x0800b5da        0x2 
 .text._sbrk_r  0x0800b5dc       0x20 C:/ST/STM32CubeIDE_2.1.1/STM32CubeIDE/plugins/com.st.stm32cube.ide.mcu.externaltools.gnu-tools-for-stm32.14.3.rel1.win32_1.0.100.202602081740/tools/bin/../lib/gcc/arm-none-eabi/14.3.1/../../../../arm-none-eabi/lib/thumb/v7e-m+fp/hard\libc_nano.a(libc_a-sbrkr.o)
                0x0800b5dc                _sbrk_r
 .text._realloc_r
                0x0800b5fc       0x5c C:/ST/STM32CubeIDE_2.1.1/STM32CubeIDE/plugins/com.st.stm32cube.ide.mcu.externaltools.gnu-tools-for-stm32.14.3.rel1.win32_1.0.100.202602081740/tools/bin/../lib/gcc/arm-none-eabi/14.3.1/../../../../arm-none-eabi/lib/thumb/v7e-m+fp/hard\libc_nano.a(libc_a-reallocr.o)
                0x0800b5fc                _realloc_r
 .text._malloc_usable_size_r
                0x0800b658       0x10 C:/ST/STM32CubeIDE_2.1.1/STM32CubeIDE/plugins/com.st.stm32cube.ide.mcu.externaltools.gnu-tools-for-stm32.14.3.rel1.win32_1.0.100.202602081740/tools/bin/../lib/gcc/arm-none-eabi/14.3.1/../../../../arm-none-eabi/lib/thumb/v7e-m+fp/hard\libc_nano.a(libc_a-msizer.o)
                0x0800b658                _malloc_usable_size_r
 .text.asin     0x0800b668       0x68 C:/ST/STM32CubeIDE_2.1.1/STM32CubeIDE/plugins/com.st.stm32cube.ide.mcu.externaltools.gnu-tools-for-stm32.14.3.rel1.win32_1.0.100.202602081740/tools/bin/../lib/gcc/arm-none-eabi/14.3.1/../../../../arm-none-eabi/lib/thumb/v7e-m+fp/hard\libm.a(libm_a-w_asin.o)
                0x0800b668                asin
 .text.sqrt     0x0800b6d0       0x68 C:/ST/STM32CubeIDE_2.1.1/STM32CubeIDE/plugins/com.st.stm32cube.ide.mcu.externaltools.gnu-tools-for-stm32.14.3.rel1.win32_1.0.100.202602081740/tools/bin/../lib/gcc/arm-none-eabi/14.3.1/../../../../arm-none-eabi/lib/thumb/v7e-m+fp/hard\libm.a(libm_a-w_sqrt.o)
                0x0800b6d0                sqrt
 .text.cos      0x0800b738       0x88 C:/ST/STM32CubeIDE_2.1.1/STM32CubeIDE/plugins/com.st.stm32cube.ide.mcu.externaltools.gnu-tools-for-stm32.14.3.rel1.win32_1.0.100.202602081740/tools/bin/../lib/gcc/arm-none-eabi/14.3.1/../../../../arm-none-eabi/lib/thumb/v7e-m+fp/hard\libm.a(libm_a-s_cos.o)
                0x0800b738                cos
 .text.fabs     0x0800b7c0       0x10 C:/ST/STM32CubeIDE_2.1.1/STM32CubeIDE/plugins/com.st.stm32cube.ide.mcu.externaltools.gnu-tools-for-stm32.14.3.rel1.win32_1.0.100.202602081740/tools/bin/../lib/gcc/arm-none-eabi/14.3.1/../../../../arm-none-eabi/lib/thumb/v7e-m+fp/hard\libm.a(libm_a-s_fabs.o)
                0x0800b7c0                fabs
 .text.sin      0x0800b7d0       0x88 C:/ST/STM32CubeIDE_2.1.1/STM32CubeIDE/plugins/com.st.stm32cube.ide.mcu.externaltools.gnu-tools-for-stm32.14.3.rel1.win32_1.0.100.202602081740/tools/bin/../lib/gcc/arm-none-eabi/14.3.1/../../../../arm-none-eabi/lib/thumb/v7e-m+fp/hard\libm.a(libm_a-s_sin.o)
                0x0800b7d0                sin
 .text.nan      0x0800b858       0x10 C:/ST/STM32CubeIDE_2.1.1/STM32CubeIDE/plugins/com.st.stm32cube.ide.mcu.externaltools.gnu-tools-for-stm32.14.3.rel1.win32_1.0.100.202602081740/tools/bin/../lib/gcc/arm-none-eabi/14.3.1/../../../../arm-none-eabi/lib/thumb/v7e-m+fp/hard\libm.a(libm_a-s_nan.o)
                0x0800b858                nan
 .text.__ieee754_sqrt
                0x0800b868      0x1f0 C:/ST/STM32CubeIDE_2.1.1/STM32CubeIDE/plugins/com.st.stm32cube.ide.mcu.externaltools.gnu-tools-for-stm32.14.3.rel1.win32_1.0.100.202602081740/tools/bin/../lib/gcc/arm-none-eabi/14.3.1/../../../../arm-none-eabi/lib/thumb/v7e-m+fp/hard\libm.a(libm_a-e_sqrt.o)
                0x0800b868                __ieee754_sqrt
 .text.__kernel_cos
                0x0800ba58      0x26c C:/ST/STM32CubeIDE_2.1.1/STM32CubeIDE/plugins/com.st.stm32cube.ide.mcu.externaltools.gnu-tools-for-stm32.14.3.rel1.win32_1.0.100.202602081740/tools/bin/../lib/gcc/arm-none-eabi/14.3.1/../../../../arm-none-eabi/lib/thumb/v7e-m+fp/hard\libm.a(libm_a-k_cos.o)
                0x0800ba58                __kernel_cos
 *fill*         0x0800bcc4        0x4 
 .text.__kernel_sin
                0x0800bcc8      0x184 C:/ST/STM32CubeIDE_2.1.1/STM32CubeIDE/plugins/com.st.stm32cube.ide.mcu.externaltools.gnu-tools-for-stm32.14.3.rel1.win32_1.0.100.202602081740/tools/bin/../lib/gcc/arm-none-eabi/14.3.1/../../../../arm-none-eabi/lib/thumb/v7e-m+fp/hard\libm.a(libm_a-k_sin.o)
                0x0800bcc8                __kernel_sin
 *fill*         0x0800be4c        0x4 
 .text.__ieee754_asin
                0x0800be50      0x47c C:/ST/STM32CubeIDE_2.1.1/STM32CubeIDE/plugins/com.st.stm32cube.ide.mcu.externaltools.gnu-tools-for-stm32.14.3.rel1.win32_1.0.100.202602081740/tools/bin/../lib/gcc/arm-none-eabi/14.3.1/../../../../arm-none-eabi/lib/thumb/v7e-m+fp/hard\libm.a(libm_a-e_asin.o)
                0x0800be50                __ieee754_asin
 *fill*         0x0800c2cc        0x4 
 .text.__ieee754_rem_pio2
                0x0800c2d0      0x424 C:/ST/STM32CubeIDE_2.1.1/STM32CubeIDE/plugins/com.st.stm32cube.ide.mcu.externaltools.gnu-tools-for-stm32.14.3.rel1.win32_1.0.100.202602081740/tools/bin/../lib/gcc/arm-none-eabi/14.3.1/../../../../arm-none-eabi/lib/thumb/v7e-m+fp/hard\libm.a(libm_a-e_rem_pio2.o)
                0x0800c2d0                __ieee754_rem_pio2
 *fill*         0x0800c6f4        0x4 
 .text.__kernel_rem_pio2
                0x0800c6f8      0x888 C:/ST/STM32CubeIDE_2.1.1/STM32CubeIDE/plugins/com.st.stm32cube.ide.mcu.externaltools.gnu-tools-for-stm32.14.3.rel1.win32_1.0.100.202602081740/tools/bin/../lib/gcc/arm-none-eabi/14.3.1/../../../../arm-none-eabi/lib/thumb/v7e-m+fp/hard\libm.a(libm_a-k_rem_pio2.o)
                0x0800c6f8                __kernel_rem_pio2
 .text.scalbn   0x0800cf80      0x114 C:/ST/STM32CubeIDE_2.1.1/STM32CubeIDE/plugins/com.st.stm32cube.ide.mcu.externaltools.gnu-tools-for-stm32.14.3.rel1.win32_1.0.100.202602081740/tools/bin/../lib/gcc/arm-none-eabi/14.3.1/../../../../arm-none-eabi/lib/thumb/v7e-m+fp/hard\libm.a(libm_a-s_scalbn.o)
                0x0800cf80                scalbn
 *fill*         0x0800d094        0x4 
 .text.floor    0x0800d098      0x108 C:/ST/STM32CubeIDE_2.1.1/STM32CubeIDE/plugins/com.st.stm32cube.ide.mcu.externaltools.gnu-tools-for-stm32.14.3.rel1.win32_1.0.100.202602081740/tools/bin/../lib/gcc/arm-none-eabi/14.3.1/../../../../arm-none-eabi/lib/thumb/v7e-m+fp/hard\libm.a(libm_a-s_floor.o)
                0x0800d098                floor
 *(.glue_7)
 .glue_7        0x0800d1a0        0x0 linker stubs
 *(.glue_7t)
 .glue_7t       0x0800d1a0        0x0 linker stubs
 *(.eh_frame)
 .eh_frame      0x0800d1a0        0x0 C:/ST/STM32CubeIDE_2.1.1/STM32CubeIDE/plugins/com.st.stm32cube.ide.mcu.externaltools.gnu-tools-for-stm32.14.3.rel1.win32_1.0.100.202602081740/tools/bin/../lib/gcc/arm-none-eabi/14.3.1/thumb/v7e-m+fp/hard/crtbegin.o
 *(.init)
 .init          0x0800d1a0        0x4 C:/ST/STM32CubeIDE_2.1.1/STM32CubeIDE/plugins/com.st.stm32cube.ide.mcu.externaltools.gnu-tools-for-stm32.14.3.rel1.win32_1.0.100.202602081740/tools/bin/../lib/gcc/arm-none-eabi/14.3.1/thumb/v7e-m+fp/hard/crti.o
                0x0800d1a0                _init
 .init          0x0800d1a4        0x8 C:/ST/STM32CubeIDE_2.1.1/STM32CubeIDE/plugins/com.st.stm32cube.ide.mcu.externaltools.gnu-tools-for-stm32.14.3.rel1.win32_1.0.100.202602081740/tools/bin/../lib/gcc/arm-none-eabi/14.3.1/thumb/v7e-m+fp/hard/crtn.o
 *(.fini)
 .fini          0x0800d1ac        0x4 C:/ST/STM32CubeIDE_2.1.1/STM32CubeIDE/plugins/com.st.stm32cube.ide.mcu.externaltools.gnu-tools-for-stm32.14.3.rel1.win32_1.0.100.202602081740/tools/bin/../lib/gcc/arm-none-eabi/14.3.1/thumb/v7e-m+fp/hard/crti.o
                0x0800d1ac                _fini
 .fini          0x0800d1b0        0x8 C:/ST/STM32CubeIDE_2.1.1/STM32CubeIDE/plugins/com.st.stm32cube.ide.mcu.externaltools.gnu-tools-for-stm32.14.3.rel1.win32_1.0.100.202602081740/tools/bin/../lib/gcc/arm-none-eabi/14.3.1/thumb/v7e-m+fp/hard/crtn.o
                0x0800d1b8                        . = ALIGN (0x4)
                0x0800d1b8                        _etext = .

.vfp11_veneer   0x0800d1b8        0x0
 .vfp11_veneer  0x0800d1b8        0x0 linker stubs

.v4_bx          0x0800d1b8        0x0
 .v4_bx         0x0800d1b8        0x0 linker stubs

.iplt           0x0800d1b8        0x0
 .iplt          0x0800d1b8        0x0 C:/ST/STM32CubeIDE_2.1.1/STM32CubeIDE/plugins/com.st.stm32cube.ide.mcu.externaltools.gnu-tools-for-stm32.14.3.rel1.win32_1.0.100.202602081740/tools/bin/../lib/gcc/arm-none-eabi/14.3.1/thumb/v7e-m+fp/hard/crtbegin.o

.rodata         0x0800d1b8      0xad8
                0x0800d1b8                        . = ALIGN (0x4)
 *(.rodata)
 .rodata        0x0800d1b8        0xb ./Core/Src/buzzerTask.o
 *fill*         0x0800d1c3        0x1 
 .rodata        0x0800d1c4       0x57 ./Core/Src/can_rx_task.o
 *fill*         0x0800d21b        0x1 
 .rodata        0x0800d21c      0x10f ./Core/Src/display_tasks.o
 *fill*         0x0800d32b        0x1 
 .rodata        0x0800d32c       0xac ./Core/Src/lcd.o
 .rodata        0x0800d3d8       0x71 ./Core/Src/main.o
 *fill*         0x0800d449        0x3 
 .rodata        0x0800d44c      0x3a5 ./Core/Src/turnJudgeTask.o
 *fill*         0x0800d7f1        0x3 
 .rodata        0x0800d7f4        0x5 ./Middlewares/Third_Party/FreeRTOS/Source/tasks.o
 *fill*         0x0800d7f9        0x3 
 .rodata        0x0800d7fc        0xd ./Middlewares/Third_Party/FreeRTOS/Source/timers.o
 *(.rodata*)
 *fill*         0x0800d809        0x3 
 .rodata.exit_melody
                0x0800d80c       0x20 ./Core/Src/buzzer.o
 .rodata.BuzzerTask_attributes
                0x0800d82c       0x24 ./Core/Src/buzzerTask.o
 .rodata.CanRxTask_attributes
                0x0800d850       0x24 ./Core/Src/can_rx_task.o
 .rodata.TlDisplayTask_attributes
                0x0800d874       0x24 ./Core/Src/display_tasks.o
 .rodata.DicisionDisplayTask_attributes
                0x0800d898       0x24 ./Core/Src/display_tasks.o
 .rodata.font_table
                0x0800d8bc       0xb4 ./Core/Src/lcd.o
 .rodata.warning_table_right
                0x0800d970       0x30 ./Core/Src/lcd.o
 .rodata.warning_table_left
                0x0800d9a0       0x30 ./Core/Src/lcd.o
 .rodata.warning_table_error
                0x0800d9d0       0x20 ./Core/Src/lcd.o
 .rodata.gp.1   0x0800d9f0       0x10 ./Core/Src/lcd.o
 .rodata.gn.0   0x0800da00       0x10 ./Core/Src/lcd.o
 .rodata.defaultTask_attributes
                0x0800da10       0x24 ./Core/Src/main.o
                0x0800da10                defaultTask_attributes
 .rodata.AHBPrescTable
                0x0800da34       0x10 ./Core/Src/system_stm32f4xx.o
                0x0800da34                AHBPrescTable
 .rodata.APBPrescTable
                0x0800da44        0x8 ./Core/Src/system_stm32f4xx.o
                0x0800da44                APBPrescTable
 .rodata.judgeTask_attributes
                0x0800da4c       0x24 ./Core/Src/turnJudgeTask.o
 .rodata._svfprintf_r.str1.1
                0x0800da70       0x33 C:/ST/STM32CubeIDE_2.1.1/STM32CubeIDE/plugins/com.st.stm32cube.ide.mcu.externaltools.gnu-tools-for-stm32.14.3.rel1.win32_1.0.100.202602081740/tools/bin/../lib/gcc/arm-none-eabi/14.3.1/../../../../arm-none-eabi/lib/thumb/v7e-m+fp/hard\libc_nano.a(libc_a-nano-svfprintf.o)
                                 0x11 (size before relaxing)
 .rodata._printf_i.str1.1
                0x0800daa3       0x22 C:/ST/STM32CubeIDE_2.1.1/STM32CubeIDE/plugins/com.st.stm32cube.ide.mcu.externaltools.gnu-tools-for-stm32.14.3.rel1.win32_1.0.100.202602081740/tools/bin/../lib/gcc/arm-none-eabi/14.3.1/../../../../arm-none-eabi/lib/thumb/v7e-m+fp/hard\libc_nano.a(libc_a-nano-vfprintf_i.o)
 *fill*         0x0800daa3        0x1 
 .rodata.asin.str1.4
                0x0800daa4        0x1 C:/ST/STM32CubeIDE_2.1.1/STM32CubeIDE/plugins/com.st.stm32cube.ide.mcu.externaltools.gnu-tools-for-stm32.14.3.rel1.win32_1.0.100.202602081740/tools/bin/../lib/gcc/arm-none-eabi/14.3.1/../../../../arm-none-eabi/lib/thumb/v7e-m+fp/hard\libm.a(libm_a-w_asin.o)
 *fill*         0x0800daa5        0x3 
 .rodata.tiny   0x0800daa8        0x8 C:/ST/STM32CubeIDE_2.1.1/STM32CubeIDE/plugins/com.st.stm32cube.ide.mcu.externaltools.gnu-tools-for-stm32.14.3.rel1.win32_1.0.100.202602081740/tools/bin/../lib/gcc/arm-none-eabi/14.3.1/../../../../arm-none-eabi/lib/thumb/v7e-m+fp/hard\libm.a(libm_a-e_sqrt.o)
 .rodata.one    0x0800dab0        0x8 C:/ST/STM32CubeIDE_2.1.1/STM32CubeIDE/plugins/com.st.stm32cube.ide.mcu.externaltools.gnu-tools-for-stm32.14.3.rel1.win32_1.0.100.202602081740/tools/bin/../lib/gcc/arm-none-eabi/14.3.1/../../../../arm-none-eabi/lib/thumb/v7e-m+fp/hard\libm.a(libm_a-e_sqrt.o)
 .rodata.npio2_hw
                0x0800dab8       0x80 C:/ST/STM32CubeIDE_2.1.1/STM32CubeIDE/plugins/com.st.stm32cube.ide.mcu.externaltools.gnu-tools-for-stm32.14.3.rel1.win32_1.0.100.202602081740/tools/bin/../lib/gcc/arm-none-eabi/14.3.1/../../../../arm-none-eabi/lib/thumb/v7e-m+fp/hard\libm.a(libm_a-e_rem_pio2.o)
 .rodata.two_over_pi
                0x0800db38      0x108 C:/ST/STM32CubeIDE_2.1.1/STM32CubeIDE/plugins/com.st.stm32cube.ide.mcu.externaltools.gnu-tools-for-stm32.14.3.rel1.win32_1.0.100.202602081740/tools/bin/../lib/gcc/arm-none-eabi/14.3.1/../../../../arm-none-eabi/lib/thumb/v7e-m+fp/hard\libm.a(libm_a-e_rem_pio2.o)
 .rodata.PIo2   0x0800dc40       0x40 C:/ST/STM32CubeIDE_2.1.1/STM32CubeIDE/plugins/com.st.stm32cube.ide.mcu.externaltools.gnu-tools-for-stm32.14.3.rel1.win32_1.0.100.202602081740/tools/bin/../lib/gcc/arm-none-eabi/14.3.1/../../../../arm-none-eabi/lib/thumb/v7e-m+fp/hard\libm.a(libm_a-k_rem_pio2.o)
 .rodata.init_jk
                0x0800dc80       0x10 C:/ST/STM32CubeIDE_2.1.1/STM32CubeIDE/plugins/com.st.stm32cube.ide.mcu.externaltools.gnu-tools-for-stm32.14.3.rel1.win32_1.0.100.202602081740/tools/bin/../lib/gcc/arm-none-eabi/14.3.1/../../../../arm-none-eabi/lib/thumb/v7e-m+fp/hard\libm.a(libm_a-k_rem_pio2.o)
                0x0800dc90                        . = ALIGN (0x4)

.ARM.extab      0x0800dc90        0x0
                0x0800dc90                        . = ALIGN (0x4)
 *(.ARM.extab* .gnu.linkonce.armextab.*)
                0x0800dc90                        . = ALIGN (0x4)

.ARM            0x0800dc90        0x8
                0x0800dc90                        . = ALIGN (0x4)
                0x0800dc90                        __exidx_start = .
 *(.ARM.exidx*)
 .ARM.exidx     0x0800dc90        0x8 C:/ST/STM32CubeIDE_2.1.1/STM32CubeIDE/plugins/com.st.stm32cube.ide.mcu.externaltools.gnu-tools-for-stm32.14.3.rel1.win32_1.0.100.202602081740/tools/bin/../lib/gcc/arm-none-eabi/14.3.1/../../../../arm-none-eabi/lib/thumb/v7e-m+fp/hard\libc_nano.a(libc_a-strlen.o)
 .ARM.exidx     0x0800dc98        0x0 C:/ST/STM32CubeIDE_2.1.1/STM32CubeIDE/plugins/com.st.stm32cube.ide.mcu.externaltools.gnu-tools-for-stm32.14.3.rel1.win32_1.0.100.202602081740/tools/bin/../lib/gcc/arm-none-eabi/14.3.1/../../../../arm-none-eabi/lib/thumb/v7e-m+fp/hard\libc_nano.a(libc_a-memchr.o)
                                  0x8 (size before relaxing)
 .ARM.exidx     0x0800dc98        0x0 C:/ST/STM32CubeIDE_2.1.1/STM32CubeIDE/plugins/com.st.stm32cube.ide.mcu.externaltools.gnu-tools-for-stm32.14.3.rel1.win32_1.0.100.202602081740/tools/bin/../lib/gcc/arm-none-eabi/14.3.1/thumb/v7e-m+fp/hard\libgcc.a(_udivmoddi4.o)
                                  0x8 (size before relaxing)
                0x0800dc98                        __exidx_end = .
                0x0800dc98                        . = ALIGN (0x4)

.preinit_array  0x0800dc98        0x0
                0x0800dc98                        . = ALIGN (0x4)
                0x0800dc98                        PROVIDE (__preinit_array_start = .)
 *(.preinit_array*)
                0x0800dc98                        PROVIDE (__preinit_array_end = .)
                0x0800dc98                        . = ALIGN (0x4)

.init_array     0x0800dc98        0x4
                0x0800dc98                        . = ALIGN (0x4)
                0x0800dc98                        PROVIDE (__init_array_start = .)
 *(SORT_BY_NAME(.init_array.*))
 *(.init_array*)
 .init_array    0x0800dc98        0x4 C:/ST/STM32CubeIDE_2.1.1/STM32CubeIDE/plugins/com.st.stm32cube.ide.mcu.externaltools.gnu-tools-for-stm32.14.3.rel1.win32_1.0.100.202602081740/tools/bin/../lib/gcc/arm-none-eabi/14.3.1/thumb/v7e-m+fp/hard/crtbegin.o
                0x0800dc9c                        PROVIDE (__init_array_end = .)
                0x0800dc9c                        . = ALIGN (0x4)

.fini_array     0x0800dc9c        0x4
                0x0800dc9c                        . = ALIGN (0x4)
                [!provide]                        PROVIDE (__fini_array_start = .)
 *(SORT_BY_NAME(.fini_array.*))
 *(.fini_array*)
 .fini_array    0x0800dc9c        0x4 C:/ST/STM32CubeIDE_2.1.1/STM32CubeIDE/plugins/com.st.stm32cube.ide.mcu.externaltools.gnu-tools-for-stm32.14.3.rel1.win32_1.0.100.202602081740/tools/bin/../lib/gcc/arm-none-eabi/14.3.1/thumb/v7e-m+fp/hard/crtbegin.o
                [!provide]                        PROVIDE (__fini_array_end = .)
                0x0800dca0                        . = ALIGN (0x4)
                0x0800dca0                        _sidata = LOADADDR (.data)

.rel.dyn        0x0800dca0        0x0
 .rel.iplt      0x0800dca0        0x0 C:/ST/STM32CubeIDE_2.1.1/STM32CubeIDE/plugins/com.st.stm32cube.ide.mcu.externaltools.gnu-tools-for-stm32.14.3.rel1.win32_1.0.100.202602081740/tools/bin/../lib/gcc/arm-none-eabi/14.3.1/thumb/v7e-m+fp/hard/crtbegin.o

.data           0x20000000       0x60 load address 0x0800dca0
                0x20000000                        . = ALIGN (0x4)
                0x20000000                        _sdata = .
 *(.data)
 *(.data*)
 .data.SystemCoreClock
                0x20000000        0x4 ./Core/Src/system_stm32f4xx.o
                0x20000000                SystemCoreClock
 .data.uwTickPrio
                0x20000004        0x4 ./Drivers/STM32F4xx_HAL_Driver/Src/stm32f4xx_hal.o
                0x20000004                uwTickPrio
 .data.uwTickFreq
                0x20000008        0x1 ./Drivers/STM32F4xx_HAL_Driver/Src/stm32f4xx_hal.o
                0x20000008                uwTickFreq
 *fill*         0x20000009        0x3 
 .data.uxCriticalNesting
                0x2000000c        0x4 ./Middlewares/Third_Party/FreeRTOS/Source/portable/GCC/ARM_CM4F/port.o
 .data._impure_ptr
                0x20000010        0x4 C:/ST/STM32CubeIDE_2.1.1/STM32CubeIDE/plugins/com.st.stm32cube.ide.mcu.externaltools.gnu-tools-for-stm32.14.3.rel1.win32_1.0.100.202602081740/tools/bin/../lib/gcc/arm-none-eabi/14.3.1/../../../../arm-none-eabi/lib/thumb/v7e-m+fp/hard\libc_nano.a(libc_a-impure.o)
                0x20000010                _impure_ptr
 .data._impure_data
                0x20000014       0x4c C:/ST/STM32CubeIDE_2.1.1/STM32CubeIDE/plugins/com.st.stm32cube.ide.mcu.externaltools.gnu-tools-for-stm32.14.3.rel1.win32_1.0.100.202602081740/tools/bin/../lib/gcc/arm-none-eabi/14.3.1/../../../../arm-none-eabi/lib/thumb/v7e-m+fp/hard\libc_nano.a(libc_a-impure.o)
                0x20000014                _impure_data
 *(.RamFunc)
 *(.RamFunc*)
                0x20000060                        . = ALIGN (0x4)
                0x20000060                        _edata = .
                0x0800dd00                        _siccmram = LOADADDR (.ccmram)

.igot.plt       0x20000060        0x0 load address 0x0800dd00
 .igot.plt      0x20000060        0x0 C:/ST/STM32CubeIDE_2.1.1/STM32CubeIDE/plugins/com.st.stm32cube.ide.mcu.externaltools.gnu-tools-for-stm32.14.3.rel1.win32_1.0.100.202602081740/tools/bin/../lib/gcc/arm-none-eabi/14.3.1/thumb/v7e-m+fp/hard/crtbegin.o

.ccmram         0x10000000        0x0 load address 0x0800dd00
                0x10000000                        . = ALIGN (0x4)
                0x10000000                        _sccmram = .
 *(.ccmram)
 *(.ccmram*)
                0x10000000                        . = ALIGN (0x4)
                0x10000000                        _eccmram = .
                0x10000000                        . = ALIGN (0x4)

.bss            0x20000060     0x508c
                0x20000060                        _sbss = .
                0x20000060                        __bss_start__ = _sbss
 *(.bss)
 .bss           0x20000060       0x1c C:/ST/STM32CubeIDE_2.1.1/STM32CubeIDE/plugins/com.st.stm32cube.ide.mcu.externaltools.gnu-tools-for-stm32.14.3.rel1.win32_1.0.100.202602081740/tools/bin/../lib/gcc/arm-none-eabi/14.3.1/thumb/v7e-m+fp/hard/crtbegin.o
 *(.bss*)
 .bss.buzzer_busy
                0x2000007c        0x1 ./Core/Src/buzzer.o
                0x2000007c                buzzer_busy
 .bss.melody_playing
                0x2000007d        0x1 ./Core/Src/buzzer.o
                0x2000007d                melody_playing
 .bss.melody_index
                0x2000007e        0x1 ./Core/Src/buzzer.o
 *fill*         0x2000007f        0x1 
 .bss.buzzer_toggle_count
                0x20000080        0x4 ./Core/Src/buzzer.o
 .bss.buzzer_target_toggle_count
                0x20000084        0x4 ./Core/Src/buzzer.o
 .bss.BuzzerTaskHandle
                0x20000088        0x4 ./Core/Src/buzzerTask.o
 .bss.canRxFlag
                0x2000008c        0x1 ./Core/Src/can_rx_task.o
                0x2000008c                canRxFlag
 *fill*         0x2000008d        0x1 
 .bss.rx_id     0x2000008e        0x2 ./Core/Src/can_rx_task.o
 .bss.rx_header
                0x20000090        0x6 ./Core/Src/can_rx_task.o
 *fill*         0x20000096        0x2 
 .bss.huart3    0x20000098       0x48 ./Core/Src/main.o
                0x20000098                huart3
 .bss.hpcd_USB_OTG_FS
                0x200000e0      0x4e4 ./Core/Src/main.o
                0x200000e0                hpcd_USB_OTG_FS
 .bss.defaultTaskHandle
                0x200005c4        0x4 ./Core/Src/main.o
                0x200005c4                defaultTaskHandle
 .bss.maneuver  0x200005c8        0x1 ./Core/Src/main.o
                0x200005c8                maneuver
 .bss.pedFlag   0x200005c9        0x1 ./Core/Src/main.o
                0x200005c9                pedFlag
 *fill*         0x200005ca        0x2 
 .bss.ego       0x200005cc        0xa ./Core/Src/main.o
                0x200005cc                ego
 *fill*         0x200005d6        0x2 
 .bss.candidateVehicle
                0x200005d8       0x20 ./Core/Src/main.o
                0x200005d8                candidateVehicle
 .bss.tl        0x200005f8        0x8 ./Core/Src/main.o
                0x200005f8                tl
 .bss.tlDisplaySem
                0x20000600        0x4 ./Core/Src/main.o
                0x20000600                tlDisplaySem
 .bss.lcdMutex  0x20000604        0x4 ./Core/Src/main.o
                0x20000604                lcdMutex
 .bss.turnJudgeSem
                0x20000608        0x4 ./Core/Src/main.o
                0x20000608                turnJudgeSem
 .bss.buzzerSem
                0x2000060c        0x4 ./Core/Src/main.o
                0x2000060c                buzzerSem
 .bss.dicisionQueue
                0x20000610        0x4 ./Core/Src/main.o
                0x20000610                dicisionQueue
 .bss.JudgeTaskHandle
                0x20000614        0x4 ./Core/Src/main.o
                0x20000614                JudgeTaskHandle
 .bss.TlDisplayTaskHandle
                0x20000618        0x4 ./Core/Src/main.o
                0x20000618                TlDisplayTaskHandle
 .bss.DicisionDisplayTaskHandle
                0x2000061c        0x4 ./Core/Src/main.o
                0x2000061c                DicisionDisplayTaskHandle
 .bss.canRxTaskHandle
                0x20000620        0x4 ./Core/Src/main.o
                0x20000620                canRxTaskHandle
 .bss.uartIrqCount
                0x20000624        0x4 ./Core/Src/personDetect.o
                0x20000624                uartIrqCount
 .bss.uartRxByteCount
                0x20000628        0x4 ./Core/Src/personDetect.o
                0x20000628                uartRxByteCount
 .bss.uartValidByteCount
                0x2000062c        0x4 ./Core/Src/personDetect.o
                0x2000062c                uartValidByteCount
 .bss.uartLastRawByte
                0x20000630        0x1 ./Core/Src/personDetect.o
                0x20000630                uartLastRawByte
 .bss.uartLastDecodedFlag
                0x20000631        0x1 ./Core/Src/personDetect.o
                0x20000631                uartLastDecodedFlag
 *fill*         0x20000632        0x2 
 .bss.uartOverrunCount
                0x20000634        0x4 ./Core/Src/personDetect.o
                0x20000634                uartOverrunCount
 .bss.uartFramingCount
                0x20000638        0x4 ./Core/Src/personDetect.o
                0x20000638                uartFramingCount
 .bss.uartNoiseCount
                0x2000063c        0x4 ./Core/Src/personDetect.o
                0x2000063c                uartNoiseCount
 .bss.uartInvalidByteCount
                0x20000640        0x4 ./Core/Src/personDetect.o
                0x20000640                uartInvalidByteCount
 .bss.semGiveCount
                0x20000644        0x4 ./Core/Src/personDetect.o
                0x20000644                semGiveCount
 .bss.hasPedSample.0
                0x20000648        0x1 ./Core/Src/personDetect.o
 *fill*         0x20000649        0x3 
 .bss.__sbrk_heap_end
                0x2000064c        0x4 ./Core/Src/sysmem.o
 .bss.uwTick    0x20000650        0x4 ./Drivers/STM32F4xx_HAL_Driver/Src/stm32f4xx_hal.o
                0x20000650                uwTick
 .bss.KernelState
                0x20000654        0x4 ./Middlewares/Third_Party/FreeRTOS/Source/CMSIS_RTOS_V2/cmsis_os2.o
 .bss.Idle_TCB.3
                0x20000658       0x5c ./Middlewares/Third_Party/FreeRTOS/Source/CMSIS_RTOS_V2/cmsis_os2.o
 .bss.Idle_Stack.2
                0x200006b4      0x200 ./Middlewares/Third_Party/FreeRTOS/Source/CMSIS_RTOS_V2/cmsis_os2.o
 .bss.Timer_TCB.1
                0x200008b4       0x5c ./Middlewares/Third_Party/FreeRTOS/Source/CMSIS_RTOS_V2/cmsis_os2.o
 .bss.Timer_Stack.0
                0x20000910      0x400 ./Middlewares/Third_Party/FreeRTOS/Source/CMSIS_RTOS_V2/cmsis_os2.o
 .bss.xQueueRegistry
                0x20000d10       0x40 ./Middlewares/Third_Party/FreeRTOS/Source/queue.o
                0x20000d10                xQueueRegistry
 .bss.pxCurrentTCB
                0x20000d50        0x4 ./Middlewares/Third_Party/FreeRTOS/Source/tasks.o
                0x20000d50                pxCurrentTCB
 .bss.pxReadyTasksLists
                0x20000d54      0x460 ./Middlewares/Third_Party/FreeRTOS/Source/tasks.o
 .bss.xDelayedTaskList1
                0x200011b4       0x14 ./Middlewares/Third_Party/FreeRTOS/Source/tasks.o
 .bss.xDelayedTaskList2
                0x200011c8       0x14 ./Middlewares/Third_Party/FreeRTOS/Source/tasks.o
 .bss.pxDelayedTaskList
                0x200011dc        0x4 ./Middlewares/Third_Party/FreeRTOS/Source/tasks.o
 .bss.pxOverflowDelayedTaskList
                0x200011e0        0x4 ./Middlewares/Third_Party/FreeRTOS/Source/tasks.o
 .bss.xPendingReadyList
                0x200011e4       0x14 ./Middlewares/Third_Party/FreeRTOS/Source/tasks.o
 .bss.xTasksWaitingTermination
                0x200011f8       0x14 ./Middlewares/Third_Party/FreeRTOS/Source/tasks.o
 .bss.uxDeletedTasksWaitingCleanUp
                0x2000120c        0x4 ./Middlewares/Third_Party/FreeRTOS/Source/tasks.o
 .bss.xSuspendedTaskList
                0x20001210       0x14 ./Middlewares/Third_Party/FreeRTOS/Source/tasks.o
 .bss.uxCurrentNumberOfTasks
                0x20001224        0x4 ./Middlewares/Third_Party/FreeRTOS/Source/tasks.o
 .bss.xTickCount
                0x20001228        0x4 ./Middlewares/Third_Party/FreeRTOS/Source/tasks.o
 .bss.uxTopReadyPriority
                0x2000122c        0x4 ./Middlewares/Third_Party/FreeRTOS/Source/tasks.o
 .bss.xSchedulerRunning
                0x20001230        0x4 ./Middlewares/Third_Party/FreeRTOS/Source/tasks.o
 .bss.xPendedTicks
                0x20001234        0x4 ./Middlewares/Third_Party/FreeRTOS/Source/tasks.o
 .bss.xYieldPending
                0x20001238        0x4 ./Middlewares/Third_Party/FreeRTOS/Source/tasks.o
 .bss.xNumOfOverflows
                0x2000123c        0x4 ./Middlewares/Third_Party/FreeRTOS/Source/tasks.o
 .bss.uxTaskNumber
                0x20001240        0x4 ./Middlewares/Third_Party/FreeRTOS/Source/tasks.o
 .bss.xNextTaskUnblockTime
                0x20001244        0x4 ./Middlewares/Third_Party/FreeRTOS/Source/tasks.o
 .bss.xIdleTaskHandle
                0x20001248        0x4 ./Middlewares/Third_Party/FreeRTOS/Source/tasks.o
 .bss.uxSchedulerSuspended
                0x2000124c        0x4 ./Middlewares/Third_Party/FreeRTOS/Source/tasks.o
 .bss.xActiveTimerList1
                0x20001250       0x14 ./Middlewares/Third_Party/FreeRTOS/Source/timers.o
 .bss.xActiveTimerList2
                0x20001264       0x14 ./Middlewares/Third_Party/FreeRTOS/Source/timers.o
 .bss.pxCurrentTimerList
                0x20001278        0x4 ./Middlewares/Third_Party/FreeRTOS/Source/timers.o
 .bss.pxOverflowTimerList
                0x2000127c        0x4 ./Middlewares/Third_Party/FreeRTOS/Source/timers.o
 .bss.xTimerQueue
                0x20001280        0x4 ./Middlewares/Third_Party/FreeRTOS/Source/timers.o
 .bss.xTimerTaskHandle
                0x20001284        0x4 ./Middlewares/Third_Party/FreeRTOS/Source/timers.o
 .bss.xLastTime.2
                0x20001288        0x4 ./Middlewares/Third_Party/FreeRTOS/Source/timers.o
 .bss.ucStaticTimerQueueStorage.1
                0x2000128c       0xa0 ./Middlewares/Third_Party/FreeRTOS/Source/timers.o
 .bss.xStaticTimerQueue.0
                0x2000132c       0x50 ./Middlewares/Third_Party/FreeRTOS/Source/timers.o
 .bss.ucMaxSysCallPriority
                0x2000137c        0x1 ./Middlewares/Third_Party/FreeRTOS/Source/portable/GCC/ARM_CM4F/port.o
 *fill*         0x2000137d        0x3 
 .bss.ulMaxPRIGROUPValue
                0x20001380        0x4 ./Middlewares/Third_Party/FreeRTOS/Source/portable/GCC/ARM_CM4F/port.o
 .bss.ucHeap    0x20001384     0x3c00 ./Middlewares/Third_Party/FreeRTOS/Source/portable/MemMang/heap_4.o
 .bss.xStart    0x20004f84        0x8 ./Middlewares/Third_Party/FreeRTOS/Source/portable/MemMang/heap_4.o
 .bss.pxEnd     0x20004f8c        0x4 ./Middlewares/Third_Party/FreeRTOS/Source/portable/MemMang/heap_4.o
 .bss.xFreeBytesRemaining
                0x20004f90        0x4 ./Middlewares/Third_Party/FreeRTOS/Source/portable/MemMang/heap_4.o
 .bss.xMinimumEverFreeBytesRemaining
                0x20004f94        0x4 ./Middlewares/Third_Party/FreeRTOS/Source/portable/MemMang/heap_4.o
 .bss.xNumberOfSuccessfulAllocations
                0x20004f98        0x4 ./Middlewares/Third_Party/FreeRTOS/Source/portable/MemMang/heap_4.o
 .bss.xNumberOfSuccessfulFrees
                0x20004f9c        0x4 ./Middlewares/Third_Party/FreeRTOS/Source/portable/MemMang/heap_4.o
 .bss.xBlockAllocatedBit
                0x20004fa0        0x4 ./Middlewares/Third_Party/FreeRTOS/Source/portable/MemMang/heap_4.o
 .bss.__sf      0x20004fa4      0x138 C:/ST/STM32CubeIDE_2.1.1/STM32CubeIDE/plugins/com.st.stm32cube.ide.mcu.externaltools.gnu-tools-for-stm32.14.3.rel1.win32_1.0.100.202602081740/tools/bin/../lib/gcc/arm-none-eabi/14.3.1/../../../../arm-none-eabi/lib/thumb/v7e-m+fp/hard\libc_nano.a(libc_a-findfp.o)
                0x20004fa4                __sf
 .bss.errno     0x200050dc        0x4 C:/ST/STM32CubeIDE_2.1.1/STM32CubeIDE/plugins/com.st.stm32cube.ide.mcu.externaltools.gnu-tools-for-stm32.14.3.rel1.win32_1.0.100.202602081740/tools/bin/../lib/gcc/arm-none-eabi/14.3.1/../../../../arm-none-eabi/lib/thumb/v7e-m+fp/hard\libc_nano.a(libc_a-reent.o)
                0x200050dc                errno
 .bss.__lock___malloc_recursive_mutex
                0x200050e0        0x1 C:/ST/STM32CubeIDE_2.1.1/STM32CubeIDE/plugins/com.st.stm32cube.ide.mcu.externaltools.gnu-tools-for-stm32.14.3.rel1.win32_1.0.100.202602081740/tools/bin/../lib/gcc/arm-none-eabi/14.3.1/../../../../arm-none-eabi/lib/thumb/v7e-m+fp/hard\libc_nano.a(libc_a-lock.o)
                0x200050e0                __lock___malloc_recursive_mutex
 *fill*         0x200050e1        0x3 
 .bss.__malloc_sbrk_start
                0x200050e4        0x4 C:/ST/STM32CubeIDE_2.1.1/STM32CubeIDE/plugins/com.st.stm32cube.ide.mcu.externaltools.gnu-tools-for-stm32.14.3.rel1.win32_1.0.100.202602081740/tools/bin/../lib/gcc/arm-none-eabi/14.3.1/../../../../arm-none-eabi/lib/thumb/v7e-m+fp/hard\libc_nano.a(libc_a-mallocr.o)
                0x200050e4                __malloc_sbrk_start
 .bss.__malloc_free_list
                0x200050e8        0x4 C:/ST/STM32CubeIDE_2.1.1/STM32CubeIDE/plugins/com.st.stm32cube.ide.mcu.externaltools.gnu-tools-for-stm32.14.3.rel1.win32_1.0.100.202602081740/tools/bin/../lib/gcc/arm-none-eabi/14.3.1/../../../../arm-none-eabi/lib/thumb/v7e-m+fp/hard\libc_nano.a(libc_a-mallocr.o)
                0x200050e8                __malloc_free_list
 *(COMMON)
                0x200050ec                        . = ALIGN (0x4)
                0x200050ec                        _ebss = .
                0x200050ec                        __bss_end__ = _ebss

._user_heap_stack
                0x200050ec      0x604
                0x200050f0                        . = ALIGN (0x8)
 *fill*         0x200050ec        0x4 
                [!provide]                        PROVIDE (end = .)
                0x200050f0                        PROVIDE (_end = .)
                0x200052f0                        . = (. + _Min_Heap_Size)
 *fill*         0x200050f0      0x200 
                0x200056f0                        . = (. + _Min_Stack_Size)
 *fill*         0x200052f0      0x400 
                0x200056f0                        . = ALIGN (0x8)

/DISCARD/
 libc.a(*)
 libm.a(*)
 libgcc.a(*)

.ARM.attributes
                0x00000000       0x30
 *(.ARM.attributes)
 .ARM.attributes
                0x00000000       0x22 C:/ST/STM32CubeIDE_2.1.1/STM32CubeIDE/plugins/com.st.stm32cube.ide.mcu.externaltools.gnu-tools-for-stm32.14.3.rel1.win32_1.0.100.202602081740/tools/bin/../lib/gcc/arm-none-eabi/14.3.1/thumb/v7e-m+fp/hard/crti.o
 .ARM.attributes
                0x00000022       0x34 C:/ST/STM32CubeIDE_2.1.1/STM32CubeIDE/plugins/com.st.stm32cube.ide.mcu.externaltools.gnu-tools-for-stm32.14.3.rel1.win32_1.0.100.202602081740/tools/bin/../lib/gcc/arm-none-eabi/14.3.1/thumb/v7e-m+fp/hard/crtbegin.o
 .ARM.attributes
                0x00000056       0x34 ./Core/Src/buzzer.o
 .ARM.attributes
                0x0000008a       0x34 ./Core/Src/buzzerTask.o
 .ARM.attributes
                0x000000be       0x34 ./Core/Src/can_rx_task.o
 .ARM.attributes
                0x000000f2       0x34 ./Core/Src/debug_uart.o
 .ARM.attributes
                0x00000126       0x34 ./Core/Src/display_tasks.o
 .ARM.attributes
                0x0000015a       0x34 ./Core/Src/lcd.o
 .ARM.attributes
                0x0000018e       0x34 ./Core/Src/main.o
 .ARM.attributes
                0x000001c2       0x34 ./Core/Src/personDetect.o
 .ARM.attributes
                0x000001f6       0x34 ./Core/Src/stm32f4xx_hal_msp.o
 .ARM.attributes
                0x0000022a       0x34 ./Core/Src/stm32f4xx_it.o
 .ARM.attributes
                0x0000025e       0x34 ./Core/Src/sysmem.o
 .ARM.attributes
                0x00000292       0x34 ./Core/Src/system_stm32f4xx.o
 .ARM.attributes
                0x000002c6       0x34 ./Core/Src/ttc.o
 .ARM.attributes
                0x000002fa       0x34 ./Core/Src/turnJudgeTask.o
 .ARM.attributes
                0x0000032e       0x21 ./Core/Startup/startup_stm32f429zitx.o
 .ARM.attributes
                0x0000034f       0x34 ./Drivers/STM32F4xx_HAL_Driver/Src/stm32f4xx_hal.o
 .ARM.attributes
                0x00000383       0x34 ./Drivers/STM32F4xx_HAL_Driver/Src/stm32f4xx_hal_cortex.o
 .ARM.attributes
                0x000003b7       0x34 ./Drivers/STM32F4xx_HAL_Driver/Src/stm32f4xx_hal_gpio.o
 .ARM.attributes
                0x000003eb       0x34 ./Drivers/STM32F4xx_HAL_Driver/Src/stm32f4xx_hal_pcd.o
 .ARM.attributes
                0x0000041f       0x34 ./Drivers/STM32F4xx_HAL_Driver/Src/stm32f4xx_hal_rcc.o
 .ARM.attributes
                0x00000453       0x34 ./Drivers/STM32F4xx_HAL_Driver/Src/stm32f4xx_hal_uart.o
 .ARM.attributes
                0x00000487       0x34 ./Drivers/STM32F4xx_HAL_Driver/Src/stm32f4xx_ll_usb.o