Archive member included to satisfy reference by file (symbol)

C:/ST/STM32CubeIDE_2.1.1/STM32CubeIDE/plugins/com.st.stm32cube.ide.mcu.externaltools.gnu-tools-for-stm32.14.3.rel1.win32_1.0.100.202602081740/tools/bin/../lib/gcc/arm-none-eabi/14.3.1/../../../../arm-none-eabi/lib/thumb/v7e-m+fp/hard\libc_nano.a(libc_a-exit.o)
                              C:/ST/STM32CubeIDE_2.1.1/STM32CubeIDE/plugins/com.st.stm32cube.ide.mcu.externaltools.gnu-tools-for-stm32.14.3.rel1.win32_1.0.100.202602081740/tools/bin/../lib/gcc/arm-none-eabi/14.3.1/../../../../arm-none-eabi/lib/thumb/v7e-m+fp/hard/crt0.o (exit)
C:/ST/STM32CubeIDE_2.1.1/STM32CubeIDE/plugins/com.st.stm32cube.ide.mcu.externaltools.gnu-tools-for-stm32.14.3.rel1.win32_1.0.100.202602081740/tools/bin/../lib/gcc/arm-none-eabi/14.3.1/../../../../arm-none-eabi/lib/thumb/v7e-m+fp/hard\libc_nano.a(libc_a-findfp.o)
                              C:/ST/STM32CubeIDE_2.1.1/STM32CubeIDE/plugins/com.st.stm32cube.ide.mcu.externaltools.gnu-tools-for-stm32.14.3.rel1.win32_1.0.100.202602081740/tools/bin/../lib/gcc/arm-none-eabi/14.3.1/../../../../arm-none-eabi/lib/thumb/v7e-m+fp/hard\libc_nano.a(libc_a-exit.o) (__stdio_exit_handler)
C:/ST/STM32CubeIDE_2.1.1/STM32CubeIDE/plugins/com.st.stm32cube.ide.mcu.externaltools.gnu-tools-for-stm32.14.3.rel1.win32_1.0.100.202602081740/tools/bin/../lib/gcc/arm-none-eabi/14.3.1/../../../../arm-none-eabi/lib/thumb/v7e-m+fp/hard\libc_nano.a(libc_a-fwalk.o)
                              C:/ST/STM32CubeIDE_2.1.1/STM32CubeIDE/plugins/com.st.stm32cube.ide.mcu.externaltools.gnu-tools-for-stm32.14.3.rel1.win32_1.0.100.202602081740/tools/bin/../lib/gcc/arm-none-eabi/14.3.1/../../../../arm-none-eabi/lib/thumb/v7e-m+fp/hard\libc_nano.a(libc_a-findfp.o) (_fwalk_sglue)
C:/ST/STM32CubeIDE_2.1.1/STM32CubeIDE/plugins/com.st.stm32cube.ide.mcu.externaltools.gnu-tools-for-stm32.14.3.rel1.win32_1.0.100.202602081740/tools/bin/../lib/gcc/arm-none-eabi/14.3.1/../../../../arm-none-eabi/lib/thumb/v7e-m+fp/hard\libc_nano.a(libc_a-stdio.o)
                              C:/ST/STM32CubeIDE_2.1.1/STM32CubeIDE/plugins/com.st.stm32cube.ide.mcu.externaltools.gnu-tools-for-stm32.14.3.rel1.win32_1.0.100.202602081740/tools/bin/../lib/gcc/arm-none-eabi/14.3.1/../../../../arm-none-eabi/lib/thumb/v7e-m+fp/hard\libc_nano.a(libc_a-findfp.o) (__sread)
C:/ST/STM32CubeIDE_2.1.1/STM32CubeIDE/plugins/com.st.stm32cube.ide.mcu.externaltools.gnu-tools-for-stm32.14.3.rel1.win32_1.0.100.202602081740/tools/bin/../lib/gcc/arm-none-eabi/14.3.1/../../../../arm-none-eabi/lib/thumb/v7e-m+fp/hard\libc_nano.a(libc_a-memset.o)
                              C:/ST/STM32CubeIDE_2.1.1/STM32CubeIDE/plugins/com.st.stm32cube.ide.mcu.externaltools.gnu-tools-for-stm32.14.3.rel1.win32_1.0.100.202602081740/tools/bin/../lib/gcc/arm-none-eabi/14.3.1/../../../../arm-none-eabi/lib/thumb/v7e-m+fp/hard/crt0.o (memset)
C:/ST/STM32CubeIDE_2.1.1/STM32CubeIDE/plugins/com.st.stm32cube.ide.mcu.externaltools.gnu-tools-for-stm32.14.3.rel1.win32_1.0.100.202602081740/tools/bin/../lib/gcc/arm-none-eabi/14.3.1/../../../../arm-none-eabi/lib/thumb/v7e-m+fp/hard\libc_nano.a(libc_a-closer.o)
                              C:/ST/STM32CubeIDE_2.1.1/STM32CubeIDE/plugins/com.st.stm32cube.ide.mcu.externaltools.gnu-tools-for-stm32.14.3.rel1.win32_1.0.100.202602081740/tools/bin/../lib/gcc/arm-none-eabi/14.3.1/../../../../arm-none-eabi/lib/thumb/v7e-m+fp/hard\libc_nano.a(libc_a-stdio.o) (_close_r)
C:/ST/STM32CubeIDE_2.1.1/STM32CubeIDE/plugins/com.st.stm32cube.ide.mcu.externaltools.gnu-tools-for-stm32.14.3.rel1.win32_1.0.100.202602081740/tools/bin/../lib/gcc/arm-none-eabi/14.3.1/../../../../arm-none-eabi/lib/thumb/v7e-m+fp/hard\libc_nano.a(libc_a-reent.o)
                              C:/ST/STM32CubeIDE_2.1.1/STM32CubeIDE/plugins/com.st.stm32cube.ide.mcu.externaltools.gnu-tools-for-stm32.14.3.rel1.win32_1.0.100.202602081740/tools/bin/../lib/gcc/arm-none-eabi/14.3.1/../../../../arm-none-eabi/lib/thumb/v7e-m+fp/hard\libc_nano.a(libc_a-closer.o) (errno)
C:/ST/STM32CubeIDE_2.1.1/STM32CubeIDE/plugins/com.st.stm32cube.ide.mcu.externaltools.gnu-tools-for-stm32.14.3.rel1.win32_1.0.100.202602081740/tools/bin/../lib/gcc/arm-none-eabi/14.3.1/../../../../arm-none-eabi/lib/thumb/v7e-m+fp/hard\libc_nano.a(libc_a-impure.o)
                              C:/ST/STM32CubeIDE_2.1.1/STM32CubeIDE/plugins/com.st.stm32cube.ide.mcu.externaltools.gnu-tools-for-stm32.14.3.rel1.win32_1.0.100.202602081740/tools/bin/../lib/gcc/arm-none-eabi/14.3.1/../../../../arm-none-eabi/lib/thumb/v7e-m+fp/hard\libc_nano.a(libc_a-reent.o) (_impure_ptr)
C:/ST/STM32CubeIDE_2.1.1/STM32CubeIDE/plugins/com.st.stm32cube.ide.mcu.externaltools.gnu-tools-for-stm32.14.3.rel1.win32_1.0.100.202602081740/tools/bin/../lib/gcc/arm-none-eabi/14.3.1/../../../../arm-none-eabi/lib/thumb/v7e-m+fp/hard\libc_nano.a(libc_a-lseekr.o)
[...]
Memory Configuration

Name             Origin             Length             Attributes
CCMRAM           0x10000000         0x00010000         xrw
RAM              0x20000000         0x00030000         xrw
FLASH            0x08000000         0x00200000         xr
*default*        0x00000000         0xffffffff

Linker script and memory map

LOAD C:/ST/STM32CubeIDE_2.1.1/STM32CubeIDE/plugins/com.st.stm32cube.ide.mcu.externaltools.gnu-tools-for-stm32.14.3.rel1.win32_1.0.100.202602081740/tools/bin/../lib/gcc/arm-none-eabi/14.3.1/thumb/v7e-m+fp/hard/crti.o
LOAD C:/ST/STM32CubeIDE_2.1.1/STM32CubeIDE/plugins/com.st.stm32cube.ide.mcu.externaltools.gnu-tools-for-stm32.14.3.rel1.win32_1.0.100.202602081740/tools/bin/../lib/gcc/arm-none-eabi/14.3.1/thumb/v7e-m+fp/hard/crtbegin.o
LOAD C:/ST/STM32CubeIDE_2.1.1/STM32CubeIDE/plugins/com.st.stm32cube.ide.mcu.externaltools.gnu-tools-for-stm32.14.3.rel1.win32_1.0.100.202602081740/tools/bin/../lib/gcc/arm-none-eabi/14.3.1/../../../../arm-none-eabi/lib/thumb/v7e-m+fp/hard/crt0.o
LOAD ./Core/Src/display_tasks.o
LOAD ./Core/Src/freertos.o
LOAD ./Core/Src/lcd.o
LOAD ./Core/Src/main.o
LOAD ./Core/Src/stm32f4xx_hal_msp.o
LOAD ./Core/Src/stm32f4xx_it.o
LOAD ./Core/Src/syscalls.o
LOAD ./Core/Src/sysmem.o
LOAD ./Core/Src/system_stm32f4xx.o
LOAD ./Core/Src/turnJudgeTask.o
LOAD ./Core/Startup/startup_stm32f429zitx.o
LOAD ./Drivers/STM32F4xx_HAL_Driver/Src/stm32f4xx_hal.o
LOAD ./Drivers/STM32F4xx_HAL_Driver/Src/stm32f4xx_hal_cortex.o
LOAD ./Drivers/STM32F4xx_HAL_Driver/Src/stm32f4xx_hal_dma.o
LOAD ./Drivers/STM32F4xx_HAL_Driver/Src/stm32f4xx_hal_dma_ex.o
LOAD ./Drivers/STM32F4xx_HAL_Driver/Src/stm32f4xx_hal_eth.o
LOAD ./Drivers/STM32F4xx_HAL_Driver/Src/stm32f4xx_hal_exti.o
LOAD ./Drivers/STM32F4xx_HAL_Driver/Src/stm32f4xx_hal_flash.o
LOAD ./Drivers/STM32F4xx_HAL_Driver/Src/stm32f4xx_hal_flash_ex.o
LOAD ./Drivers/STM32F4xx_HAL_Driver/Src/stm32f4xx_hal_flash_ramfunc.o
LOAD ./Drivers/STM32F4xx_HAL_Driver/Src/stm32f4xx_hal_gpio.o
LOAD ./Drivers/STM32F4xx_HAL_Driver/Src/stm32f4xx_hal_pcd.o
LOAD ./Drivers/STM32F4xx_HAL_Driver/Src/stm32f4xx_hal_pcd_ex.o
LOAD ./Drivers/STM32F4xx_HAL_Driver/Src/stm32f4xx_hal_pwr.o
LOAD ./Drivers/STM32F4xx_HAL_Driver/Src/stm32f4xx_hal_pwr_ex.o
LOAD ./Drivers/STM32F4xx_HAL_Driver/Src/stm32f4xx_hal_rcc.o
LOAD ./Drivers/STM32F4xx_HAL_Driver/Src/stm32f4xx_hal_rcc_ex.o
LOAD ./Drivers/STM32F4xx_HAL_Driver/Src/stm32f4xx_hal_uart.o
LOAD ./Drivers/STM32F4xx_HAL_Driver/Src/stm32f4xx_ll_usb.o
LOAD ./Middlewares/Third_Party/FreeRTOS/Source/CMSIS_RTOS_V2/cmsis_os2.o
LOAD ./Middlewares/Third_Party/FreeRTOS/Source/croutine.o
LOAD ./Middlewares/Third_Party/FreeRTOS/Source/event_groups.o
LOAD ./Middlewares/Third_Party/FreeRTOS/Source/list.o
LOAD ./Middlewares/Third_Party/FreeRTOS/Source/queue.o
LOAD ./Middlewares/Third_Party/FreeRTOS/Source/stream_buffer.o
LOAD ./Middlewares/Third_Party/FreeRTOS/Source/tasks.o
LOAD ./Middlewares/Third_Party/FreeRTOS/Source/timers.o
LOAD ./Middlewares/Third_Party/FreeRTOS/Source/portable/GCC/ARM_CM4F/port.o
LOAD ./Middlewares/Third_Party/FreeRTOS/Source/portable/MemMang/heap_4.o
START GROUP
LOAD C:/ST/STM32CubeIDE_2.1.1/STM32CubeIDE/plugins/com.st.stm32cube.ide.mcu.externaltools.gnu-tools-for-stm32.14.3.rel1.win32_1.0.100.202602081740/tools/bin/../lib/gcc/arm-none-eabi/14.3.1/../../../../arm-none-eabi/lib/thumb/v7e-m+fp/hard\libc_nano.a
LOAD C:/ST/STM32CubeIDE_2.1.1/STM32CubeIDE/plugins/com.st.stm32cube.ide.mcu.externaltools.gnu-tools-for-stm32.14.3.rel1.win32_1.0.100.202602081740/tools/bin/../lib/gcc/arm-none-eabi/14.3.1/../../../../arm-none-eabi/lib/thumb/v7e-m+fp/hard\libm.a
END GROUP
START GROUP
LOAD C:/ST/STM32CubeIDE_2.1.1/STM32CubeIDE/plugins/com.st.stm32cube.ide.mcu.externaltools.gnu-tools-for-stm32.14.3.rel1.win32_1.0.100.202602081740/tools/bin/../lib/gcc/arm-none-eabi/14.3.1/thumb/v7e-m+fp/hard\libgcc.a
LOAD C:/ST/STM32CubeIDE_2.1.1/STM32CubeIDE/plugins/com.st.stm32cube.ide.mcu.externaltools.gnu-tools-for-stm32.14.3.rel1.win32_1.0.100.202602081740/tools/bin/../lib/gcc/arm-none-eabi/14.3.1/../../../../arm-none-eabi/lib/thumb/v7e-m+fp/hard\libc_nano.a
END GROUP
START GROUP
LOAD C:/ST/STM32CubeIDE_2.1.1/STM32CubeIDE/plugins/com.st.stm32cube.ide.mcu.externaltools.gnu-tools-for-stm32.14.3.rel1.win32_1.0.100.202602081740/tools/bin/../lib/gcc/arm-none-eabi/14.3.1/thumb/v7e-m+fp/hard\libgcc.a
LOAD C:/ST/STM32CubeIDE_2.1.1/STM32CubeIDE/plugins/com.st.stm32cube.ide.mcu.externaltools.gnu-tools-for-stm32.14.3.rel1.win32_1.0.100.202602081740/tools/bin/../lib/gcc/arm-none-eabi/14.3.1/../../../../arm-none-eabi/lib/thumb/v7e-m+fp/hard\libc_nano.a
LOAD C:/ST/STM32CubeIDE_2.1.1/STM32CubeIDE/plugins/com.st.stm32cube.ide.mcu.externaltools.gnu-tools-for-stm32.14.3.rel1.win32_1.0.100.202602081740/tools/bin/../lib/gcc/arm-none-eabi/14.3.1/../../../../arm-none-eabi/lib/thumb/v7e-m+fp/hard\libnosys.a
END GROUP
START GROUP
LOAD C:/ST/STM32CubeIDE_2.1.1/STM32CubeIDE/plugins/com.st.stm32cube.ide.mcu.externaltools.gnu-tools-for-stm32.14.3.rel1.win32_1.0.100.202602081740/tools/bin/../lib/gcc/arm-none-eabi/14.3.1/thumb/v7e-m+fp/hard\libgcc.a
LOAD C:/ST/STM32CubeIDE_2.1.1/STM32CubeIDE/plugins/com.st.stm32cube.ide.mcu.externaltools.gnu-tools-for-stm32.14.3.rel1.win32_1.0.100.202602081740/tools/bin/../lib/gcc/arm-none-eabi/14.3.1/../../../../arm-none-eabi/lib/thumb/v7e-m+fp/hard\libc_nano.a
LOAD C:/ST/STM32CubeIDE_2.1.1/STM32CubeIDE/plugins/com.st.stm32cube.ide.mcu.externaltools.gnu-tools-for-stm32.14.3.rel1.win32_1.0.100.202602081740/tools/bin/../lib/gcc/arm-none-eabi/14.3.1/../../../../arm-none-eabi/lib/thumb/v7e-m+fp/hard\libnosys.a
END GROUP
LOAD C:/ST/STM32CubeIDE_2.1.1/STM32CubeIDE/plugins/com.st.stm32cube.ide.mcu.externaltools.gnu-tools-for-stm32.14.3.rel1.win32_1.0.100.202602081740/tools/bin/../lib/gcc/arm-none-eabi/14.3.1/thumb/v7e-m+fp/hard/crtend.o
LOAD C:/ST/STM32CubeIDE_2.1.1/STM32CubeIDE/plugins/com.st.stm32cube.ide.mcu.externaltools.gnu-tools-for-stm32.14.3.rel1.win32_1.0.100.202602081740/tools/bin/../lib/gcc/arm-none-eabi/14.3.1/thumb/v7e-m+fp/hard/crtn.o
                0x20030000                        _estack = (ORIGIN (RAM) + LENGTH (RAM))
                0x00000200                        _Min_Heap_Size = 0x200
                0x00000400                        _Min_Stack_Size = 0x400

.isr_vector     0x08000000      0x1ac
                0x08000000                        . = ALIGN (0x4)
 *(.isr_vector)
 .isr_vector    0x08000000      0x1ac ./Core/Startup/startup_stm32f429zitx.o
                0x08000000                g_pfnVectors
                0x080001ac                        . = ALIGN (0x4)

.text           0x080001b0     0x457c
                0x080001b0                        . = ALIGN (0x4)
 *(.text)
 .text          0x080001b0       0x40 C:/ST/STM32CubeIDE_2.1.1/STM32CubeIDE/plugins/com.st.stm32cube.ide.mcu.externaltools.gnu-tools-for-stm32.14.3.rel1.win32_1.0.100.202602081740/tools/bin/../lib/gcc/arm-none-eabi/14.3.1/thumb/v7e-m+fp/hard/crtbegin.o
 .text          0x080001f0       0x30 C:/ST/STM32CubeIDE_2.1.1/STM32CubeIDE/plugins/com.st.stm32cube.ide.mcu.externaltools.gnu-tools-for-stm32.14.3.rel1.win32_1.0.100.202602081740/tools/bin/../lib/gcc/arm-none-eabi/14.3.1/thumb/v7e-m+fp/hard\libgcc.a(_aeabi_uldivmod.o)
                0x080001f0                __aeabi_uldivmod
 .text          0x08000220      0x2f8 C:/ST/STM32CubeIDE_2.1.1/STM32CubeIDE/plugins/com.st.stm32cube.ide.mcu.externaltools.gnu-tools-for-stm32.14.3.rel1.win32_1.0.100.202602081740/tools/bin/../lib/gcc/arm-none-eabi/14.3.1/thumb/v7e-m+fp/hard\libgcc.a(_udivmoddi4.o)
                0x08000220                __udivmoddi4
 .text          0x08000518        0x4 C:/ST/STM32CubeIDE_2.1.1/STM32CubeIDE/plugins/com.st.stm32cube.ide.mcu.externaltools.gnu-tools-for-stm32.14.3.rel1.win32_1.0.100.202602081740/tools/bin/../lib/gcc/arm-none-eabi/14.3.1/thumb/v7e-m+fp/hard\libgcc.a(_dvmd_tls.o)
                0x08000518                __aeabi_idiv0
                0x08000518                __aeabi_ldiv0
 *(.text*)
 .text.TlDisplayTask
                0x0800051c       0x28 ./Core/Src/display_tasks.o
                0x0800051c                TlDisplayTask
 .text.DicisionDisplayTask
                0x08000544       0x80 ./Core/Src/display_tasks.o
                0x08000544                DicisionDisplayTask
 .text.DisplayTasks_Init
                0x080005c4       0x4c ./Core/Src/display_tasks.o
                0x080005c4                DisplayTasks_Init
 .text.SPI_SendByte
                0x08000610       0x1c ./Core/Src/lcd.o
 .text.LCD_WriteCommand
                0x0800062c       0x20 ./Core/Src/lcd.o
 .text.LCD_WriteData
                0x0800064c       0x20 ./Core/Src/lcd.o
 .text.LCD_FillRect.part.0
                0x0800066c       0xc4 ./Core/Src/lcd.o
 .text.LCD_FillRect
                0x08000730       0x1a ./Core/Src/lcd.o
 .text.LCD_FillCircle
                0x0800074a       0xb8 ./Core/Src/lcd.o
 *fill*         0x08000802        0x2 
 .text.LCD_DrawString
                0x08000804       0x98 ./Core/Src/lcd.o
 .text.Dashboard_DrawCountdown
                0x0800089c       0x36 ./Core/Src/lcd.o
 .text.LCD_FillTriangle.constprop.0
                0x080008d2      0x188 ./Core/Src/lcd.o
 .text.LCD_DrawLine.constprop.0
                0x08000a5a       0xc4 ./Core/Src/lcd.o
 *fill*         0x08000b1e        0x2 
 .text.LCD_Init
                0x08000b20      0x31c ./Core/Src/lcd.o
                0x08000b20                LCD_Init
 .text.Dashboard_DrawSignalDots
                0x08000e3c       0x5c ./Core/Src/lcd.o
                0x08000e3c                Dashboard_DrawSignalDots
 .text.Dashboard_UpdateCountdown
                0x08000e98       0x20 ./Core/Src/lcd.o
                0x08000e98                Dashboard_UpdateCountdown
 .text.Dashboard_DrawDirection
                0x08000eb8       0xec ./Core/Src/lcd.o
                0x08000eb8                Dashboard_DrawDirection
 .text.Dashboard_DrawWarnings
                0x08000fa4      0x178 ./Core/Src/lcd.o
                0x08000fa4                Dashboard_DrawWarnings
 .text.Dashboard_DrawStatic
                0x0800111c       0x7c ./Core/Src/lcd.o
                0x0800111c                Dashboard_DrawStatic
 .text.StartDefaultTask
                0x08001198        0xa ./Core/Src/main.o
                0x08001198                StartDefaultTask
 *fill*         0x080011a2        0x2 
 .text.SystemClock_Config
                0x080011a4       0xa4 ./Core/Src/main.o
                0x080011a4                SystemClock_Config
 .text.startup.main
                0x08001248      0x244 ./Core/Src/main.o
                0x08001248                main
 .text.HAL_MspInit
                0x0800148c       0x40 ./Core/Src/stm32f4xx_hal_msp.o
                0x0800148c                HAL_MspInit
 .text.HAL_ETH_MspInit
                0x080014cc      0x11c ./Core/Src/stm32f4xx_hal_msp.o
                0x080014cc                HAL_ETH_MspInit
 .text.HAL_UART_MspInit
                0x080015e8       0x6c ./Core/Src/stm32f4xx_hal_msp.o
                0x080015e8                HAL_UART_MspInit
 .text.HAL_PCD_MspInit
                0x08001654       0x84 ./Core/Src/stm32f4xx_hal_msp.o
                0x08001654                HAL_PCD_MspInit
 .text.NMI_Handler
                0x080016d8        0x2 ./Core/Src/stm32f4xx_it.o
                0x080016d8                NMI_Handler
 .text.HardFault_Handler
                0x080016da        0x2 ./Core/Src/stm32f4xx_it.o
                0x080016da                HardFault_Handler
 .text.MemManage_Handler
                0x080016dc        0x2 ./Core/Src/stm32f4xx_it.o
                0x080016dc                MemManage_Handler
 .text.BusFault_Handler
                0x080016de        0x2 ./Core/Src/stm32f4xx_it.o
                0x080016de                BusFault_Handler
 .text.UsageFault_Handler
                0x080016e0        0x2 ./Core/Src/stm32f4xx_it.o
                0x080016e0                UsageFault_Handler
 .text.DebugMon_Handler
                0x080016e2        0x2 ./Core/Src/stm32f4xx_it.o
                0x080016e2                DebugMon_Handler
 .text.SysTick_Handler
                0x080016e4       0x18 ./Core/Src/stm32f4xx_it.o
                0x080016e4                SysTick_Handler
 .text.SystemInit
                0x080016fc       0x14 ./Core/Src/system_stm32f4xx.o
                0x080016fc                SystemInit
 .text.TurnJudgeTask
                0x08001710       0xd8 ./Core/Src/turnJudgeTask.o
 .text.TurnJudgeTask_Init
                0x080017e8       0x20 ./Core/Src/turnJudgeTask.o
                0x080017e8                TurnJudgeTask_Init
 .text.Reset_Handler
                0x08001808       0x50 ./Core/Startup/startup_stm32f429zitx.o
                0x08001808                Reset_Handler
 .text.Default_Handler
                0x08001858        0x2 ./Core/Startup/startup_stm32f429zitx.o
                0x08001858                RTC_Alarm_IRQHandler
                0x08001858                HASH_RNG_IRQHandler
                0x08001858                EXTI2_IRQHandler
                0x08001858                TIM8_CC_IRQHandler
                0x08001858                UART8_IRQHandler
                0x08001858                SPI4_IRQHandler
                0x08001858                TIM1_CC_IRQHandler
                0x08001858                DMA2_Stream5_IRQHandler
                0x08001858                DMA1_Stream5_IRQHandler
                0x08001858                PVD_IRQHandler
                0x08001858                SDIO_IRQHandler
                0x08001858                TAMP_STAMP_IRQHandler
                0x08001858                CAN2_RX1_IRQHandler
                0x08001858                EXTI3_IRQHandler
                0x08001858                TIM8_TRG_COM_TIM14_IRQHandler
                0x08001858                TIM1_UP_TIM10_IRQHandler
                0x08001858                TIM8_UP_TIM13_IRQHandler
                0x08001858                I2C3_ER_IRQHandler
                0x08001858                EXTI0_IRQHandler
                0x08001858                I2C2_EV_IRQHandler
                0x08001858                DMA1_Stream2_IRQHandler
                0x08001858                CAN1_RX0_IRQHandler
                0x08001858                FPU_IRQHandler
                0x08001858                OTG_HS_WKUP_IRQHandler
                0x08001858                LTDC_ER_IRQHandler
                0x08001858                CAN2_SCE_IRQHandler
                0x08001858                DMA2_Stream2_IRQHandler
                0x08001858                SPI1_IRQHandler
                0x08001858                TIM6_DAC_IRQHandler
                0x08001858                TIM1_BRK_TIM9_IRQHandler
                0x08001858                DCMI_IRQHandler
                0x08001858                CAN2_RX0_IRQHandler
                0x08001858                DMA2_Stream3_IRQHandler
                0x08001858                USART6_IRQHandler
                0x08001858                USART3_IRQHandler
                0x08001858                CAN1_RX1_IRQHandler
                0x08001858                UART5_IRQHandler
                0x08001858                DMA2_Stream0_IRQHandler
                0x08001858                TIM4_IRQHandler
                0x08001858                I2C1_EV_IRQHandler
                0x08001858                DMA1_Stream6_IRQHandler
                0x08001858                DMA1_Stream1_IRQHandler
                0x08001858                UART4_IRQHandler
                0x08001858                TIM3_IRQHandler
                0x08001858                RCC_IRQHandler
                0x08001858                TIM8_BRK_TIM12_IRQHandler
                0x08001858                Default_Handler
                0x08001858                EXTI15_10_IRQHandler
                0x08001858                ADC_IRQHandler
                0x08001858                DMA1_Stream7_IRQHandler
                0x08001858                SPI5_IRQHandler
                0x08001858                TIM7_IRQHandler
                0x08001858                CAN2_TX_IRQHandler
                0x08001858                TIM5_IRQHandler
                0x08001858                DMA2_Stream7_IRQHandler
                0x08001858                I2C3_EV_IRQHandler
                0x08001858                EXTI9_5_IRQHandler
                0x08001858                RTC_WKUP_IRQHandler
                0x08001858                LTDC_IRQHandler
                0x08001858                ETH_WKUP_IRQHandler
                0x08001858                SPI2_IRQHandler
                0x08001858                OTG_HS_EP1_IN_IRQHandler
                0x08001858                DMA1_Stream0_IRQHandler
                0x08001858                CAN1_TX_IRQHandler
                0x08001858                EXTI4_IRQHandler
                0x08001858                ETH_IRQHandler
                0x08001858                OTG_HS_EP1_OUT_IRQHandler
                0x08001858                WWDG_IRQHandler
                0x08001858                SPI6_IRQHandler
                0x08001858                TIM2_IRQHandler
                0x08001858                OTG_FS_WKUP_IRQHandler
                0x08001858                TIM1_TRG_COM_TIM11_IRQHandler
                0x08001858                OTG_HS_IRQHandler
                0x08001858                DMA2D_IRQHandler
                0x08001858                EXTI1_IRQHandler
                0x08001858                UART7_IRQHandler
                0x08001858                USART2_IRQHandler
                0x08001858                I2C2_ER_IRQHandler
                0x08001858                DMA2_Stream1_IRQHandler
                0x08001858                CAN1_SCE_IRQHandler
                0x08001858                FLASH_IRQHandler
                0x08001858                DMA2_Stream4_IRQHandler
                0x08001858                USART1_IRQHandler
                0x08001858                OTG_FS_IRQHandler
                0x08001858                SPI3_IRQHandler
                0x08001858                DMA1_Stream4_IRQHandler
                0x08001858                I2C1_ER_IRQHandler
                0x08001858                FMC_IRQHandler
                0x08001858                DMA2_Stream6_IRQHandler
                0x08001858                SAI1_IRQHandler
                0x08001858                DMA1_Stream3_IRQHandler
 *fill*         0x0800185a        0x2 
 .text.HAL_InitTick
                0x0800185c       0x48 ./Drivers/STM32F4xx_HAL_Driver/Src/stm32f4xx_hal.o
                0x0800185c                HAL_InitTick
 .text.HAL_Init
                0x080018a4       0x34 ./Drivers/STM32F4xx_HAL_Driver/Src/stm32f4xx_hal.o
                0x080018a4                HAL_Init
 .text.HAL_IncTick
                0x080018d8       0x18 ./Drivers/STM32F4xx_HAL_Driver/Src/stm32f4xx_hal.o
                0x080018d8                HAL_IncTick
 .text.HAL_GetTick
                0x080018f0        0xc ./Drivers/STM32F4xx_HAL_Driver/Src/stm32f4xx_hal.o
                0x080018f0                HAL_GetTick
 .text.HAL_Delay
                0x080018fc       0x28 ./Drivers/STM32F4xx_HAL_Driver/Src/stm32f4xx_hal.o
                0x080018fc                HAL_Delay
 .text.HAL_NVIC_SetPriorityGrouping
                0x08001924       0x24 ./Drivers/STM32F4xx_HAL_Driver/Src/stm32f4xx_hal_cortex.o
                0x08001924                HAL_NVIC_SetPriorityGrouping
 .text.HAL_NVIC_SetPriority
                0x08001948       0x64 ./Drivers/STM32F4xx_HAL_Driver/Src/stm32f4xx_hal_cortex.o
                0x08001948                HAL_NVIC_SetPriority
 .text.HAL_SYSTICK_Config
                0x080019ac       0x28 ./Drivers/STM32F4xx_HAL_Driver/Src/stm32f4xx_hal_cortex.o
                0x080019ac                HAL_SYSTICK_Config
 .text.ETH_SetMACConfig
                0x080019d4       0xec ./Drivers/STM32F4xx_HAL_Driver/Src/stm32f4xx_hal_eth.o
 .text.ETH_SetDMAConfig
                0x08001ac0       0xa4 ./Drivers/STM32F4xx_HAL_Driver/Src/stm32f4xx_hal_eth.o
 .text.HAL_ETH_Init
                0x08001b64      0x1f8 ./Drivers/STM32F4xx_HAL_Driver/Src/stm32f4xx_hal_eth.o
                0x08001b64                HAL_ETH_Init
 .text.HAL_GPIO_Init
                0x08001d5c      0x1c8 ./Drivers/STM32F4xx_HAL_Driver/Src/stm32f4xx_hal_gpio.o
                0x08001d5c                HAL_GPIO_Init
 .text.HAL_GPIO_WritePin
                0x08001f24        0xa ./Drivers/STM32F4xx_HAL_Driver/Src/stm32f4xx_hal_gpio.o
                0x08001f24                HAL_GPIO_WritePin
 .text.HAL_PCD_Init
                0x08001f2e       0xde ./Drivers/STM32F4xx_HAL_Driver/Src/stm32f4xx_hal_pcd.o
                0x08001f2e                HAL_PCD_Init
 .text.HAL_RCC_OscConfig
                0x0800200c      0x35c ./Drivers/STM32F4xx_HAL_Driver/Src/stm32f4xx_hal_rcc.o
                0x0800200c                HAL_RCC_OscConfig
 .text.HAL_RCC_GetSysClockFreq
                0x08002368       0x5c ./Drivers/STM32F4xx_HAL_Driver/Src/stm32f4xx_hal_rcc.o
                0x08002368                HAL_RCC_GetSysClockFreq
 .text.HAL_RCC_ClockConfig
                0x080023c4      0x134 ./Drivers/STM32F4xx_HAL_Driver/Src/stm32f4xx_hal_rcc.o
                0x080023c4                HAL_RCC_ClockConfig
 .text.HAL_RCC_GetPCLK1Freq
                0x080024f8       0x20 ./Drivers/STM32F4xx_HAL_Driver/Src/stm32f4xx_hal_rcc.o
                0x080024f8                HAL_RCC_GetPCLK1Freq
 .text.HAL_RCC_GetPCLK2Freq
                0x08002518       0x20 ./Drivers/STM32F4xx_HAL_Driver/Src/stm32f4xx_hal_rcc.o
                0x08002518                HAL_RCC_GetPCLK2Freq
 .text.UART_SetConfig
                0x08002538       0xbc ./Drivers/STM32F4xx_HAL_Driver/Src/stm32f4xx_hal_uart.o
 .text.HAL_UART_Init
                0x080025f4       0x5e ./Drivers/STM32F4xx_HAL_Driver/Src/stm32f4xx_hal_uart.o
                0x080025f4                HAL_UART_Init
 .text.USB_CoreReset
                0x08002652       0x50 ./Drivers/STM32F4xx_HAL_Driver/Src/stm32f4xx_ll_usb.o
 .text.USB_CoreInit
                0x080026a2       0x88 ./Drivers/STM32F4xx_HAL_Driver/Src/stm32f4xx_ll_usb.o
                0x080026a2                USB_CoreInit
 .text.USB_DisableGlobalInt
                0x0800272a        0xc ./Drivers/STM32F4xx_HAL_Driver/Src/stm32f4xx_ll_usb.o
                0x0800272a                USB_DisableGlobalInt
 .text.USB_SetCurrentMode
                0x08002736       0x60 ./Drivers/STM32F4xx_HAL_Driver/Src/stm32f4xx_ll_usb.o
                0x08002736                USB_SetCurrentMode
 .text.USB_FlushTxFifo
                0x08002796       0x46 ./Drivers/STM32F4xx_HAL_Driver/Src/stm32f4xx_ll_usb.o
                0x08002796                USB_FlushTxFifo
 .text.USB_FlushRxFifo
                0x080027dc       0x42 ./Drivers/STM32F4xx_HAL_Driver/Src/stm32f4xx_ll_usb.o
                0x080027dc                USB_FlushRxFifo
 .text.USB_SetDevSpeed
                0x0800281e        0xe ./Drivers/STM32F4xx_HAL_Driver/Src/stm32f4xx_ll_usb.o
                0x0800281e                USB_SetDevSpeed
 .text.USB_DevInit
                0x0800282c      0x174 ./Drivers/STM32F4xx_HAL_Driver/Src/stm32f4xx_ll_usb.o
                0x0800282c                USB_DevInit
 .text.USB_DevDisconnect
                0x080029a0       0x1c ./Drivers/STM32F4xx_HAL_Driver/Src/stm32f4xx_ll_usb.o
                0x080029a0                USB_DevDisconnect
 .text.osKernelInitialize
                0x080029bc       0x24 ./Middlewares/Third_Party/FreeRTOS/Source/CMSIS_RTOS_V2/cmsis_os2.o
                0x080029bc                osKernelInitialize
 .text.osKernelStart
                0x080029e0       0x34 ./Middlewares/Third_Party/FreeRTOS/Source/CMSIS_RTOS_V2/cmsis_os2.o
                0x080029e0                osKernelStart
 .text.osThreadNew
                0x08002a14       0x88 ./Middlewares/Third_Party/FreeRTOS/Source/CMSIS_RTOS_V2/cmsis_os2.o
                0x08002a14                osThreadNew
 .text.osDelay  0x08002a9c       0x18 ./Middlewares/Third_Party/FreeRTOS/Source/CMSIS_RTOS_V2/cmsis_os2.o
                0x08002a9c                osDelay
 .text.vApplicationGetIdleTaskMemory
                0x08002ab4       0x18 ./Middlewares/Third_Party/FreeRTOS/Source/CMSIS_RTOS_V2/cmsis_os2.o
                0x08002ab4                vApplicationGetIdleTaskMemory
 .text.vApplicationGetTimerTaskMemory
                0x08002acc       0x18 ./Middlewares/Third_Party/FreeRTOS/Source/CMSIS_RTOS_V2/cmsis_os2.o
                0x08002acc                vApplicationGetTimerTaskMemory
 .text.vListInitialise
                0x08002ae4       0x16 ./Middlewares/Third_Party/FreeRTOS/Source/list.o
                0x08002ae4                vListInitialise
 .text.vListInitialiseItem
                0x08002afa        0x6 ./Middlewares/Third_Party/FreeRTOS/Source/list.o
                0x08002afa                vListInitialiseItem
 .text.vListInsertEnd
                0x08002b00       0x16 ./Middlewares/Third_Party/FreeRTOS/Source/list.o
                0x08002b00                vListInsertEnd
 .text.vListInsert
                0x08002b16       0x2e ./Middlewares/Third_Party/FreeRTOS/Source/list.o
                0x08002b16                vListInsert
 .text.uxListRemove
                0x08002b44       0x20 ./Middlewares/Third_Party/FreeRTOS/Source/list.o
                0x08002b44                uxListRemove
 .text.prvIsQueueEmpty
                0x08002b64       0x16 ./Middlewares/Third_Party/FreeRTOS/Source/queue.o
 .text.prvCopyDataToQueue
                0x08002b7a       0x66 ./Middlewares/Third_Party/FreeRTOS/Source/queue.o
 .text.prvCopyDataFromQueue
                0x08002be0       0x2a ./Middlewares/Third_Party/FreeRTOS/Source/queue.o
 .text.prvUnlockQueue
                0x08002c0a       0x6c ./Middlewares/Third_Party/FreeRTOS/Source/queue.o
 .text.xQueueGenericReset
                0x08002c76       0x7e ./Middlewares/Third_Party/FreeRTOS/Source/queue.o
                0x08002c76                xQueueGenericReset
 .text.xQueueGenericCreateStatic
                0x08002cf4       0x9c ./Middlewares/Third_Party/FreeRTOS/Source/queue.o
                0x08002cf4                xQueueGenericCreateStatic
 .text.xQueueGenericCreate
                0x08002d90       0x4e ./Middlewares/Third_Party/FreeRTOS/Source/queue.o
                0x08002d90                xQueueGenericCreate
 .text.xQueueGenericSend
                0x08002dde      0x164 ./Middlewares/Third_Party/FreeRTOS/Source/queue.o
                0x08002dde                xQueueGenericSend
 .text.xQueueGenericSendFromISR
                0x08002f42       0xba ./Middlewares/Third_Party/FreeRTOS/Source/queue.o
                0x08002f42                xQueueGenericSendFromISR
 .text.xQueueReceive
                0x08002ffc      0x13e ./Middlewares/Third_Party/FreeRTOS/Source/queue.o
                0x08002ffc                xQueueReceive
 .text.xQueueSemaphoreTake
                0x0800313a      0x180 ./Middlewares/Third_Party/FreeRTOS/Source/queue.o
                0x0800313a                xQueueSemaphoreTake
 *fill*         0x080032ba        0x2 
 .text.vQueueAddToRegistry
                0x080032bc       0x24 ./Middlewares/Third_Party/FreeRTOS/Source/queue.o
                0x080032bc                vQueueAddToRegistry
 .text.vQueueWaitForMessageRestricted
                0x080032e0       0x46 ./Middlewares/Third_Party/FreeRTOS/Source/queue.o
                0x080032e0                vQueueWaitForMessageRestricted
 *fill*         0x08003326        0x2 
 .text.prvAddNewTaskToReadyList
                0x08003328      0x100 ./Middlewares/Third_Party/FreeRTOS/Source/tasks.o
 .text.prvAddCurrentTaskToDelayedList
                0x08003428       0x70 ./Middlewares/Third_Party/FreeRTOS/Source/tasks.o
 .text.prvResetNextTaskUnblockTime
                0x08003498       0x24 ./Middlewares/Third_Party/FreeRTOS/Source/tasks.o
 .text.prvDeleteTCB
                0x080034bc       0x36 ./Middlewares/Third_Party/FreeRTOS/Source/tasks.o
 *fill*         0x080034f2        0x2 
 .text.prvIdleTask
                0x080034f4       0x60 ./Middlewares/Third_Party/FreeRTOS/Source/tasks.o
 .text.prvInitialiseNewTask.constprop.0
                0x08003554       0x96 ./Middlewares/Third_Party/FreeRTOS/Source/tasks.o
 .text.xTaskCreateStatic
                0x080035ea       0x70 ./Middlewares/Third_Party/FreeRTOS/Source/tasks.o
                0x080035ea                xTaskCreateStatic
 .text.xTaskCreate
                0x0800365a       0x5c ./Middlewares/Third_Party/FreeRTOS/Source/tasks.o
                0x0800365a                xTaskCreate
 *fill*         0x080036b6        0x2 
 .text.vTaskStartScheduler
                0x080036b8       0x8c ./Middlewares/Third_Party/FreeRTOS/Source/tasks.o
                0x080036b8                vTaskStartScheduler
 .text.vTaskSuspendAll
                0x08003744       0x10 ./Middlewares/Third_Party/FreeRTOS/Source/tasks.o
                0x08003744                vTaskSuspendAll
 .text.xTaskGetTickCount
                0x08003754        0xc ./Middlewares/Third_Party/FreeRTOS/Source/tasks.o
                0x08003754                xTaskGetTickCount
 .text.xTaskIncrementTick
                0x08003760      0x12c ./Middlewares/Third_Party/FreeRTOS/Source/tasks.o
                0x08003760                xTaskIncrementTick
 .text.xTaskResumeAll
                0x0800388c       0xe8 ./Middlewares/Third_Party/FreeRTOS/Source/tasks.o
                0x0800388c                xTaskResumeAll
 .text.vTaskDelay
                0x08003974       0x48 ./Middlewares/Third_Party/FreeRTOS/Source/tasks.o
                0x08003974                vTaskDelay
 .text.vTaskSwitchContext
                0x080039bc       0x70 ./Middlewares/Third_Party/FreeRTOS/Source/tasks.o
                0x080039bc                vTaskSwitchContext
 .text.vTaskPlaceOnEventList
                0x08003a2c       0x34 ./Middlewares/Third_Party/FreeRTOS/Source/tasks.o
                0x08003a2c                vTaskPlaceOnEventList
 .text.vTaskPlaceOnEventListRestricted
                0x08003a60       0x3c ./Middlewares/Third_Party/FreeRTOS/Source/tasks.o
                0x08003a60                vTaskPlaceOnEventListRestricted
 .text.xTaskRemoveFromEventList
                0x08003a9c       0x80 ./Middlewares/Third_Party/FreeRTOS/Source/tasks.o
                0x08003a9c                xTaskRemoveFromEventList
 .text.vTaskInternalSetTimeOutState
                0x08003b1c       0x18 ./Middlewares/Third_Party/FreeRTOS/Source/tasks.o
                0x08003b1c                vTaskInternalSetTimeOutState
 .text.xTaskCheckForTimeOut
                0x08003b34       0x78 ./Middlewares/Third_Party/FreeRTOS/Source/tasks.o
                0x08003b34                xTaskCheckForTimeOut
 .text.vTaskMissedYield
                0x08003bac        0xc ./Middlewares/Third_Party/FreeRTOS/Source/tasks.o
                0x08003bac                vTaskMissedYield
 .text.xTaskGetSchedulerState
                0x08003bb8       0x20 ./Middlewares/Third_Party/FreeRTOS/Source/tasks.o
                0x08003bb8                xTaskGetSchedulerState
 .text.xTaskPriorityInherit
                0x08003bd8       0x7c ./Middlewares/Third_Party/FreeRTOS/Source/tasks.o
                0x08003bd8                xTaskPriorityInherit
 .text.xTaskPriorityDisinherit
                0x08003c54       0x84 ./Middlewares/Third_Party/FreeRTOS/Source/tasks.o
                0x08003c54                xTaskPriorityDisinherit
 .text.vTaskPriorityDisinheritAfterTimeout
                0x08003cd8       0x9c ./Middlewares/Third_Party/FreeRTOS/Source/tasks.o
                0x08003cd8                vTaskPriorityDisinheritAfterTimeout
 .text.pvTaskIncrementMutexHeldCount
                0x08003d74       0x18 ./Middlewares/Third_Party/FreeRTOS/Source/tasks.o
                0x08003d74                pvTaskIncrementMutexHeldCount
 .text.prvInsertTimerInActiveList
                0x08003d8c       0x3c ./Middlewares/Third_Party/FreeRTOS/Source/timers.o
 .text.prvCheckForValidListAndQueue
                0x08003dc8       0x68 ./Middlewares/Third_Party/FreeRTOS/Source/timers.o
 .text.xTimerCreateTimerTask
                0x08003e30       0x64 ./Middlewares/Third_Party/FreeRTOS/Source/timers.o
                0x08003e30                xTimerCreateTimerTask
 .text.xTimerGenericCommand
                0x08003e94       0x58 ./Middlewares/Third_Party/FreeRTOS/Source/timers.o
                0x08003e94                xTimerGenericCommand
 .text.prvSwitchTimerLists
                0x08003eec       0x74 ./Middlewares/Third_Party/FreeRTOS/Source/timers.o
 .text.prvTimerTask
                0x08003f60      0x1f0 ./Middlewares/Third_Party/FreeRTOS/Source/timers.o
 .text.prvPortStartFirstTask
                0x08004150       0x28 ./Middlewares/Third_Party/FreeRTOS/Source/portable/GCC/ARM_CM4F/port.o
 .text.vPortEnableVFP
                0x08004178       0x14 ./Middlewares/Third_Party/FreeRTOS/Source/portable/GCC/ARM_CM4F/port.o
 .text.prvTaskExitError
                0x0800418c       0x40 ./Middlewares/Third_Party/FreeRTOS/Source/portable/GCC/ARM_CM4F/port.o
 .text.pxPortInitialiseStack
                0x080041cc       0x2c ./Middlewares/Third_Party/FreeRTOS/Source/portable/GCC/ARM_CM4F/port.o
                0x080041cc                pxPortInitialiseStack
 *fill*         0x080041f8        0x8 
 .text.SVC_Handler
                0x08004200       0x24 ./Middlewares/Third_Party/FreeRTOS/Source/portable/GCC/ARM_CM4F/port.o
                0x08004200                SVC_Handler
 .text.vPortEnterCritical
                0x08004224       0x40 ./Middlewares/Third_Party/FreeRTOS/Source/portable/GCC/ARM_CM4F/port.o
                0x08004224                vPortEnterCritical
 .text.vPortExitCritical
                0x08004264       0x28 ./Middlewares/Third_Party/FreeRTOS/Source/portable/GCC/ARM_CM4F/port.o
                0x08004264                vPortExitCritical
 *fill*         0x0800428c        0x4 
 .text.PendSV_Handler
                0x08004290       0x64 ./Middlewares/Third_Party/FreeRTOS/Source/portable/GCC/ARM_CM4F/port.o
                0x08004290                PendSV_Handler
 .text.xPortSysTickHandler
                0x080042f4       0x2c ./Middlewares/Third_Party/FreeRTOS/Source/portable/GCC/ARM_CM4F/port.o
                0x080042f4                xPortSysTickHandler
 .text.vPortSetupTimerInterrupt
                0x08004320       0x24 ./Middlewares/Third_Party/FreeRTOS/Source/portable/GCC/ARM_CM4F/port.o
                0x08004320                vPortSetupTimerInterrupt
 .text.xPortStartScheduler
                0x08004344      0x108 ./Middlewares/Third_Party/FreeRTOS/Source/portable/GCC/ARM_CM4F/port.o
                0x08004344                xPortStartScheduler
 .text.vPortValidateInterruptPriority
                0x0800444c       0x5c ./Middlewares/Third_Party/FreeRTOS/Source/portable/GCC/ARM_CM4F/port.o
                0x0800444c                vPortValidateInterruptPriority
 .text.prvInsertBlockIntoFreeList
                0x080044a8       0x4c ./Middlewares/Third_Party/FreeRTOS/Source/portable/MemMang/heap_4.o
 .text.pvPortMalloc
                0x080044f4      0x130 ./Middlewares/Third_Party/FreeRTOS/Source/portable/MemMang/heap_4.o
                0x080044f4                pvPortMalloc
 .text.vPortFree
                0x08004624       0x7c ./Middlewares/Third_Party/FreeRTOS/Source/portable/MemMang/heap_4.o
                0x08004624                vPortFree
 .text.memset   0x080046a0       0x10 C:/ST/STM32CubeIDE_2.1.1/STM32CubeIDE/plugins/com.st.stm32cube.ide.mcu.externaltools.gnu-tools-for-stm32.14.3.rel1.win32_1.0.100.202602081740/tools/bin/../lib/gcc/arm-none-eabi/14.3.1/../../../../arm-none-eabi/lib/thumb/v7e-m+fp/hard\libc_nano.a(libc_a-memset.o)
                0x080046a0                memset
 .text.__libc_init_array
                0x080046b0       0x48 C:/ST/STM32CubeIDE_2.1.1/STM32CubeIDE/plugins/com.st.stm32cube.ide.mcu.externaltools.gnu-tools-for-stm32.14.3.rel1.win32_1.0.100.202602081740/tools/bin/../lib/gcc/arm-none-eabi/14.3.1/../../../../arm-none-eabi/lib/thumb/v7e-m+fp/hard\libc_nano.a(libc_a-init.o)
                0x080046b0                __libc_init_array
 .text.memcpy   0x080046f8       0x1c C:/ST/STM32CubeIDE_2.1.1/STM32CubeIDE/plugins/com.st.stm32cube.ide.mcu.externaltools.gnu-tools-for-stm32.14.3.rel1.win32_1.0.100.202602081740/tools/bin/../lib/gcc/arm-none-eabi/14.3.1/../../../../arm-none-eabi/lib/thumb/v7e-m+fp/hard\libc_nano.a(libc_a-memcpy-stub.o)
                0x080046f8                memcpy
 *(.glue_7)
 .glue_7        0x08004714        0x0 linker stubs
 *(.glue_7t)
 .glue_7t       0x08004714        0x0 linker stubs
 *(.eh_frame)
 .eh_frame      0x08004714        0x0 C:/ST/STM32CubeIDE_2.1.1/STM32CubeIDE/plugins/com.st.stm32cube.ide.mcu.externaltools.gnu-tools-for-stm32.14.3.rel1.win32_1.0.100.202602081740/tools/bin/../lib/gcc/arm-none-eabi/14.3.1/thumb/v7e-m+fp/hard/crtbegin.o
 *(.init)
 .init          0x08004714        0x4 C:/ST/STM32CubeIDE_2.1.1/STM32CubeIDE/plugins/com.st.stm32cube.ide.mcu.externaltools.gnu-tools-for-stm32.14.3.rel1.win32_1.0.100.202602081740/tools/bin/../lib/gcc/arm-none-eabi/14.3.1/thumb/v7e-m+fp/hard/crti.o
                0x08004714                _init
 .init          0x08004718        0x8 C:/ST/STM32CubeIDE_2.1.1/STM32CubeIDE/plugins/com.st.stm32cube.ide.mcu.externaltools.gnu-tools-for-stm32.14.3.rel1.win32_1.0.100.202602081740/tools/bin/../lib/gcc/arm-none-eabi/14.3.1/thumb/v7e-m+fp/hard/crtn.o
 *(.fini)
 .fini          0x08004720        0x4 C:/ST/STM32CubeIDE_2.1.1/STM32CubeIDE/plugins/com.st.stm32cube.ide.mcu.externaltools.gnu-tools-for-stm32.14.3.rel1.win32_1.0.100.202602081740/tools/bin/../lib/gcc/arm-none-eabi/14.3.1/thumb/v7e-m+fp/hard/crti.o
                0x08004720                _fini
 .fini          0x08004724        0x8 C:/ST/STM32CubeIDE_2.1.1/STM32CubeIDE/plugins/com.st.stm32cube.ide.mcu.externaltools.gnu-tools-for-stm32.14.3.rel1.win32_1.0.100.202602081740/tools/bin/../lib/gcc/arm-none-eabi/14.3.1/thumb/v7e-m+fp/hard/crtn.o
                0x0800472c                        . = ALIGN (0x4)
                0x0800472c                        _etext = .

.vfp11_veneer   0x0800472c        0x0
 .vfp11_veneer  0x0800472c        0x0 linker stubs

.v4_bx          0x0800472c        0x0
 .v4_bx         0x0800472c        0x0 linker stubs

.iplt           0x0800472c        0x0
 .iplt          0x0800472c        0x0 C:/ST/STM32CubeIDE_2.1.1/STM32CubeIDE/plugins/com.st.stm32cube.ide.mcu.externaltools.gnu-tools-for-stm32.14.3.rel1.win32_1.0.100.202602081740/tools/bin/../lib/gcc/arm-none-eabi/14.3.1/thumb/v7e-m+fp/hard/crtbegin.o

.rodata         0x0800472c      0x280
                0x0800472c                        . = ALIGN (0x4)
 *(.rodata)
 *(.rodata*)
 .rodata.str1.1
                0x0800472c       0xb5 ./Core/Src/display_tasks.o
                                 0x22 (size before relaxing)
 *fill*         0x080047e1        0x3 
 .rodata.DicisionDisplayTask_attributes
                0x080047e4       0x24 ./Core/Src/display_tasks.o
 .rodata.TlDisplayTask_attributes
                0x08004808       0x24 ./Core/Src/display_tasks.o
 .rodata.Dashboard_DrawDirection.str1.1
                0x0800482c       0x1e ./Core/Src/lcd.o
 .rodata.Dashboard_DrawWarnings.str1.1
                0x0800482c       0x10 ./Core/Src/lcd.o
 .rodata.Dashboard_DrawStatic.str1.1
                0x0800482c        0x4 ./Core/Src/lcd.o
 .rodata.gn.0   0x0800482c       0x10 ./Core/Src/lcd.o
 .rodata.gp.1   0x0800483c       0x10 ./Core/Src/lcd.o
 .rodata.str1.1
                0x0800484c       0x3e ./Core/Src/lcd.o
 .rodata.warning_table_left
                0x0800484c       0x20 ./Core/Src/lcd.o
 .rodata.warning_table_right
                0x0800486c       0x30 ./Core/Src/lcd.o
 .rodata.font_table
                0x0800489c       0xae ./Core/Src/lcd.o
 .rodata.str1.1
                0x0800494a        0xc ./Core/Src/main.o
 *fill*         0x0800494a        0x2 
 .rodata.defaultTask_attributes
                0x0800494c       0x24 ./Core/Src/main.o
                0x0800494c                defaultTask_attributes
 .rodata.APBPrescTable
                0x08004970        0x8 ./Core/Src/system_stm32f4xx.o
                0x08004970                APBPrescTable
 .rodata.AHBPrescTable
                0x08004978       0x10 ./Core/Src/system_stm32f4xx.o
                0x08004978                AHBPrescTable
 .rodata.str1.1
                0x08004988        0xe ./Core/Src/turnJudgeTask.o
 .rodata.judgeTask_attributes
                0x08004988       0x24 ./Core/Src/turnJudgeTask.o
 .rodata.vTaskStartScheduler.str1.1
                0x080049ac        0x5 ./Middlewares/Third_Party/FreeRTOS/Source/tasks.o
 .rodata.prvCheckForValidListAndQueue.str1.1
                0x080049ac        0x5 ./Middlewares/Third_Party/FreeRTOS/Source/timers.o
 .rodata.xTimerCreateTimerTask.str1.1
                0x080049ac        0x8 ./Middlewares/Third_Party/FreeRTOS/Source/timers.o
                0x080049b4                        . = ALIGN (0x4)

.ARM.extab      0x080049ac        0x0
                0x080049ac                        . = ALIGN (0x4)
 *(.ARM.extab* .gnu.linkonce.armextab.*)
                0x080049ac                        . = ALIGN (0x4)

.ARM            0x080049ac        0x8
                0x080049ac                        . = ALIGN (0x4)
                0x080049ac                        __exidx_start = .
 *(.ARM.exidx*)
 .ARM.exidx     0x080049ac        0x8 C:/ST/STM32CubeIDE_2.1.1/STM32CubeIDE/plugins/com.st.stm32cube.ide.mcu.externaltools.gnu-tools-for-stm32.14.3.rel1.win32_1.0.100.202602081740/tools/bin/../lib/gcc/arm-none-eabi/14.3.1/thumb/v7e-m+fp/hard\libgcc.a(_udivmoddi4.o)
                0x080049b4                        __exidx_end = .
                0x080049b4                        . = ALIGN (0x4)

.preinit_array  0x080049b4        0x0
                0x080049b4                        . = ALIGN (0x4)
                0x080049b4                        PROVIDE (__preinit_array_start = .)
 *(.preinit_array*)
                0x080049b4                        PROVIDE (__preinit_array_end = .)
                0x080049b4                        . = ALIGN (0x4)

.init_array     0x080049b4        0x4
                0x080049b4                        . = ALIGN (0x4)
                0x080049b4                        PROVIDE (__init_array_start = .)
 *(SORT_BY_NAME(.init_array.*))
 *(.init_array*)
 .init_array    0x080049b4        0x4 C:/ST/STM32CubeIDE_2.1.1/STM32CubeIDE/plugins/com.st.stm32cube.ide.mcu.externaltools.gnu-tools-for-stm32.14.3.rel1.win32_1.0.100.202602081740/tools/bin/../lib/gcc/arm-none-eabi/14.3.1/thumb/v7e-m+fp/hard/crtbegin.o
                0x080049b8                        PROVIDE (__init_array_end = .)
                0x080049b8                        . = ALIGN (0x4)

.fini_array     0x080049b8        0x4
                0x080049b8                        . = ALIGN (0x4)
                [!provide]                        PROVIDE (__fini_array_start = .)
 *(SORT_BY_NAME(.fini_array.*))
 *(.fini_array*)
 .fini_array    0x080049b8        0x4 C:/ST/STM32CubeIDE_2.1.1/STM32CubeIDE/plugins/com.st.stm32cube.ide.mcu.externaltools.gnu-tools-for-stm32.14.3.rel1.win32_1.0.100.202602081740/tools/bin/../lib/gcc/arm-none-eabi/14.3.1/thumb/v7e-m+fp/hard/crtbegin.o
                [!provide]                        PROVIDE (__fini_array_end = .)
                0x080049bc                        . = ALIGN (0x4)
                0x080049bc                        _sidata = LOADADDR (.data)

.rel.dyn        0x080049bc        0x0
 .rel.iplt      0x080049bc        0x0 C:/ST/STM32CubeIDE_2.1.1/STM32CubeIDE/plugins/com.st.stm32cube.ide.mcu.externaltools.gnu-tools-for-stm32.14.3.rel1.win32_1.0.100.202602081740/tools/bin/../lib/gcc/arm-none-eabi/14.3.1/thumb/v7e-m+fp/hard/crtbegin.o

.data           0x20000000       0x10 load address 0x080049bc
                0x20000000                        . = ALIGN (0x4)
                0x20000000                        _sdata = .
 *(.data)
 *(.data*)
 .data.SystemCoreClock
                0x20000000        0x4 ./Core/Src/system_stm32f4xx.o
                0x20000000                SystemCoreClock
 .data.uwTickFreq
                0x20000004        0x1 ./Drivers/STM32F4xx_HAL_Driver/Src/stm32f4xx_hal.o
                0x20000004                uwTickFreq
 *fill*         0x20000005        0x3 
 .data.uwTickPrio
                0x20000008        0x4 ./Drivers/STM32F4xx_HAL_Driver/Src/stm32f4xx_hal.o
                0x20000008                uwTickPrio
 .data.uxCriticalNesting
                0x2000000c        0x4 ./Middlewares/Third_Party/FreeRTOS/Source/portable/GCC/ARM_CM4F/port.o
 *(.RamFunc)
 *(.RamFunc*)
                0x20000010                        . = ALIGN (0x4)
                0x20000010                        _edata = .
                0x080049cc                        _siccmram = LOADADDR (.ccmram)

.igot.plt       0x20000010        0x0 load address 0x080049cc
 .igot.plt      0x20000010        0x0 C:/ST/STM32CubeIDE_2.1.1/STM32CubeIDE/plugins/com.st.stm32cube.ide.mcu.externaltools.gnu-tools-for-stm32.14.3.rel1.win32_1.0.100.202602081740/tools/bin/../lib/gcc/arm-none-eabi/14.3.1/thumb/v7e-m+fp/hard/crtbegin.o

.ccmram         0x10000000        0x0 load address 0x080049cc
                0x10000000                        . = ALIGN (0x4)
                0x10000000                        _sccmram = .
 *(.ccmram)
 *(.ccmram*)
                0x10000000                        . = ALIGN (0x4)
                0x10000000                        _eccmram = .
                0x10000000                        . = ALIGN (0x4)

.bss            0x20000010     0x50f0
                0x20000010                        _sbss = .
                0x20000010                        __bss_start__ = _sbss
 *(.bss)
 .bss           0x20000010       0x1c C:/ST/STM32CubeIDE_2.1.1/STM32CubeIDE/plugins/com.st.stm32cube.ide.mcu.externaltools.gnu-tools-for-stm32.14.3.rel1.win32_1.0.100.202602081740/tools/bin/../lib/gcc/arm-none-eabi/14.3.1/thumb/v7e-m+fp/hard/crtbegin.o
 *(.bss*)
 .bss.MACAddr.0
                0x2000002c        0x6 ./Core/Src/main.o
 *fill*         0x20000032        0x2 
 .bss.DicisionDisplayTaskHandle
                0x20000034        0x4 ./Core/Src/main.o
                0x20000034                DicisionDisplayTaskHandle
 .bss.TlDisplayTaskHandle
                0x20000038        0x4 ./Core/Src/main.o
                0x20000038                TlDisplayTaskHandle
 .bss.JudgeTaskHandle
                0x2000003c        0x4 ./Core/Src/main.o
                0x2000003c                JudgeTaskHandle
 .bss.dicisionQueue
                0x20000040        0x4 ./Core/Src/main.o
                0x20000040                dicisionQueue
 .bss.buzzerSem
                0x20000044        0x4 ./Core/Src/main.o
                0x20000044                buzzerSem
 .bss.turnJudgeSem
                0x20000048        0x4 ./Core/Src/main.o
                0x20000048                turnJudgeSem
 .bss.tlDisplaySem
                0x2000004c        0x4 ./Core/Src/main.o
                0x2000004c                tlDisplaySem
 .bss.tl        0x20000050        0x6 ./Core/Src/main.o
                0x20000050                tl
 .bss.pedFlag   0x20000056        0x1 ./Core/Src/main.o
                0x20000056                pedFlag
 .bss.maneuver  0x20000057        0x1 ./Core/Src/main.o
                0x20000057                maneuver
 .bss.defaultTaskHandle
                0x20000058        0x4 ./Core/Src/main.o
                0x20000058                defaultTaskHandle
 .bss.hpcd_USB_OTG_FS
                0x2000005c      0x4e4 ./Core/Src/main.o
                0x2000005c                hpcd_USB_OTG_FS
 .bss.huart3    0x20000540       0x48 ./Core/Src/main.o
                0x20000540                huart3
 .bss.heth      0x20000588       0xb0 ./Core/Src/main.o
                0x20000588                heth
 .bss.DMATxDscrTab
                0x20000638       0xa0 ./Core/Src/main.o
                0x20000638                DMATxDscrTab
 .bss.DMARxDscrTab
                0x200006d8       0xa0 ./Core/Src/main.o
                0x200006d8                DMARxDscrTab
 .bss.TxConfig  0x20000778       0x38 ./Core/Src/main.o
                0x20000778                TxConfig
 .bss.uwTick    0x200007b0        0x4 ./Drivers/STM32F4xx_HAL_Driver/Src/stm32f4xx_hal.o
                0x200007b0                uwTick
 .bss.Timer_Stack.0
                0x200007b4      0x400 ./Middlewares/Third_Party/FreeRTOS/Source/CMSIS_RTOS_V2/cmsis_os2.o
 .bss.Timer_TCB.1
                0x20000bb4       0x5c ./Middlewares/Third_Party/FreeRTOS/Source/CMSIS_RTOS_V2/cmsis_os2.o
 .bss.Idle_Stack.2
                0x20000c10      0x200 ./Middlewares/Third_Party/FreeRTOS/Source/CMSIS_RTOS_V2/cmsis_os2.o
 .bss.Idle_TCB.3
                0x20000e10       0x5c ./Middlewares/Third_Party/FreeRTOS/Source/CMSIS_RTOS_V2/cmsis_os2.o
 .bss.KernelState
                0x20000e6c        0x4 ./Middlewares/Third_Party/FreeRTOS/Source/CMSIS_RTOS_V2/cmsis_os2.o
 .bss.xQueueRegistry
                0x20000e70       0x40 ./Middlewares/Third_Party/FreeRTOS/Source/queue.o
                0x20000e70                xQueueRegistry
 .bss.uxSchedulerSuspended
                0x20000eb0        0x4 ./Middlewares/Third_Party/FreeRTOS/Source/tasks.o
 .bss.xNextTaskUnblockTime
                0x20000eb4        0x4 ./Middlewares/Third_Party/FreeRTOS/Source/tasks.o
 .bss.uxTaskNumber
                0x20000eb8        0x4 ./Middlewares/Third_Party/FreeRTOS/Source/tasks.o
 .bss.xNumOfOverflows
                0x20000ebc        0x4 ./Middlewares/Third_Party/FreeRTOS/Source/tasks.o
 .bss.xYieldPending
                0x20000ec0        0x4 ./Middlewares/Third_Party/FreeRTOS/Source/tasks.o
 .bss.xPendedTicks
                0x20000ec4        0x4 ./Middlewares/Third_Party/FreeRTOS/Source/tasks.o
 .bss.xSchedulerRunning
                0x20000ec8        0x4 ./Middlewares/Third_Party/FreeRTOS/Source/tasks.o
 .bss.uxTopReadyPriority
                0x20000ecc        0x4 ./Middlewares/Third_Party/FreeRTOS/Source/tasks.o
 .bss.xTickCount
                0x20000ed0        0x4 ./Middlewares/Third_Party/FreeRTOS/Source/tasks.o
 .bss.uxCurrentNumberOfTasks
                0x20000ed4        0x4 ./Middlewares/Third_Party/FreeRTOS/Source/tasks.o
 .bss.xSuspendedTaskList
                0x20000ed8       0x14 ./Middlewares/Third_Party/FreeRTOS/Source/tasks.o
 .bss.uxDeletedTasksWaitingCleanUp
                0x20000eec        0x4 ./Middlewares/Third_Party/FreeRTOS/Source/tasks.o
 .bss.xTasksWaitingTermination
                0x20000ef0       0x14 ./Middlewares/Third_Party/FreeRTOS/Source/tasks.o
 .bss.xPendingReadyList
                0x20000f04       0x14 ./Middlewares/Third_Party/FreeRTOS/Source/tasks.o
 .bss.pxOverflowDelayedTaskList
                0x20000f18        0x4 ./Middlewares/Third_Party/FreeRTOS/Source/tasks.o
 .bss.pxDelayedTaskList
                0x20000f1c        0x4 ./Middlewares/Third_Party/FreeRTOS/Source/tasks.o
 .bss.xDelayedTaskList2
                0x20000f20       0x14 ./Middlewares/Third_Party/FreeRTOS/Source/tasks.o
 .bss.xDelayedTaskList1
                0x20000f34       0x14 ./Middlewares/Third_Party/FreeRTOS/Source/tasks.o
 .bss.pxReadyTasksLists
                0x20000f48      0x460 ./Middlewares/Third_Party/FreeRTOS/Source/tasks.o
 .bss.pxCurrentTCB
                0x200013a8        0x4 ./Middlewares/Third_Party/FreeRTOS/Source/tasks.o
                0x200013a8                pxCurrentTCB
 .bss.xStaticTimerQueue.0
                0x200013ac       0x50 ./Middlewares/Third_Party/FreeRTOS/Source/timers.o
 .bss.ucStaticTimerQueueStorage.1
                0x200013fc       0xa0 ./Middlewares/Third_Party/FreeRTOS/Source/timers.o
 .bss.xLastTime.2
                0x2000149c        0x4 ./Middlewares/Third_Party/FreeRTOS/Source/timers.o
 .bss.xTimerTaskHandle
                0x200014a0        0x4 ./Middlewares/Third_Party/FreeRTOS/Source/timers.o
 .bss.xTimerQueue
                0x200014a4        0x4 ./Middlewares/Third_Party/FreeRTOS/Source/timers.o
 .bss.pxOverflowTimerList
                0x200014a8        0x4 ./Middlewares/Third_Party/FreeRTOS/Source/timers.o
 .bss.pxCurrentTimerList
                0x200014ac        0x4 ./Middlewares/Third_Party/FreeRTOS/Source/timers.o
 .bss.xActiveTimerList2
                0x200014b0       0x14 ./Middlewares/Third_Party/FreeRTOS/Source/timers.o
 .bss.xActiveTimerList1
                0x200014c4       0x14 ./Middlewares/Third_Party/FreeRTOS/Source/timers.o
 .bss.ulMaxPRIGROUPValue
                0x200014d8        0x4 ./Middlewares/Third_Party/FreeRTOS/Source/portable/GCC/ARM_CM4F/port.o
 .bss.ucMaxSysCallPriority
                0x200014dc        0x1 ./Middlewares/Third_Party/FreeRTOS/Source/portable/GCC/ARM_CM4F/port.o
 *fill*         0x200014dd        0x3 
 .bss.xBlockAllocatedBit
                0x200014e0        0x4 ./Middlewares/Third_Party/FreeRTOS/Source/portable/MemMang/heap_4.o
 .bss.xNumberOfSuccessfulFrees
                0x200014e4        0x4 ./Middlewares/Third_Party/FreeRTOS/Source/portable/MemMang/heap_4.o
 .bss.xNumberOfSuccessfulAllocations
                0x200014e8        0x4 ./Middlewares/Third_Party/FreeRTOS/Source/portable/MemMang/heap_4.o
 .bss.xMinimumEverFreeBytesRemaining
                0x200014ec        0x4 ./Middlewares/Third_Party/FreeRTOS/Source/portable/MemMang/heap_4.o
 .bss.xFreeBytesRemaining
                0x200014f0        0x4 ./Middlewares/Third_Party/FreeRTOS/Source/portable/MemMang/heap_4.o
 .bss.pxEnd     0x200014f4        0x4 ./Middlewares/Third_Party/FreeRTOS/Source/portable/MemMang/heap_4.o
 .bss.xStart    0x200014f8        0x8 ./Middlewares/Third_Party/FreeRTOS/Source/portable/MemMang/heap_4.o
 .bss.ucHeap    0x20001500     0x3c00 ./Middlewares/Third_Party/FreeRTOS/Source/portable/MemMang/heap_4.o
 *(COMMON)
                0x20005100                        . = ALIGN (0x4)
                0x20005100                        _ebss = .
                0x20005100                        __bss_end__ = _ebss

._user_heap_stack
                0x20005100      0x600
                0x20005100                        . = ALIGN (0x8)
                [!provide]                        PROVIDE (end = .)
                0x20005100                        PROVIDE (_end = .)
                0x20005300                        . = (. + _Min_Heap_Size)
 *fill*         0x20005100      0x200 
                0x20005700                        . = (. + _Min_Stack_Size)
 *fill*         0x20005300      0x400 
                0x20005700                        . = ALIGN (0x8)

/DISCARD/
 libc.a(*)
 libm.a(*)
 libgcc.a(*)

.ARM.attributes
                0x00000000       0x30
 *(.ARM.attributes)
 .ARM.attributes
                0x00000000       0x22 C:/ST/STM32CubeIDE_2.1.1/STM32CubeIDE/plugins/com.st.stm32cube.ide.mcu.externaltools.gnu-tools-for-stm32.14.3.rel1.win32_1.0.100.202602081740/tools/bin/../lib/gcc/arm-none-eabi/14.3.1/thumb/v7e-m+fp/hard/crti.o
 .ARM.attributes
                0x00000022       0x34 C:/ST/STM32CubeIDE_2.1.1/STM32CubeIDE/plugins/com.st.stm32cube.ide.mcu.externaltools.gnu-tools-for-stm32.14.3.rel1.win32_1.0.100.202602081740/tools/bin/../lib/gcc/arm-none-eabi/14.3.1/thumb/v7e-m+fp/hard/crtbegin.o
 .ARM.attributes
                0x00000056       0x34 ./Core/Src/display_tasks.o
 .ARM.attributes
                0x0000008a       0x34 ./Core/Src/lcd.o
 .ARM.attributes
                0x000000be       0x34 ./Core/Src/main.o
 .ARM.attributes
                0x000000f2       0x34 ./Core/Src/stm32f4xx_hal_msp.o
 .ARM.attributes
                0x00000126       0x34 ./Core/Src/stm32f4xx_it.o
 .ARM.attributes
                0x0000015a       0x34 ./Core/Src/system_stm32f4xx.o
 .ARM.attributes
                0x0000018e       0x34 ./Core/Src/turnJudgeTask.o
 .ARM.attributes
                0x000001c2       0x21 ./Core/Startup/startup_stm32f429zitx.o
 .ARM.attributes
                0x000001e3       0x34 ./Drivers/STM32F4xx_HAL_Driver/Src/stm32f4xx_hal.o
 .ARM.attributes
                0x00000217       0x34 ./Drivers/STM32F4xx_HAL_Driver/Src/stm32f4xx_hal_cortex.o
 .ARM.attributes
                0x0000024b       0x34 ./Drivers/STM32F4xx_HAL_Driver/Src/stm32f4xx_hal_eth.o
 .ARM.attributes
                0x0000027f       0x34 ./Drivers/STM32F4xx_HAL_Driver/Src/stm32f4xx_hal_gpio.o
 .ARM.attributes
                0x000002b3       0x34 ./Drivers/STM32F4xx_HAL_Driver/Src/stm32f4xx_hal_pcd.o
 .ARM.attributes
                0x000002e7       0x34 ./Drivers/STM32F4xx_HAL_Driver/Src/stm32f4xx_hal_rcc.o
 .ARM.attributes
                0x0000031b       0x34 ./Drivers/STM32F4xx_HAL_Driver/Src/stm32f4xx_hal_uart.o
 .ARM.attributes
                0x0000034f       0x34 ./Drivers/STM32F4xx_HAL_Driver/Src/stm32f4xx_ll_usb.o
 .ARM.attributes
                0x00000383       0x34 ./Middlewares/Third_Party/FreeRTOS/Source/CMSIS_RTOS_V2/cmsis_os2.o
 .ARM.attributes
                0x000003b7       0x34 ./Middlewares/Third_Party/FreeRTOS/Source/list.o
 .ARM.attributes
                0x000003eb       0x34 ./Middlewares/Third_Party/FreeRTOS/Source/queue.o
 .ARM.attributes
                0x0000041f       0x34 ./Middlewares/Third_Party/FreeRTOS/Source/tasks.o
 .ARM.attributes
                0x00000453       0x34 ./Middlewares/Third_Party/FreeRTOS/Source/timers.o
 .ARM.attributes
                0x00000487       0x34 ./Middlewares/Third_Party/FreeRTOS/Source/portable/GCC/ARM_CM4F/port.o
 .ARM.attributes
                0x000004bb       0x34 ./Middlewares/Third_Party/FreeRTOS/Source/portable/MemMang/heap_4.o
 .ARM.attributes
                0x000004ef       0x34 C:/ST/STM32CubeIDE_2.1.1/STM32CubeIDE/plugins/com.st.stm32cube.ide.mcu.externaltools.gnu-tools-for-stm32.14.3.rel1.win32_1.0.100.202602081740/tools/bin/../lib/gcc/arm-none-eabi/14.3.1/../../../../arm-none-eabi/lib/thumb/v7e-m+fp/hard\libc_nano.a(libc_a-memset.o)
 .ARM.attributes
                0x00000523       0x34 C:/ST/STM32CubeIDE_2.1.1/STM32CubeIDE/plugins/com.st.stm32cube.ide.mcu.externaltools.gnu-tools-for-stm32.14.3.rel1.win32_1.0.100.202602081740/tools/bin/../lib/gcc/arm-none-eabi/14.3.1/../../../../arm-none-eabi/lib/thumb/v7e-m+fp/hard\libc_nano.a(libc_a-init.o)
 .ARM.attributes
                0x00000557       0x34 C:/ST/STM32CubeIDE_2.1.1/STM32CubeIDE/plugins/com.st.stm32cube.ide.mcu.externaltools.gnu-tools-for-stm32.14.3.rel1.win32_1.0.100.202602081740/tools/bin/../lib/gcc/arm-none-eabi/14.3.1/../../../../arm-none-eabi/lib/thumb/v7e-m+fp/hard\libc_nano.a(libc_a-memcpy-stub.o)
 .ARM.attributes
                0x0000058b       0x22 C:/ST/STM32CubeIDE_2.1.1/STM32CubeIDE/plugins/com.st.stm32cube.ide.mcu.externaltools.gnu-tools-for-stm32.14.3.rel1.win32_1.0.100.202602081740/tools/bin/../lib/gcc/arm-none-eabi/14.3.1/thumb/v7e-m+fp/hard\libgcc.a(_aeabi_uldivmod.o)
 .ARM.attributes
                0x000005ad       0x34 C:/ST/STM32CubeIDE_2.1.1/STM32CubeIDE/plugins/com.st.stm32cube.ide.mcu.externaltools.gnu-tools-for-stm32.14.3.rel1.win32_1.0.100.202602081740/tools/bin/../lib/gcc/arm-none-eabi/14.3.1/thumb/v7e-m+fp/hard\libgcc.a(_udivmoddi4.o)
 .ARM.attributes
                0x000005e1       0x22 C:/ST/STM32CubeIDE_2.1.1/STM32CubeIDE/plugins/com.st.stm32cube.ide.mcu.externaltools.gnu-tools-for-stm32.14.3.rel1.win32_1.0.100.202602081740/tools/bin/../lib/gcc/arm-none-eabi/14.3.1/thumb/v7e-m+fp/hard\libgcc.a(_dvmd_tls.o)
 .ARM.attributes
                0x00000603       0x22 C:/ST/STM32CubeIDE_2.1.1/STM32CubeIDE/plugins/com.st.stm32cube.ide.mcu.externaltools.gnu-tools-for-stm32.14.3.rel1.win32_1.0.100.202602081740/tools/bin/../lib/gcc/arm-none-eabi/14.3.1/thumb/v7e-m+fp/hard/crtn.o
OUTPUT(greenRightRtos.elf elf32-littlearm)
LOAD linker stubs
LOAD C:/ST/STM32CubeIDE_2.1.1/STM32CubeIDE/plugins/com.st.stm32cube.ide.mcu.externaltools.gnu-tools-for-stm32.14.3.rel1.win32_1.0.100.202602081740/tools/bin/../lib/gcc/arm-none-eabi/14.3.1/../../../../arm-none-eabi/lib/thumb/v7e-m+fp/hard\libc.a
LOAD C:/ST/STM32CubeIDE_2.1.1/STM32CubeIDE/plugins/com.st.stm32cube.ide.mcu.externaltools.gnu-tools-for-stm32.14.3.rel1.win32_1.0.100.202602081740/tools/bin/../lib/gcc/arm-none-eabi/14.3.1/../../../../arm-none-eabi/lib/thumb/v7e-m+fp/hard\libm.a
LOAD C:/ST/STM32CubeIDE_2.1.1/STM32CubeIDE/plugins/com.st.stm32cube.ide.mcu.externaltools.gnu-tools-for-stm32.14.3.rel1.win32_1.0.100.202602081740/tools/bin/../lib/gcc/arm-none-eabi/14.3.1/thumb/v7e-m+fp/hard\libgcc.a

.comment        0x00000000       0x43
 .comment       0x00000000       0x43 ./Core/Src/display_tasks.o
                                 0x44 (size before relaxing)
 .comment       0x00000043       0x44 ./Core/Src/lcd.o
 .comment       0x00000043       0x44 ./Core/Src/main.o
 .comment       0x00000043       0x44 ./Core/Src/stm32f4xx_hal_msp.o
 .comment       0x00000043       0x44 ./Core/Src/stm32f4xx_it.o
 .comment       0x00000043       0x44 ./Core/Src/system_stm32f4xx.o
 .comment       0x00000043       0x44 ./Core/Src/turnJudgeTask.o
 .comment       0x00000043       0x44 ./Drivers/STM32F4xx_HAL_Driver/Src/stm32f4xx_hal.o
 .comment       0x00000043       0x44 ./Drivers/STM32F4xx_HAL_Driver/Src/stm32f4xx_hal_cortex.o
 .comment       0x00000043       0x44 ./Drivers/STM32F4xx_HAL_Driver/Src/stm32f4xx_hal_eth.o
 .comment       0x00000043       0x44 ./Drivers/STM32F4xx_HAL_Driver/Src/stm32f4xx_hal_gpio.o
 .comment       0x00000043       0x44 ./Drivers/STM32F4xx_HAL_Driver/Src/stm32f4xx_hal_pcd.o
 .comment       0x00000043       0x44 ./Drivers/STM32F4xx_HAL_Driver/Src/stm32f4xx_hal_rcc.o
 .comment       0x00000043       0x44 ./Drivers/STM32F4xx_HAL_Driver/Src/stm32f4xx_hal_uart.o
 .comment       0x00000043       0x44 ./Drivers/STM32F4xx_HAL_Driver/Src/stm32f4xx_ll_usb.o
 .comment       0x00000043       0x44 ./Middlewares/Third_Party/FreeRTOS/Source/CMSIS_RTOS_V2/cmsis_os2.o
 .comment       0x00000043       0x44 ./Middlewares/Third_Party/FreeRTOS/Source/list.o
 .comment       0x00000043       0x44 ./Middlewares/Third_Party/FreeRTOS/Source/queue.o
 .comment       0x00000043       0x44 ./Middlewares/Third_Party/FreeRTOS/Source/tasks.o
 .comment       0x00000043       0x44 ./Middlewares/Third_Party/FreeRTOS/Source/timers.o
 .comment       0x00000043       0x44 ./Middlewares/Third_Party/FreeRTOS/Source/portable/GCC/ARM_CM4F/port.o
 .comment       0x00000043       0x44 ./Middlewares/Third_Party/FreeRTOS/Source/portable/MemMang/heap_4.o

.debug_frame    0x00000000       0xd4
 .debug_frame   0x00000000       0x20 C:/ST/STM32CubeIDE_2.1.1/STM32CubeIDE/plugins/com.st.stm32cube.ide.mcu.externaltools.gnu-tools-for-stm32.14.3.rel1.win32_1.0.100.202602081740/tools/bin/../lib/gcc/arm-none-eabi/14.3.1/../../../../arm-none-eabi/lib/thumb/v7e-m+fp/hard\libc_nano.a(libc_a-memset.o)
 .debug_frame   0x00000020       0x2c C:/ST/STM32CubeIDE_2.1.1/STM32CubeIDE/plugins/com.st.stm32cube.ide.mcu.externaltools.gnu-tools-for-stm32.14.3.rel1.win32_1.0.100.202602081740/tools/bin/../lib/gcc/arm-none-eabi/14.3.1/../../../../arm-none-eabi/lib/thumb/v7e-m+fp/hard\libc_nano.a(libc_a-init.o)
 .debug_frame   0x0000004c       0x28 C:/ST/STM32CubeIDE_2.1.1/STM32CubeIDE/plugins/com.st.stm32cube.ide.mcu.externaltools.gnu-tools-for-stm32.14.3.rel1.win32_1.0.100.202602081740/tools/bin/../lib/gcc/arm-none-eabi/14.3.1/../../../../arm-none-eabi/lib/thumb/v7e-m+fp/hard\libc_nano.a(libc_a-memcpy-stub.o)
 .debug_frame   0x00000074       0x2c C:/ST/STM32CubeIDE_2.1.1/STM32CubeIDE/plugins/com.st.stm32cube.ide.mcu.externaltools.gnu-tools-for-stm32.14.3.rel1.win32_1.0.100.202602081740/tools/bin/../lib/gcc/arm-none-eabi/14.3.1/thumb/v7e-m+fp/hard\libgcc.a(_aeabi_uldivmod.o)
 .debug_frame   0x000000a0       0x34 C:/ST/STM32CubeIDE_2.1.1/STM32CubeIDE/plugins/com.st.stm32cube.ide.mcu.externaltools.gnu-tools-for-stm32.14.3.rel1.win32_1.0.100.202602081740/tools/bin/../lib/gcc/arm-none-eabi/14.3.1/thumb/v7e-m+fp/hard\libgcc.a(_udivmoddi4.o)
