Archive member included to satisfy reference by file (symbol)

C:/ST/STM32CubeIDE_2.1.1/STM32CubeIDE/plugins/com.st.stm32cube.ide.mcu.externaltools.gnu-tools-for-stm32.14.3.rel1.win32_1.0.100.202602081740/tools/bin/../lib/gcc/arm-none-eabi/14.3.1/../../../../arm-none-eabi/lib/thumb/v7e-m+fp/hard\libc_nano.a(libc_a-exit.o)
                              C:/ST/STM32CubeIDE_2.1.1/STM32CubeIDE/plugins/com.st.stm32cube.ide.mcu.externaltools.gnu-tools-for-stm32.14.3.rel1.win32_1.0.100.202602081740/tools/bin/../lib/gcc/arm-none-eabi/14.3.1/../../../../arm-none-eabi/lib/thumb/v7e-m+fp/hard/crt0.o (exit)
C:/ST/STM32CubeIDE_2.1.1/STM32CubeIDE/plugins/com.st.stm32cube.ide.mcu.externaltools.gnu-tools-for-stm32.14.3.rel1.win32_1.0.100.202602081740/tools/bin/../lib/gcc/arm-none-eabi/14.3.1/../../../../arm-none-eabi/lib/thumb/v7e-m+fp/hard\libc_nano.a(libc_a-findfp.o)
                              C:/ST/STM32CubeIDE_2.1.1/STM32CubeIDE/plugins/com.st.stm32cube.ide.mcu.externaltools.gnu-tools-for-stm32.14.3.rel1.win32_1.0.100.202602081740/tools/bin/../lib/gcc/arm-none-eabi/14.3.1/../../../../arm-none-eabi/lib/thumb/v7e-m+fp/hard\libc_nano.a(libc_a-exit.o) (__stdio_exit_handler)
C:/ST/STM32CubeIDE_2.1.1/STM32CubeIDE/plugins/com.st.stm32cube.ide.mcu.externaltools.gnu-tools-for-stm32.14.3.rel1.win32_1.0.100.202602081740/tools/bin/../lib/gcc/arm-none-eabi/14.3.1/../../../../arm-none-eabi/lib/thumb/v7e-m+fp/hard\libc_nano.a(libc_a-fwalk.o)
                              C:/ST/STM32CubeIDE_2.1.1/STM32CubeIDE/plugins/com.st.stm32cube.ide.mcu.externaltools.gnu-tools-for-stm32.14.3.rel1.win32_1.0.100.202602081740/tools/bin/../lib/gcc/arm-none-eabi/14.3.1/../../../../arm-none-eabi/lib/thumb/v7e-m+fp/hard\libc_nano.a(libc_a-findfp.o) (_fwalk_sglue)
C:/ST/STM32CubeIDE_2.1.1/STM32CubeIDE/plugins/com.st.stm32cube.ide.mcu.externaltools.gnu-tools-for-stm32.14.3.rel1.win32_1.0.100.202602081740/tools/bin/../lib/gcc/arm-none-eabi/14.3.1/../../../../arm-none-eabi/lib/thumb/v7e-m+fp/hard\libc_nano.a(libc_a-stdio.o)
                              C:/ST/STM32CubeIDE_2.1.1/STM32CubeIDE/plugins/com.st.stm32cube.ide.mcu.externaltools.gnu-tools-for-stm32.14.3.rel1.win32_1.0.100.202602081740/tools/bin/../lib/gcc/arm-none-eabi/14.3.1/../../../../arm-none-eabi/lib/thumb/v7e-m+fp/hard\libc_nano.a(libc_a-findfp.o) (__sread)
C:/ST/STM32CubeIDE_2.1.1/STM32CubeIDE/plugins/com.st.stm32cube.ide.mcu.externaltools.gnu-tools-for-stm32.14.3.rel1.win32_1.0.100.202602081740/tools/bin/../lib/gcc/arm-none-eabi/14.3.1/../../../../arm-none-eabi/lib/thumb/v7e-m+fp/hard\libc_nano.a(libc_a-vsprintf.o)
                              ./Core/Src/uart_debug.o (vsprintf)
C:/ST/STM32CubeIDE_2.1.1/STM32CubeIDE/plugins/com.st.stm32cube.ide.mcu.externaltools.gnu-tools-for-stm32.14.3.rel1.win32_1.0.100.202602081740/tools/bin/../lib/gcc/arm-none-eabi/14.3.1/../../../../arm-none-eabi/lib/thumb/v7e-m+fp/hard\libc_nano.a(libc_a-memset.o)
                              C:/ST/STM32CubeIDE_2.1.1/STM32CubeIDE/plugins/com.st.stm32cube.ide.mcu.externaltools.gnu-tools-for-stm32.14.3.rel1.win32_1.0.100.202602081740/tools/bin/../lib/gcc/arm-none-eabi/14.3.1/../../../../arm-none-eabi/lib/thumb/v7e-m+fp/hard/crt0.o (memset)
C:/ST/STM32CubeIDE_2.1.1/STM32CubeIDE/plugins/com.st.stm32cube.ide.mcu.externaltools.gnu-tools-for-stm32.14.3.rel1.win32_1.0.100.202602081740/tools/bin/../lib/gcc/arm-none-eabi/14.3.1/../../../../arm-none-eabi/lib/thumb/v7e-m+fp/hard\libc_nano.a(libc_a-closer.o)
                              C:/ST/STM32CubeIDE_2.1.1/STM32CubeIDE/plugins/com.st.stm32cube.ide.mcu.externaltools.gnu-tools-for-stm32.14.3.rel1.win32_1.0.100.202602081740/tools/bin/../lib/gcc/arm-none-eabi/14.3.1/../../../../arm-none-eabi/lib/thumb/v7e-m+fp/hard\libc_nano.a(libc_a-stdio.o) (_close_r)
C:/ST/STM32CubeIDE_2.1.1/STM32CubeIDE/plugins/com.st.stm32cube.ide.mcu.externaltools.gnu-tools-for-stm32.14.3.rel1.win32_1.0.100.202602081740/tools/bin/../lib/gcc/arm-none-eabi/14.3.1/../../../../arm-none-eabi/lib/thumb/v7e-m+fp/hard\libc_nano.a(libc_a-reent.o)
                              C:/ST/STM32CubeIDE_2.1.1/STM32CubeIDE/plugins/com.st.stm32cube.ide.mcu.externaltools.gnu-tools-for-stm32.14.3.rel1.win32_1.0.100.202602081740/tools/bin/../lib/gcc/arm-none-eabi/14.3.1/../../../../arm-none-eabi/lib/thumb/v7e-m+fp/hard\libc_nano.a(libc_a-closer.o) (errno)
C:/ST/STM32CubeIDE_2.1.1/STM32CubeIDE/plugins/com.st.stm32cube.ide.mcu.externaltools.gnu-tools-for-stm32.14.3.rel1.win32_1.0.100.202602081740/tools/bin/../lib/gcc/arm-none-eabi/14.3.1/../../../../arm-none-eabi/lib/thumb/v7e-m+fp/hard\libc_nano.a(libc_a-impure.o)
                              C:/ST/STM32CubeIDE_2.1.1/STM32CubeIDE/plugins/com.st.stm32cube.ide.mcu.externaltools.gnu-tools-for-stm32.14.3.rel1.win32_1.0.100.202602081740/tools/bin/../lib/gcc/arm-none-eabi/14.3.1/../../../../arm-none-eabi/lib/thumb/v7e-m+fp/hard\libc_nano.a(libc_a-vsprintf.o) (_impure_ptr)
[...]
Memory Configuration

Name             Origin             Length             Attributes
CCMRAM           0x10000000         0x00010000         xrw
RAM              0x20000000         0x00030000         xrw
FLASH            0x08000000         0x00200000         xr
*default*        0x00000000         0xffffffff

Linker script and memory map

LOAD C:/ST/STM32CubeIDE_2.1.1/STM32CubeIDE/plugins/com.st.stm32cube.ide.mcu.externaltools.gnu-tools-for-stm32.14.3.rel1.win32_1.0.100.202602081740/tools/bin/../lib/gcc/arm-none-eabi/14.3.1/thumb/v7e-m+fp/hard/crti.o
LOAD C:/ST/STM32CubeIDE_2.1.1/STM32CubeIDE/plugins/com.st.stm32cube.ide.mcu.externaltools.gnu-tools-for-stm32.14.3.rel1.win32_1.0.100.202602081740/tools/bin/../lib/gcc/arm-none-eabi/14.3.1/thumb/v7e-m+fp/hard/crtbegin.o
LOAD C:/ST/STM32CubeIDE_2.1.1/STM32CubeIDE/plugins/com.st.stm32cube.ide.mcu.externaltools.gnu-tools-for-stm32.14.3.rel1.win32_1.0.100.202602081740/tools/bin/../lib/gcc/arm-none-eabi/14.3.1/../../../../arm-none-eabi/lib/thumb/v7e-m+fp/hard/crt0.o
LOAD ./Core/Src/adxl345.o
LOAD ./Core/Src/bno055.o
LOAD ./Core/Src/can.o
LOAD ./Core/Src/exti_button.o
LOAD ./Core/Src/i2c1_bus.o
LOAD ./Core/Src/i2c2.o
LOAD ./Core/Src/led.o
LOAD ./Core/Src/main.o
LOAD ./Core/Src/position.o
LOAD ./Core/Src/speed_sensor.o
LOAD ./Core/Src/stm32f4xx_hal_msp.o
LOAD ./Core/Src/stm32f4xx_it.o
LOAD ./Core/Src/syscalls.o
LOAD ./Core/Src/sysmem.o
LOAD ./Core/Src/system_stm32f4xx.o
LOAD ./Core/Src/uart_debug.o
LOAD ./Core/Startup/startup_stm32f429zitx.o
LOAD ./Drivers/STM32F4xx_HAL_Driver/Src/stm32f4xx_hal.o
LOAD ./Drivers/STM32F4xx_HAL_Driver/Src/stm32f4xx_hal_cortex.o
LOAD ./Drivers/STM32F4xx_HAL_Driver/Src/stm32f4xx_hal_dma.o
LOAD ./Drivers/STM32F4xx_HAL_Driver/Src/stm32f4xx_hal_dma_ex.o
LOAD ./Drivers/STM32F4xx_HAL_Driver/Src/stm32f4xx_hal_eth.o
LOAD ./Drivers/STM32F4xx_HAL_Driver/Src/stm32f4xx_hal_exti.o
LOAD ./Drivers/STM32F4xx_HAL_Driver/Src/stm32f4xx_hal_flash.o
LOAD ./Drivers/STM32F4xx_HAL_Driver/Src/stm32f4xx_hal_flash_ex.o
LOAD ./Drivers/STM32F4xx_HAL_Driver/Src/stm32f4xx_hal_flash_ramfunc.o
LOAD ./Drivers/STM32F4xx_HAL_Driver/Src/stm32f4xx_hal_gpio.o
LOAD ./Drivers/STM32F4xx_HAL_Driver/Src/stm32f4xx_hal_pcd.o
LOAD ./Drivers/STM32F4xx_HAL_Driver/Src/stm32f4xx_hal_pcd_ex.o
LOAD ./Drivers/STM32F4xx_HAL_Driver/Src/stm32f4xx_hal_pwr.o
LOAD ./Drivers/STM32F4xx_HAL_Driver/Src/stm32f4xx_hal_pwr_ex.o
LOAD ./Drivers/STM32F4xx_HAL_Driver/Src/stm32f4xx_hal_rcc.o
LOAD ./Drivers/STM32F4xx_HAL_Driver/Src/stm32f4xx_hal_rcc_ex.o
LOAD ./Drivers/STM32F4xx_HAL_Driver/Src/stm32f4xx_hal_uart.o
LOAD ./Drivers/STM32F4xx_HAL_Driver/Src/stm32f4xx_ll_usb.o
START GROUP
LOAD C:/ST/STM32CubeIDE_2.1.1/STM32CubeIDE/plugins/com.st.stm32cube.ide.mcu.externaltools.gnu-tools-for-stm32.14.3.rel1.win32_1.0.100.202602081740/tools/bin/../lib/gcc/arm-none-eabi/14.3.1/../../../../arm-none-eabi/lib/thumb/v7e-m+fp/hard\libc_nano.a
LOAD C:/ST/STM32CubeIDE_2.1.1/STM32CubeIDE/plugins/com.st.stm32cube.ide.mcu.externaltools.gnu-tools-for-stm32.14.3.rel1.win32_1.0.100.202602081740/tools/bin/../lib/gcc/arm-none-eabi/14.3.1/../../../../arm-none-eabi/lib/thumb/v7e-m+fp/hard\libm.a
END GROUP
START GROUP
LOAD C:/ST/STM32CubeIDE_2.1.1/STM32CubeIDE/plugins/com.st.stm32cube.ide.mcu.externaltools.gnu-tools-for-stm32.14.3.rel1.win32_1.0.100.202602081740/tools/bin/../lib/gcc/arm-none-eabi/14.3.1/thumb/v7e-m+fp/hard\libgcc.a
LOAD C:/ST/STM32CubeIDE_2.1.1/STM32CubeIDE/plugins/com.st.stm32cube.ide.mcu.externaltools.gnu-tools-for-stm32.14.3.rel1.win32_1.0.100.202602081740/tools/bin/../lib/gcc/arm-none-eabi/14.3.1/../../../../arm-none-eabi/lib/thumb/v7e-m+fp/hard\libc_nano.a
END GROUP
START GROUP
LOAD C:/ST/STM32CubeIDE_2.1.1/STM32CubeIDE/plugins/com.st.stm32cube.ide.mcu.externaltools.gnu-tools-for-stm32.14.3.rel1.win32_1.0.100.202602081740/tools/bin/../lib/gcc/arm-none-eabi/14.3.1/thumb/v7e-m+fp/hard\libgcc.a
LOAD C:/ST/STM32CubeIDE_2.1.1/STM32CubeIDE/plugins/com.st.stm32cube.ide.mcu.externaltools.gnu-tools-for-stm32.14.3.rel1.win32_1.0.100.202602081740/tools/bin/../lib/gcc/arm-none-eabi/14.3.1/../../../../arm-none-eabi/lib/thumb/v7e-m+fp/hard\libc_nano.a
LOAD C:/ST/STM32CubeIDE_2.1.1/STM32CubeIDE/plugins/com.st.stm32cube.ide.mcu.externaltools.gnu-tools-for-stm32.14.3.rel1.win32_1.0.100.202602081740/tools/bin/../lib/gcc/arm-none-eabi/14.3.1/../../../../arm-none-eabi/lib/thumb/v7e-m+fp/hard\libnosys.a
END GROUP
START GROUP
LOAD C:/ST/STM32CubeIDE_2.1.1/STM32CubeIDE/plugins/com.st.stm32cube.ide.mcu.externaltools.gnu-tools-for-stm32.14.3.rel1.win32_1.0.100.202602081740/tools/bin/../lib/gcc/arm-none-eabi/14.3.1/thumb/v7e-m+fp/hard\libgcc.a
LOAD C:/ST/STM32CubeIDE_2.1.1/STM32CubeIDE/plugins/com.st.stm32cube.ide.mcu.externaltools.gnu-tools-for-stm32.14.3.rel1.win32_1.0.100.202602081740/tools/bin/../lib/gcc/arm-none-eabi/14.3.1/../../../../arm-none-eabi/lib/thumb/v7e-m+fp/hard\libc_nano.a
LOAD C:/ST/STM32CubeIDE_2.1.1/STM32CubeIDE/plugins/com.st.stm32cube.ide.mcu.externaltools.gnu-tools-for-stm32.14.3.rel1.win32_1.0.100.202602081740/tools/bin/../lib/gcc/arm-none-eabi/14.3.1/../../../../arm-none-eabi/lib/thumb/v7e-m+fp/hard\libnosys.a
END GROUP
LOAD C:/ST/STM32CubeIDE_2.1.1/STM32CubeIDE/plugins/com.st.stm32cube.ide.mcu.externaltools.gnu-tools-for-stm32.14.3.rel1.win32_1.0.100.202602081740/tools/bin/../lib/gcc/arm-none-eabi/14.3.1/thumb/v7e-m+fp/hard/crtend.o
LOAD C:/ST/STM32CubeIDE_2.1.1/STM32CubeIDE/plugins/com.st.stm32cube.ide.mcu.externaltools.gnu-tools-for-stm32.14.3.rel1.win32_1.0.100.202602081740/tools/bin/../lib/gcc/arm-none-eabi/14.3.1/thumb/v7e-m+fp/hard/crtn.o
                0x20030000                        _estack = (ORIGIN (RAM) + LENGTH (RAM))
                0x00000200                        _Min_Heap_Size = 0x200
                0x00000400                        _Min_Stack_Size = 0x400

.isr_vector     0x08000000      0x1ac
                0x08000000                        . = ALIGN (0x4)
 *(.isr_vector)
 .isr_vector    0x08000000      0x1ac ./Core/Startup/startup_stm32f429zitx.o
                0x08000000                g_pfnVectors
                0x080001ac                        . = ALIGN (0x4)

.text           0x080001b0     0x5cc4
                0x080001b0                        . = ALIGN (0x4)
 *(.text)
 .text          0x080001b0       0x40 C:/ST/STM32CubeIDE_2.1.1/STM32CubeIDE/plugins/com.st.stm32cube.ide.mcu.externaltools.gnu-tools-for-stm32.14.3.rel1.win32_1.0.100.202602081740/tools/bin/../lib/gcc/arm-none-eabi/14.3.1/thumb/v7e-m+fp/hard/crtbegin.o
 .text          0x080001f0       0xa0 C:/ST/STM32CubeIDE_2.1.1/STM32CubeIDE/plugins/com.st.stm32cube.ide.mcu.externaltools.gnu-tools-for-stm32.14.3.rel1.win32_1.0.100.202602081740/tools/bin/../lib/gcc/arm-none-eabi/14.3.1/../../../../arm-none-eabi/lib/thumb/v7e-m+fp/hard\libc_nano.a(libc_a-memchr.o)
                0x080001f0                memchr
 .text          0x08000290      0x254 C:/ST/STM32CubeIDE_2.1.1/STM32CubeIDE/plugins/com.st.stm32cube.ide.mcu.externaltools.gnu-tools-for-stm32.14.3.rel1.win32_1.0.100.202602081740/tools/bin/../lib/gcc/arm-none-eabi/14.3.1/thumb/v7e-m+fp/hard\libgcc.a(_arm_muldf3.o)
                0x08000290                __muldf3
                0x08000290                __aeabi_dmul
 .text          0x080004e4      0x378 C:/ST/STM32CubeIDE_2.1.1/STM32CubeIDE/plugins/com.st.stm32cube.ide.mcu.externaltools.gnu-tools-for-stm32.14.3.rel1.win32_1.0.100.202602081740/tools/bin/../lib/gcc/arm-none-eabi/14.3.1/thumb/v7e-m+fp/hard\libgcc.a(_arm_addsubdf3.o)
                0x080004e4                __aeabi_drsub
                0x080004ec                __aeabi_dsub
                0x080004ec                __subdf3
                0x080004f0                __aeabi_dadd
                0x080004f0                __adddf3
                0x08000768                __floatunsidf
                0x08000768                __aeabi_ui2d
                0x08000788                __floatsidf
                0x08000788                __aeabi_i2d
                0x080007ac                __aeabi_f2d
                0x080007ac                __extendsfdf2
                0x080007f0                __floatundidf
                0x080007f0                __aeabi_ul2d
                0x08000800                __floatdidf
                0x08000800                __aeabi_l2d
 .text          0x0800085c       0xa0 C:/ST/STM32CubeIDE_2.1.1/STM32CubeIDE/plugins/com.st.stm32cube.ide.mcu.externaltools.gnu-tools-for-stm32.14.3.rel1.win32_1.0.100.202602081740/tools/bin/../lib/gcc/arm-none-eabi/14.3.1/thumb/v7e-m+fp/hard\libgcc.a(_arm_truncdfsf2.o)
                0x0800085c                __truncdfsf2
                0x0800085c                __aeabi_d2f
 .text          0x080008fc       0x30 C:/ST/STM32CubeIDE_2.1.1/STM32CubeIDE/plugins/com.st.stm32cube.ide.mcu.externaltools.gnu-tools-for-stm32.14.3.rel1.win32_1.0.100.202602081740/tools/bin/../lib/gcc/arm-none-eabi/14.3.1/thumb/v7e-m+fp/hard\libgcc.a(_aeabi_uldivmod.o)
                0x080008fc                __aeabi_uldivmod
 .text          0x0800092c      0x2f8 C:/ST/STM32CubeIDE_2.1.1/STM32CubeIDE/plugins/com.st.stm32cube.ide.mcu.externaltools.gnu-tools-for-stm32.14.3.rel1.win32_1.0.100.202602081740/tools/bin/../lib/gcc/arm-none-eabi/14.3.1/thumb/v7e-m+fp/hard\libgcc.a(_udivmoddi4.o)
                0x0800092c                __udivmoddi4
 .text          0x08000c24        0x4 C:/ST/STM32CubeIDE_2.1.1/STM32CubeIDE/plugins/com.st.stm32cube.ide.mcu.externaltools.gnu-tools-for-stm32.14.3.rel1.win32_1.0.100.202602081740/tools/bin/../lib/gcc/arm-none-eabi/14.3.1/thumb/v7e-m+fp/hard\libgcc.a(_dvmd_tls.o)
                0x08000c24                __aeabi_idiv0
                0x08000c24                __aeabi_ldiv0
 *(.text*)
 .text.ADXL345_WriteReg
                0x08000c28       0x90 ./Core/Src/adxl345.o
 .text.ADXL345_ReadReg
                0x08000cb8       0x78 ./Core/Src/adxl345.o
 .text.ADXL345_Init
                0x08000d30       0x56 ./Core/Src/adxl345.o
                0x08000d30                ADXL345_Init
 .text.ADXL345_ReadXYZ
                0x08000d86      0x124 ./Core/Src/adxl345.o
                0x08000d86                ADXL345_ReadXYZ
 *fill*         0x08000eaa        0x6 
 .text.RollPitch_Calc
                0x08000eb0      0x100 ./Core/Src/adxl345.o
                0x08000eb0                RollPitch_Calc
 .text.BNO055_Write8
                0x08000fb0       0x26 ./Core/Src/bno055.o
 .text.BNO055_Read8
                0x08000fd6       0x22 ./Core/Src/bno055.o
 .text.BNO055_ReadHeading
                0x08000ff8       0x7c ./Core/Src/bno055.o
                0x08000ff8                BNO055_ReadHeading
 .text.IMU_GetHeadingX100
                0x08001074       0x18 ./Core/Src/bno055.o
                0x08001074                IMU_GetHeadingX100
 .text.IMU_IsValid
                0x0800108c       0x18 ./Core/Src/bno055.o
                0x0800108c                IMU_IsValid
 .text.ApplyHeadingDeadband_X100
                0x080010a4       0xa2 ./Core/Src/bno055.o
                0x080010a4                ApplyHeadingDeadband_X100
 .text.BNO055_Init
                0x08001146       0x9c ./Core/Src/bno055.o
                0x08001146                BNO055_Init
 *fill*         0x080011e2        0x2 
 .text.CAN1_WaitInitAckSet
                0x080011e4       0x40 ./Core/Src/can.o
 .text.CAN1_WaitInitAckClear
                0x08001224       0x40 ./Core/Src/can.o
 .text.CAN1_GPIO_Init_PD0_PD1
                0x08001264       0x78 ./Core/Src/can.o
 .text.CAN1_Init_500kbps
                0x080012dc       0x90 ./Core/Src/can.o
                0x080012dc                CAN1_Init_500kbps
 .text.CAN1_SendData
                0x0800136c      0x128 ./Core/Src/can.o
                0x0800136c                CAN1_SendData
 .text.CAN_PackEgoStatus0000
                0x08001494      0x2a8 ./Core/Src/can.o
                0x08001494                CAN_PackEgoStatus0000
 .text.CAN_SendEgoStatus0000
                0x0800173c       0x5a ./Core/Src/can.o
                0x0800173c                CAN_SendEgoStatus0000
 .text.CAN_GetTimestamp12
                0x08001796       0x16 ./Core/Src/can.o
                0x08001796                CAN_GetTimestamp12
 .text.CAN_SpeedMpsToMpm8
                0x080017ac       0x64 ./Core/Src/can.o
                0x080017ac                CAN_SpeedMpsToMpm8
 .text.CAN_HeadingX100
                0x08001810       0x60 ./Core/Src/can.o
                0x08001810                CAN_HeadingX100
 .text.CAN_ClampU16
                0x08001870       0x38 ./Core/Src/can.o
                0x08001870                CAN_ClampU16
 .text.__NVIC_EnableIRQ
                0x080018a8       0x3c ./Core/Src/exti_button.o
 .text.EXTI_Button_Init
                0x080018e4       0xb0 ./Core/Src/exti_button.o
                0x080018e4                EXTI_Button_Init
 .text.GPIO_Init
                0x08001994       0x78 ./Core/Src/i2c1_bus.o
                0x08001994                GPIO_Init
 .text.I2C1_Init
                0x08001a0c       0x70 ./Core/Src/i2c1_bus.o
                0x08001a0c                I2C1_Init
 .text.I2C1_WaitSet
                0x08001a7c       0x40 ./Core/Src/i2c1_bus.o
 .text.I2C1_WaitClearSR2
                0x08001abc       0x40 ./Core/Src/i2c1_bus.o
 .text.I2C1_ClearAddr
                0x08001afc       0x24 ./Core/Src/i2c1_bus.o
 .text.I2C1_WriteReg
                0x08001b20       0xbc ./Core/Src/i2c1_bus.o
                0x08001b20                I2C1_WriteReg
 .text.I2C1_ReadReg
                0x08001bdc      0x118 ./Core/Src/i2c1_bus.o
                0x08001bdc                I2C1_ReadReg
 .text.I2C2_WaitFlagSet
                0x08001cf4       0x3e ./Core/Src/i2c2.o
 *fill*         0x08001d32        0x2 
 .text.I2C2_Init
                0x08001d34       0xbc ./Core/Src/i2c2.o
                0x08001d34                I2C2_Init
 .text.I2C2_Start
                0x08001df0       0x34 ./Core/Src/i2c2.o
                0x08001df0                I2C2_Start
 .text.I2C2_Stop
                0x08001e24       0x20 ./Core/Src/i2c2.o
                0x08001e24                I2C2_Stop
 .text.I2C2_Address
                0x08001e44       0x3c ./Core/Src/i2c2.o
                0x08001e44                I2C2_Address
 .text.I2C2_Write
                0x08001e80       0x34 ./Core/Src/i2c2.o
                0x08001e80                I2C2_Write
 .text.I2C2_Read_Ack
                0x08001eb4       0x44 ./Core/Src/i2c2.o
                0x08001eb4                I2C2_Read_Ack
 .text.I2C2_Read_Nack
                0x08001ef8       0x44 ./Core/Src/i2c2.o
                0x08001ef8                I2C2_Read_Nack
 .text.LED_Init
                0x08001f3c       0x5c ./Core/Src/led.o
                0x08001f3c                LED_Init
 .text.main     0x08001f98      0x560 ./Core/Src/main.o
                0x08001f98                main
 .text.SystemClock_Config
                0x080024f8       0xd4 ./Core/Src/main.o
                0x080024f8                SystemClock_Config
 .text.MX_USART3_UART_Init
                0x080025cc       0x54 ./Core/Src/main.o
 .text.MX_GPIO_Init
                0x08002620      0x15c ./Core/Src/main.o
 .text.Error_Handler
                0x0800277c        0xc ./Core/Src/main.o
                0x0800277c                Error_Handler
 .text.Position_Reset
                0x08002788       0x40 ./Core/Src/position.o
                0x08002788                Position_Reset
 .text.Position_Update
                0x080027c8      0x120 ./Core/Src/position.o
                0x080027c8                Position_Update
 .text.Position_GetXcm
                0x080028e8       0x2c ./Core/Src/position.o
                0x080028e8                Position_GetXcm
 .text.Position_GetYcm
                0x08002914       0x2c ./Core/Src/position.o
                0x08002914                Position_GetYcm
 .text.Position_GetTotalDistanceCm
                0x08002940       0x2c ./Core/Src/position.o
                0x08002940                Position_GetTotalDistanceCm
 .text.__NVIC_EnableIRQ
                0x0800296c       0x3c ./Core/Src/speed_sensor.o
 .text.__NVIC_SetPriority
                0x080029a8       0x54 ./Core/Src/speed_sensor.o
 .text.SpeedSensor_Init
                0x080029fc       0xa8 ./Core/Src/speed_sensor.o
                0x080029fc                SpeedSensor_Init
 .text.Sensor_Sample_1ms
                0x08002aa4       0xb4 ./Core/Src/speed_sensor.o
 .text.Speed_GetMps
                0x08002b58       0x1c ./Core/Src/speed_sensor.o
                0x08002b58                Speed_GetMps
 .text.TIM3_IRQHandler
                0x08002b74       0xb8 ./Core/Src/speed_sensor.o
                0x08002b74                TIM3_IRQHandler
 .text.HAL_MspInit
                0x08002c2c       0x50 ./Core/Src/stm32f4xx_hal_msp.o
                0x08002c2c                HAL_MspInit
 .text.HAL_UART_MspInit
                0x08002c7c       0x90 ./Core/Src/stm32f4xx_hal_msp.o
                0x08002c7c                HAL_UART_MspInit
 .text.NMI_Handler
                0x08002d0c        0x8 ./Core/Src/stm32f4xx_it.o
                0x08002d0c                NMI_Handler
 .text.HardFault_Handler
                0x08002d14        0x8 ./Core/Src/stm32f4xx_it.o
                0x08002d14                HardFault_Handler
 .text.MemManage_Handler
                0x08002d1c        0x8 ./Core/Src/stm32f4xx_it.o
                0x08002d1c                MemManage_Handler
 .text.BusFault_Handler
                0x08002d24        0x8 ./Core/Src/stm32f4xx_it.o
                0x08002d24                BusFault_Handler
 .text.UsageFault_Handler
                0x08002d2c        0x8 ./Core/Src/stm32f4xx_it.o
                0x08002d2c                UsageFault_Handler
 .text.SVC_Handler
                0x08002d34        0xe ./Core/Src/stm32f4xx_it.o
                0x08002d34                SVC_Handler
 .text.DebugMon_Handler
                0x08002d42        0xe ./Core/Src/stm32f4xx_it.o
                0x08002d42                DebugMon_Handler
 .text.PendSV_Handler
                0x08002d50        0xe ./Core/Src/stm32f4xx_it.o
                0x08002d50                PendSV_Handler
 .text.SysTick_Handler
                0x08002d5e        0xc ./Core/Src/stm32f4xx_it.o
                0x08002d5e                SysTick_Handler
 *fill*         0x08002d6a        0x2 
 .text.EXTI15_10_IRQHandler
                0x08002d6c       0xa0 ./Core/Src/stm32f4xx_it.o
                0x08002d6c                EXTI15_10_IRQHandler
 .text._sbrk    0x08002e0c       0x6c ./Core/Src/sysmem.o
                0x08002e0c                _sbrk
 .text.SystemInit
                0x08002e78       0x24 ./Core/Src/system_stm32f4xx.o
                0x08002e78                SystemInit
 .text._send_char
                0x08002e9c       0x50 ./Core/Src/uart_debug.o
                0x08002e9c                _send_char
 .text._send_string
                0x08002eec       0x2a ./Core/Src/uart_debug.o
                0x08002eec                _send_string
 .text._uart_printf
                0x08002f16       0x38 ./Core/Src/uart_debug.o
                0x08002f16                _uart_printf
 *fill*         0x08002f4e        0x2 
 .text.Reset_Handler
                0x08002f50       0x50 ./Core/Startup/startup_stm32f429zitx.o
                0x08002f50                Reset_Handler
 .text.Default_Handler
                0x08002fa0        0x2 ./Core/Startup/startup_stm32f429zitx.o
                0x08002fa0                RTC_Alarm_IRQHandler
                0x08002fa0                HASH_RNG_IRQHandler
                0x08002fa0                EXTI2_IRQHandler
                0x08002fa0                TIM8_CC_IRQHandler
                0x08002fa0                UART8_IRQHandler
                0x08002fa0                SPI4_IRQHandler
                0x08002fa0                TIM1_CC_IRQHandler
                0x08002fa0                DMA2_Stream5_IRQHandler
                0x08002fa0                DMA1_Stream5_IRQHandler
                0x08002fa0                PVD_IRQHandler
                0x08002fa0                SDIO_IRQHandler
                0x08002fa0                TAMP_STAMP_IRQHandler
                0x08002fa0                CAN2_RX1_IRQHandler
                0x08002fa0                EXTI3_IRQHandler
                0x08002fa0                TIM8_TRG_COM_TIM14_IRQHandler
                0x08002fa0                TIM1_UP_TIM10_IRQHandler
                0x08002fa0                TIM8_UP_TIM13_IRQHandler
                0x08002fa0                I2C3_ER_IRQHandler
                0x08002fa0                EXTI0_IRQHandler
                0x08002fa0                I2C2_EV_IRQHandler
                0x08002fa0                DMA1_Stream2_IRQHandler
                0x08002fa0                CAN1_RX0_IRQHandler
                0x08002fa0                FPU_IRQHandler
                0x08002fa0                OTG_HS_WKUP_IRQHandler
                0x08002fa0                LTDC_ER_IRQHandler
                0x08002fa0                CAN2_SCE_IRQHandler
                0x08002fa0                DMA2_Stream2_IRQHandler
                0x08002fa0                SPI1_IRQHandler
                0x08002fa0                TIM6_DAC_IRQHandler
                0x08002fa0                TIM1_BRK_TIM9_IRQHandler
                0x08002fa0                DCMI_IRQHandler
                0x08002fa0                CAN2_RX0_IRQHandler
                0x08002fa0                DMA2_Stream3_IRQHandler
                0x08002fa0                USART6_IRQHandler
                0x08002fa0                USART3_IRQHandler
                0x08002fa0                CAN1_RX1_IRQHandler
                0x08002fa0                UART5_IRQHandler
                0x08002fa0                DMA2_Stream0_IRQHandler
                0x08002fa0                TIM4_IRQHandler
                0x08002fa0                I2C1_EV_IRQHandler
                0x08002fa0                DMA1_Stream6_IRQHandler
                0x08002fa0                DMA1_Stream1_IRQHandler
                0x08002fa0                UART4_IRQHandler
                0x08002fa0                RCC_IRQHandler
                0x08002fa0                TIM8_BRK_TIM12_IRQHandler
                0x08002fa0                Default_Handler
                0x08002fa0                ADC_IRQHandler
                0x08002fa0                DMA1_Stream7_IRQHandler
                0x08002fa0                SPI5_IRQHandler
                0x08002fa0                TIM7_IRQHandler
                0x08002fa0                CAN2_TX_IRQHandler
                0x08002fa0                TIM5_IRQHandler
                0x08002fa0                DMA2_Stream7_IRQHandler
                0x08002fa0                I2C3_EV_IRQHandler
                0x08002fa0                EXTI9_5_IRQHandler
                0x08002fa0                RTC_WKUP_IRQHandler
                0x08002fa0                LTDC_IRQHandler
                0x08002fa0                ETH_WKUP_IRQHandler
                0x08002fa0                SPI2_IRQHandler
                0x08002fa0                OTG_HS_EP1_IN_IRQHandler
                0x08002fa0                DMA1_Stream0_IRQHandler
                0x08002fa0                CAN1_TX_IRQHandler
                0x08002fa0                EXTI4_IRQHandler
                0x08002fa0                ETH_IRQHandler
                0x08002fa0                OTG_HS_EP1_OUT_IRQHandler
                0x08002fa0                WWDG_IRQHandler
                0x08002fa0                SPI6_IRQHandler
                0x08002fa0                TIM2_IRQHandler
                0x08002fa0                OTG_FS_WKUP_IRQHandler
                0x08002fa0                TIM1_TRG_COM_TIM11_IRQHandler
                0x08002fa0                OTG_HS_IRQHandler
                0x08002fa0                DMA2D_IRQHandler
                0x08002fa0                EXTI1_IRQHandler
                0x08002fa0                UART7_IRQHandler
                0x08002fa0                USART2_IRQHandler
                0x08002fa0                I2C2_ER_IRQHandler
                0x08002fa0                DMA2_Stream1_IRQHandler
                0x08002fa0                CAN1_SCE_IRQHandler
                0x08002fa0                FLASH_IRQHandler
                0x08002fa0                DMA2_Stream4_IRQHandler
                0x08002fa0                USART1_IRQHandler
                0x08002fa0                OTG_FS_IRQHandler
                0x08002fa0                SPI3_IRQHandler
                0x08002fa0                DMA1_Stream4_IRQHandler
                0x08002fa0                I2C1_ER_IRQHandler
                0x08002fa0                FMC_IRQHandler
                0x08002fa0                DMA2_Stream6_IRQHandler
                0x08002fa0                SAI1_IRQHandler
                0x08002fa0                DMA1_Stream3_IRQHandler
 *fill*         0x08002fa2        0x2 
 .text.HAL_Init
                0x08002fa4       0x44 ./Drivers/STM32F4xx_HAL_Driver/Src/stm32f4xx_hal.o
                0x08002fa4                HAL_Init
 .text.HAL_InitTick
                0x08002fe8       0x60 ./Drivers/STM32F4xx_HAL_Driver/Src/stm32f4xx_hal.o
                0x08002fe8                HAL_InitTick
 .text.HAL_IncTick
                0x08003048       0x28 ./Drivers/STM32F4xx_HAL_Driver/Src/stm32f4xx_hal.o
                0x08003048                HAL_IncTick
 .text.HAL_GetTick
                0x08003070       0x18 ./Drivers/STM32F4xx_HAL_Driver/Src/stm32f4xx_hal.o
                0x08003070                HAL_GetTick
 .text.HAL_Delay
                0x08003088       0x48 ./Drivers/STM32F4xx_HAL_Driver/Src/stm32f4xx_hal.o
                0x08003088                HAL_Delay
 .text.__NVIC_SetPriorityGrouping
                0x080030d0       0x48 ./Drivers/STM32F4xx_HAL_Driver/Src/stm32f4xx_hal_cortex.o
 .text.__NVIC_GetPriorityGrouping
                0x08003118       0x1c ./Drivers/STM32F4xx_HAL_Driver/Src/stm32f4xx_hal_cortex.o
 .text.__NVIC_SetPriority
                0x08003134       0x54 ./Drivers/STM32F4xx_HAL_Driver/Src/stm32f4xx_hal_cortex.o
 .text.NVIC_EncodePriority
                0x08003188       0x66 ./Drivers/STM32F4xx_HAL_Driver/Src/stm32f4xx_hal_cortex.o
 *fill*         0x080031ee        0x2 
 .text.SysTick_Config
                0x080031f0       0x44 ./Drivers/STM32F4xx_HAL_Driver/Src/stm32f4xx_hal_cortex.o
 .text.HAL_NVIC_SetPriorityGrouping
                0x08003234       0x16 ./Drivers/STM32F4xx_HAL_Driver/Src/stm32f4xx_hal_cortex.o
                0x08003234                HAL_NVIC_SetPriorityGrouping
 .text.HAL_NVIC_SetPriority
                0x0800324a       0x38 ./Drivers/STM32F4xx_HAL_Driver/Src/stm32f4xx_hal_cortex.o
                0x0800324a                HAL_NVIC_SetPriority
 .text.HAL_SYSTICK_Config
                0x08003282       0x18 ./Drivers/STM32F4xx_HAL_Driver/Src/stm32f4xx_hal_cortex.o
                0x08003282                HAL_SYSTICK_Config
 *fill*         0x0800329a        0x2 
 .text.HAL_GPIO_Init
                0x0800329c      0x358 ./Drivers/STM32F4xx_HAL_Driver/Src/stm32f4xx_hal_gpio.o
                0x0800329c                HAL_GPIO_Init
 .text.HAL_GPIO_WritePin
                0x080035f4       0x32 ./Drivers/STM32F4xx_HAL_Driver/Src/stm32f4xx_hal_gpio.o
                0x080035f4                HAL_GPIO_WritePin
 *fill*         0x08003626        0x2 
 .text.HAL_RCC_OscConfig
                0x08003628      0x4f0 ./Drivers/STM32F4xx_HAL_Driver/Src/stm32f4xx_hal_rcc.o
                0x08003628                HAL_RCC_OscConfig
 .text.HAL_RCC_ClockConfig
                0x08003b18      0x1cc ./Drivers/STM32F4xx_HAL_Driver/Src/stm32f4xx_hal_rcc.o
                0x08003b18                HAL_RCC_ClockConfig
 .text.HAL_RCC_GetSysClockFreq
                0x08003ce4      0x20c ./Drivers/STM32F4xx_HAL_Driver/Src/stm32f4xx_hal_rcc.o
                0x08003ce4                HAL_RCC_GetSysClockFreq
 .text.HAL_RCC_GetHCLKFreq
                0x08003ef0       0x18 ./Drivers/STM32F4xx_HAL_Driver/Src/stm32f4xx_hal_rcc.o
                0x08003ef0                HAL_RCC_GetHCLKFreq
 .text.HAL_RCC_GetPCLK1Freq
                0x08003f08       0x28 ./Drivers/STM32F4xx_HAL_Driver/Src/stm32f4xx_hal_rcc.o
                0x08003f08                HAL_RCC_GetPCLK1Freq
 .text.HAL_RCC_GetPCLK2Freq
                0x08003f30       0x28 ./Drivers/STM32F4xx_HAL_Driver/Src/stm32f4xx_hal_rcc.o
                0x08003f30                HAL_RCC_GetPCLK2Freq
 .text.HAL_UART_Init
                0x08003f58       0xa0 ./Drivers/STM32F4xx_HAL_Driver/Src/stm32f4xx_hal_uart.o
                0x08003f58                HAL_UART_Init
 .text.UART_SetConfig
                0x08003ff8      0x4e8 ./Drivers/STM32F4xx_HAL_Driver/Src/stm32f4xx_hal_uart.o
 .text._vsprintf_r
                0x080044e0       0x2c C:/ST/STM32CubeIDE_2.1.1/STM32CubeIDE/plugins/com.st.stm32cube.ide.mcu.externaltools.gnu-tools-for-stm32.14.3.rel1.win32_1.0.100.202602081740/tools/bin/../lib/gcc/arm-none-eabi/14.3.1/../../../../arm-none-eabi/lib/thumb/v7e-m+fp/hard\libc_nano.a(libc_a-vsprintf.o)
                0x080044e0                _vsprintf_r
                0x080044e0                _vsiprintf_r
 .text.vsprintf
                0x0800450c       0x14 C:/ST/STM32CubeIDE_2.1.1/STM32CubeIDE/plugins/com.st.stm32cube.ide.mcu.externaltools.gnu-tools-for-stm32.14.3.rel1.win32_1.0.100.202602081740/tools/bin/../lib/gcc/arm-none-eabi/14.3.1/../../../../arm-none-eabi/lib/thumb/v7e-m+fp/hard\libc_nano.a(libc_a-vsprintf.o)
                0x0800450c                vsiprintf
                0x0800450c                vsprintf
 .text.memset   0x08004520       0x10 C:/ST/STM32CubeIDE_2.1.1/STM32CubeIDE/plugins/com.st.stm32cube.ide.mcu.externaltools.gnu-tools-for-stm32.14.3.rel1.win32_1.0.100.202602081740/tools/bin/../lib/gcc/arm-none-eabi/14.3.1/../../../../arm-none-eabi/lib/thumb/v7e-m+fp/hard\libc_nano.a(libc_a-memset.o)
                0x08004520                memset
 .text.__errno  0x08004530        0xc C:/ST/STM32CubeIDE_2.1.1/STM32CubeIDE/plugins/com.st.stm32cube.ide.mcu.externaltools.gnu-tools-for-stm32.14.3.rel1.win32_1.0.100.202602081740/tools/bin/../lib/gcc/arm-none-eabi/14.3.1/../../../../arm-none-eabi/lib/thumb/v7e-m+fp/hard\libc_nano.a(libc_a-errno.o)
                0x08004530                __errno
 .text.__libc_init_array
                0x0800453c       0x48 C:/ST/STM32CubeIDE_2.1.1/STM32CubeIDE/plugins/com.st.stm32cube.ide.mcu.externaltools.gnu-tools-for-stm32.14.3.rel1.win32_1.0.100.202602081740/tools/bin/../lib/gcc/arm-none-eabi/14.3.1/../../../../arm-none-eabi/lib/thumb/v7e-m+fp/hard\libc_nano.a(libc_a-init.o)
                0x0800453c                __libc_init_array
 .text.__retarget_lock_acquire_recursive
                0x08004584        0x2 C:/ST/STM32CubeIDE_2.1.1/STM32CubeIDE/plugins/com.st.stm32cube.ide.mcu.externaltools.gnu-tools-for-stm32.14.3.rel1.win32_1.0.100.202602081740/tools/bin/../lib/gcc/arm-none-eabi/14.3.1/../../../../arm-none-eabi/lib/thumb/v7e-m+fp/hard\libc_nano.a(libc_a-lock.o)
                0x08004584                __retarget_lock_acquire_recursive
 .text.__retarget_lock_release_recursive
                0x08004586        0x2 C:/ST/STM32CubeIDE_2.1.1/STM32CubeIDE/plugins/com.st.stm32cube.ide.mcu.externaltools.gnu-tools-for-stm32.14.3.rel1.win32_1.0.100.202602081740/tools/bin/../lib/gcc/arm-none-eabi/14.3.1/../../../../arm-none-eabi/lib/thumb/v7e-m+fp/hard\libc_nano.a(libc_a-lock.o)
                0x08004586                __retarget_lock_release_recursive
 .text._free_r  0x08004588       0x94 C:/ST/STM32CubeIDE_2.1.1/STM32CubeIDE/plugins/com.st.stm32cube.ide.mcu.externaltools.gnu-tools-for-stm32.14.3.rel1.win32_1.0.100.202602081740/tools/bin/../lib/gcc/arm-none-eabi/14.3.1/../../../../arm-none-eabi/lib/thumb/v7e-m+fp/hard\libc_nano.a(libc_a-freer.o)
                0x08004588                _free_r
 .text.sbrk_aligned
                0x0800461c       0x44 C:/ST/STM32CubeIDE_2.1.1/STM32CubeIDE/plugins/com.st.stm32cube.ide.mcu.externaltools.gnu-tools-for-stm32.14.3.rel1.win32_1.0.100.202602081740/tools/bin/../lib/gcc/arm-none-eabi/14.3.1/../../../../arm-none-eabi/lib/thumb/v7e-m+fp/hard\libc_nano.a(libc_a-mallocr.o)
 .text._malloc_r
                0x08004660      0x100 C:/ST/STM32CubeIDE_2.1.1/STM32CubeIDE/plugins/com.st.stm32cube.ide.mcu.externaltools.gnu-tools-for-stm32.14.3.rel1.win32_1.0.100.202602081740/tools/bin/../lib/gcc/arm-none-eabi/14.3.1/../../../../arm-none-eabi/lib/thumb/v7e-m+fp/hard\libc_nano.a(libc_a-mallocr.o)
                0x08004660                _malloc_r
 .text.__malloc_lock
                0x08004760        0xc C:/ST/STM32CubeIDE_2.1.1/STM32CubeIDE/plugins/com.st.stm32cube.ide.mcu.externaltools.gnu-tools-for-stm32.14.3.rel1.win32_1.0.100.202602081740/tools/bin/../lib/gcc/arm-none-eabi/14.3.1/../../../../arm-none-eabi/lib/thumb/v7e-m+fp/hard\libc_nano.a(libc_a-mlock.o)
                0x08004760                __malloc_lock
 .text.__malloc_unlock
                0x0800476c        0xc C:/ST/STM32CubeIDE_2.1.1/STM32CubeIDE/plugins/com.st.stm32cube.ide.mcu.externaltools.gnu-tools-for-stm32.14.3.rel1.win32_1.0.100.202602081740/tools/bin/../lib/gcc/arm-none-eabi/14.3.1/../../../../arm-none-eabi/lib/thumb/v7e-m+fp/hard\libc_nano.a(libc_a-mlock.o)
                0x0800476c                __malloc_unlock
 .text.__ssputs_r
                0x08004778       0xc0 C:/ST/STM32CubeIDE_2.1.1/STM32CubeIDE/plugins/com.st.stm32cube.ide.mcu.externaltools.gnu-tools-for-stm32.14.3.rel1.win32_1.0.100.202602081740/tools/bin/../lib/gcc/arm-none-eabi/14.3.1/../../../../arm-none-eabi/lib/thumb/v7e-m+fp/hard\libc_nano.a(libc_a-nano-svfprintf.o)
                0x08004778                __ssputs_r
 .text._svfprintf_r
                0x08004838      0x1f0 C:/ST/STM32CubeIDE_2.1.1/STM32CubeIDE/plugins/com.st.stm32cube.ide.mcu.externaltools.gnu-tools-for-stm32.14.3.rel1.win32_1.0.100.202602081740/tools/bin/../lib/gcc/arm-none-eabi/14.3.1/../../../../arm-none-eabi/lib/thumb/v7e-m+fp/hard\libc_nano.a(libc_a-nano-svfprintf.o)
                0x08004838                _svfiprintf_r
                0x08004838                _svfprintf_r
 .text._printf_common
                0x08004a28       0xda C:/ST/STM32CubeIDE_2.1.1/STM32CubeIDE/plugins/com.st.stm32cube.ide.mcu.externaltools.gnu-tools-for-stm32.14.3.rel1.win32_1.0.100.202602081740/tools/bin/../lib/gcc/arm-none-eabi/14.3.1/../../../../arm-none-eabi/lib/thumb/v7e-m+fp/hard\libc_nano.a(libc_a-nano-vfprintf_i.o)
                0x08004a28                _printf_common
 *fill*         0x08004b02        0x2 
 .text._printf_i
                0x08004b04      0x24c C:/ST/STM32CubeIDE_2.1.1/STM32CubeIDE/plugins/com.st.stm32cube.ide.mcu.externaltools.gnu-tools-for-stm32.14.3.rel1.win32_1.0.100.202602081740/tools/bin/../lib/gcc/arm-none-eabi/14.3.1/../../../../arm-none-eabi/lib/thumb/v7e-m+fp/hard\libc_nano.a(libc_a-nano-vfprintf_i.o)
                0x08004b04                _printf_i
 .text.memmove  0x08004d50       0x32 C:/ST/STM32CubeIDE_2.1.1/STM32CubeIDE/plugins/com.st.stm32cube.ide.mcu.externaltools.gnu-tools-for-stm32.14.3.rel1.win32_1.0.100.202602081740/tools/bin/../lib/gcc/arm-none-eabi/14.3.1/../../../../arm-none-eabi/lib/thumb/v7e-m+fp/hard\libc_nano.a(libc_a-memmove.o)
                0x08004d50                memmove
 *fill*         0x08004d82        0x2 
 .text._sbrk_r  0x08004d84       0x20 C:/ST/STM32CubeIDE_2.1.1/STM32CubeIDE/plugins/com.st.stm32cube.ide.mcu.externaltools.gnu-tools-for-stm32.14.3.rel1.win32_1.0.100.202602081740/tools/bin/../lib/gcc/arm-none-eabi/14.3.1/../../../../arm-none-eabi/lib/thumb/v7e-m+fp/hard\libc_nano.a(libc_a-sbrkr.o)
                0x08004d84                _sbrk_r
 .text.memcpy   0x08004da4       0x1c C:/ST/STM32CubeIDE_2.1.1/STM32CubeIDE/plugins/com.st.stm32cube.ide.mcu.externaltools.gnu-tools-for-stm32.14.3.rel1.win32_1.0.100.202602081740/tools/bin/../lib/gcc/arm-none-eabi/14.3.1/../../../../arm-none-eabi/lib/thumb/v7e-m+fp/hard\libc_nano.a(libc_a-memcpy-stub.o)
                0x08004da4                memcpy
 .text._realloc_r
                0x08004dc0       0x5c C:/ST/STM32CubeIDE_2.1.1/STM32CubeIDE/plugins/com.st.stm32cube.ide.mcu.externaltools.gnu-tools-for-stm32.14.3.rel1.win32_1.0.100.202602081740/tools/bin/../lib/gcc/arm-none-eabi/14.3.1/../../../../arm-none-eabi/lib/thumb/v7e-m+fp/hard\libc_nano.a(libc_a-reallocr.o)
                0x08004dc0                _realloc_r
 .text._malloc_usable_size_r
                0x08004e1c       0x10 C:/ST/STM32CubeIDE_2.1.1/STM32CubeIDE/plugins/com.st.stm32cube.ide.mcu.externaltools.gnu-tools-for-stm32.14.3.rel1.win32_1.0.100.202602081740/tools/bin/../lib/gcc/arm-none-eabi/14.3.1/../../../../arm-none-eabi/lib/thumb/v7e-m+fp/hard\libc_nano.a(libc_a-msizer.o)
                0x08004e1c                _malloc_usable_size_r
 .text.atan2f   0x08004e2c        0x4 C:/ST/STM32CubeIDE_2.1.1/STM32CubeIDE/plugins/com.st.stm32cube.ide.mcu.externaltools.gnu-tools-for-stm32.14.3.rel1.win32_1.0.100.202602081740/tools/bin/../lib/gcc/arm-none-eabi/14.3.1/../../../../arm-none-eabi/lib/thumb/v7e-m+fp/hard\libm.a(libm_a-wf_atan2.o)
                0x08004e2c                atan2f
 .text.sqrtf    0x08004e30       0x44 C:/ST/STM32CubeIDE_2.1.1/STM32CubeIDE/plugins/com.st.stm32cube.ide.mcu.externaltools.gnu-tools-for-stm32.14.3.rel1.win32_1.0.100.202602081740/tools/bin/../lib/gcc/arm-none-eabi/14.3.1/../../../../arm-none-eabi/lib/thumb/v7e-m+fp/hard\libm.a(libm_a-wf_sqrt.o)
                0x08004e30                sqrtf
 .text.cosf     0x08004e74       0x70 C:/ST/STM32CubeIDE_2.1.1/STM32CubeIDE/plugins/com.st.stm32cube.ide.mcu.externaltools.gnu-tools-for-stm32.14.3.rel1.win32_1.0.100.202602081740/tools/bin/../lib/gcc/arm-none-eabi/14.3.1/../../../../arm-none-eabi/lib/thumb/v7e-m+fp/hard\libm.a(libm_a-sf_cos.o)
                0x08004e74                cosf
 .text.sinf     0x08004ee4       0x74 C:/ST/STM32CubeIDE_2.1.1/STM32CubeIDE/plugins/com.st.stm32cube.ide.mcu.externaltools.gnu-tools-for-stm32.14.3.rel1.win32_1.0.100.202602081740/tools/bin/../lib/gcc/arm-none-eabi/14.3.1/../../../../arm-none-eabi/lib/thumb/v7e-m+fp/hard\libm.a(libm_a-sf_sin.o)
                0x08004ee4                sinf
 .text.__ieee754_sqrtf
                0x08004f58        0x8 C:/ST/STM32CubeIDE_2.1.1/STM32CubeIDE/plugins/com.st.stm32cube.ide.mcu.externaltools.gnu-tools-for-stm32.14.3.rel1.win32_1.0.100.202602081740/tools/bin/../lib/gcc/arm-none-eabi/14.3.1/../../../../arm-none-eabi/lib/thumb/v7e-m+fp/hard\libm.a(libm_a-ef_sqrt.o)
                0x08004f58                __ieee754_sqrtf
 .text.__kernel_cosf
                0x08004f60      0x104 C:/ST/STM32CubeIDE_2.1.1/STM32CubeIDE/plugins/com.st.stm32cube.ide.mcu.externaltools.gnu-tools-for-stm32.14.3.rel1.win32_1.0.100.202602081740/tools/bin/../lib/gcc/arm-none-eabi/14.3.1/../../../../arm-none-eabi/lib/thumb/v7e-m+fp/hard\libm.a(libm_a-kf_cos.o)
                0x08004f60                __kernel_cosf
 .text.__kernel_sinf
                0x08005064       0x90 C:/ST/STM32CubeIDE_2.1.1/STM32CubeIDE/plugins/com.st.stm32cube.ide.mcu.externaltools.gnu-tools-for-stm32.14.3.rel1.win32_1.0.100.202602081740/tools/bin/../lib/gcc/arm-none-eabi/14.3.1/../../../../arm-none-eabi/lib/thumb/v7e-m+fp/hard\libm.a(libm_a-kf_sin.o)
                0x08005064                __kernel_sinf
 .text.__ieee754_atan2f
                0x080050f4      0x14c C:/ST/STM32CubeIDE_2.1.1/STM32CubeIDE/plugins/com.st.stm32cube.ide.mcu.externaltools.gnu-tools-for-stm32.14.3.rel1.win32_1.0.100.202602081740/tools/bin/../lib/gcc/arm-none-eabi/14.3.1/../../../../arm-none-eabi/lib/thumb/v7e-m+fp/hard\libm.a(libm_a-ef_atan2.o)
                0x080050f4                __ieee754_atan2f
 .text.__ieee754_rem_pio2f
                0x08005240      0x26c C:/ST/STM32CubeIDE_2.1.1/STM32CubeIDE/plugins/com.st.stm32cube.ide.mcu.externaltools.gnu-tools-for-stm32.14.3.rel1.win32_1.0.100.202602081740/tools/bin/../lib/gcc/arm-none-eabi/14.3.1/../../../../arm-none-eabi/lib/thumb/v7e-m+fp/hard\libm.a(libm_a-ef_rem_pio2.o)
                0x08005240                __ieee754_rem_pio2f
 .text.atanf    0x080054ac      0x1a4 C:/ST/STM32CubeIDE_2.1.1/STM32CubeIDE/plugins/com.st.stm32cube.ide.mcu.externaltools.gnu-tools-for-stm32.14.3.rel1.win32_1.0.100.202602081740/tools/bin/../lib/gcc/arm-none-eabi/14.3.1/../../../../arm-none-eabi/lib/thumb/v7e-m+fp/hard\libm.a(libm_a-sf_atan.o)
                0x080054ac                atanf
 .text.fabsf    0x08005650       0x10 C:/ST/STM32CubeIDE_2.1.1/STM32CubeIDE/plugins/com.st.stm32cube.ide.mcu.externaltools.gnu-tools-for-stm32.14.3.rel1.win32_1.0.100.202602081740/tools/bin/../lib/gcc/arm-none-eabi/14.3.1/../../../../arm-none-eabi/lib/thumb/v7e-m+fp/hard\libm.a(libm_a-sf_fabs.o)
                0x08005650                fabsf
 .text.__kernel_rem_pio2f
                0x08005660      0x68c C:/ST/STM32CubeIDE_2.1.1/STM32CubeIDE/plugins/com.st.stm32cube.ide.mcu.externaltools.gnu-tools-for-stm32.14.3.rel1.win32_1.0.100.202602081740/tools/bin/../lib/gcc/arm-none-eabi/14.3.1/../../../../arm-none-eabi/lib/thumb/v7e-m+fp/hard\libm.a(libm_a-kf_rem_pio2.o)
                0x08005660                __kernel_rem_pio2f
 .text.scalbnf  0x08005cec       0xdc C:/ST/STM32CubeIDE_2.1.1/STM32CubeIDE/plugins/com.st.stm32cube.ide.mcu.externaltools.gnu-tools-for-stm32.14.3.rel1.win32_1.0.100.202602081740/tools/bin/../lib/gcc/arm-none-eabi/14.3.1/../../../../arm-none-eabi/lib/thumb/v7e-m+fp/hard\libm.a(libm_a-sf_scalbn.o)
                0x08005cec                scalbnf
 .text.floorf   0x08005dc8       0x94 C:/ST/STM32CubeIDE_2.1.1/STM32CubeIDE/plugins/com.st.stm32cube.ide.mcu.externaltools.gnu-tools-for-stm32.14.3.rel1.win32_1.0.100.202602081740/tools/bin/../lib/gcc/arm-none-eabi/14.3.1/../../../../arm-none-eabi/lib/thumb/v7e-m+fp/hard\libm.a(libm_a-sf_floor.o)
                0x08005dc8                floorf
 *(.glue_7)
 .glue_7        0x08005e5c        0x0 linker stubs
 *(.glue_7t)
 .glue_7t       0x08005e5c        0x0 linker stubs
 *(.eh_frame)
 .eh_frame      0x08005e5c        0x0 C:/ST/STM32CubeIDE_2.1.1/STM32CubeIDE/plugins/com.st.stm32cube.ide.mcu.externaltools.gnu-tools-for-stm32.14.3.rel1.win32_1.0.100.202602081740/tools/bin/../lib/gcc/arm-none-eabi/14.3.1/thumb/v7e-m+fp/hard/crtbegin.o
 *(.init)
 .init          0x08005e5c        0x4 C:/ST/STM32CubeIDE_2.1.1/STM32CubeIDE/plugins/com.st.stm32cube.ide.mcu.externaltools.gnu-tools-for-stm32.14.3.rel1.win32_1.0.100.202602081740/tools/bin/../lib/gcc/arm-none-eabi/14.3.1/thumb/v7e-m+fp/hard/crti.o
                0x08005e5c                _init
 .init          0x08005e60        0x8 C:/ST/STM32CubeIDE_2.1.1/STM32CubeIDE/plugins/com.st.stm32cube.ide.mcu.externaltools.gnu-tools-for-stm32.14.3.rel1.win32_1.0.100.202602081740/tools/bin/../lib/gcc/arm-none-eabi/14.3.1/thumb/v7e-m+fp/hard/crtn.o
 *(.fini)
 .fini          0x08005e68        0x4 C:/ST/STM32CubeIDE_2.1.1/STM32CubeIDE/plugins/com.st.stm32cube.ide.mcu.externaltools.gnu-tools-for-stm32.14.3.rel1.win32_1.0.100.202602081740/tools/bin/../lib/gcc/arm-none-eabi/14.3.1/thumb/v7e-m+fp/hard/crti.o
                0x08005e68                _fini
 .fini          0x08005e6c        0x8 C:/ST/STM32CubeIDE_2.1.1/STM32CubeIDE/plugins/com.st.stm32cube.ide.mcu.externaltools.gnu-tools-for-stm32.14.3.rel1.win32_1.0.100.202602081740/tools/bin/../lib/gcc/arm-none-eabi/14.3.1/thumb/v7e-m+fp/hard/crtn.o
                0x08005e74                        . = ALIGN (0x4)
                0x08005e74                        _etext = .

.vfp11_veneer   0x08005e74        0x0
 .vfp11_veneer  0x08005e74        0x0 linker stubs

.v4_bx          0x08005e74        0x0
 .v4_bx         0x08005e74        0x0 linker stubs

.iplt           0x08005e74        0x0
 .iplt          0x08005e74        0x0 C:/ST/STM32CubeIDE_2.1.1/STM32CubeIDE/plugins/com.st.stm32cube.ide.mcu.externaltools.gnu-tools-for-stm32.14.3.rel1.win32_1.0.100.202602081740/tools/bin/../lib/gcc/arm-none-eabi/14.3.1/thumb/v7e-m+fp/hard/crtbegin.o

.rodata         0x08005e74      0x584
                0x08005e74                        . = ALIGN (0x4)
 *(.rodata)
 .rodata        0x08005e74      0x12d ./Core/Src/main.o
 *(.rodata*)
 *fill*         0x08005fa1        0x3 
 .rodata.AHBPrescTable
                0x08005fa4       0x10 ./Core/Src/system_stm32f4xx.o
                0x08005fa4                AHBPrescTable
 .rodata.APBPrescTable
                0x08005fb4        0x8 ./Core/Src/system_stm32f4xx.o
                0x08005fb4                APBPrescTable
 .rodata._svfprintf_r.str1.1
                0x08005fbc       0x33 C:/ST/STM32CubeIDE_2.1.1/STM32CubeIDE/plugins/com.st.stm32cube.ide.mcu.externaltools.gnu-tools-for-stm32.14.3.rel1.win32_1.0.100.202602081740/tools/bin/../lib/gcc/arm-none-eabi/14.3.1/../../../../arm-none-eabi/lib/thumb/v7e-m+fp/hard\libc_nano.a(libc_a-nano-svfprintf.o)
                                 0x11 (size before relaxing)
 .rodata._printf_i.str1.1
                0x08005fef       0x22 C:/ST/STM32CubeIDE_2.1.1/STM32CubeIDE/plugins/com.st.stm32cube.ide.mcu.externaltools.gnu-tools-for-stm32.14.3.rel1.win32_1.0.100.202602081740/tools/bin/../lib/gcc/arm-none-eabi/14.3.1/../../../../arm-none-eabi/lib/thumb/v7e-m+fp/hard\libc_nano.a(libc_a-nano-vfprintf_i.o)
 *fill*         0x08005fef        0x1 
 .rodata.CSWTCH.9
                0x08005ff0        0xc C:/ST/STM32CubeIDE_2.1.1/STM32CubeIDE/plugins/com.st.stm32cube.ide.mcu.externaltools.gnu-tools-for-stm32.14.3.rel1.win32_1.0.100.202602081740/tools/bin/../lib/gcc/arm-none-eabi/14.3.1/../../../../arm-none-eabi/lib/thumb/v7e-m+fp/hard\libm.a(libm_a-ef_atan2.o)
 .rodata.CSWTCH.8
                0x08005ffc        0xc C:/ST/STM32CubeIDE_2.1.1/STM32CubeIDE/plugins/com.st.stm32cube.ide.mcu.externaltools.gnu-tools-for-stm32.14.3.rel1.win32_1.0.100.202602081740/tools/bin/../lib/gcc/arm-none-eabi/14.3.1/../../../../arm-none-eabi/lib/thumb/v7e-m+fp/hard\libm.a(libm_a-ef_atan2.o)
 .rodata.npio2_hw
                0x08006008       0x80 C:/ST/STM32CubeIDE_2.1.1/STM32CubeIDE/plugins/com.st.stm32cube.ide.mcu.externaltools.gnu-tools-for-stm32.14.3.rel1.win32_1.0.100.202602081740/tools/bin/../lib/gcc/arm-none-eabi/14.3.1/../../../../arm-none-eabi/lib/thumb/v7e-m+fp/hard\libm.a(libm_a-ef_rem_pio2.o)
 .rodata.two_over_pi
                0x08006088      0x318 C:/ST/STM32CubeIDE_2.1.1/STM32CubeIDE/plugins/com.st.stm32cube.ide.mcu.externaltools.gnu-tools-for-stm32.14.3.rel1.win32_1.0.100.202602081740/tools/bin/../lib/gcc/arm-none-eabi/14.3.1/../../../../arm-none-eabi/lib/thumb/v7e-m+fp/hard\libm.a(libm_a-ef_rem_pio2.o)
 .rodata.atanlo
                0x080063a0       0x10 C:/ST/STM32CubeIDE_2.1.1/STM32CubeIDE/plugins/com.st.stm32cube.ide.mcu.externaltools.gnu-tools-for-stm32.14.3.rel1.win32_1.0.100.202602081740/tools/bin/../lib/gcc/arm-none-eabi/14.3.1/../../../../arm-none-eabi/lib/thumb/v7e-m+fp/hard\libm.a(libm_a-sf_atan.o)
 .rodata.atanhi
                0x080063b0       0x10 C:/ST/STM32CubeIDE_2.1.1/STM32CubeIDE/plugins/com.st.stm32cube.ide.mcu.externaltools.gnu-tools-for-stm32.14.3.rel1.win32_1.0.100.202602081740/tools/bin/../lib/gcc/arm-none-eabi/14.3.1/../../../../arm-none-eabi/lib/thumb/v7e-m+fp/hard\libm.a(libm_a-sf_atan.o)
 .rodata.PIo2   0x080063c0       0x2c C:/ST/STM32CubeIDE_2.1.1/STM32CubeIDE/plugins/com.st.stm32cube.ide.mcu.externaltools.gnu-tools-for-stm32.14.3.rel1.win32_1.0.100.202602081740/tools/bin/../lib/gcc/arm-none-eabi/14.3.1/../../../../arm-none-eabi/lib/thumb/v7e-m+fp/hard\libm.a(libm_a-kf_rem_pio2.o)
 .rodata.init_jk
                0x080063ec        0xc C:/ST/STM32CubeIDE_2.1.1/STM32CubeIDE/plugins/com.st.stm32cube.ide.mcu.externaltools.gnu-tools-for-stm32.14.3.rel1.win32_1.0.100.202602081740/tools/bin/../lib/gcc/arm-none-eabi/14.3.1/../../../../arm-none-eabi/lib/thumb/v7e-m+fp/hard\libm.a(libm_a-kf_rem_pio2.o)
                0x080063f8                        . = ALIGN (0x4)

.ARM.extab      0x080063f8        0x0
                0x080063f8                        . = ALIGN (0x4)
 *(.ARM.extab* .gnu.linkonce.armextab.*)
                0x080063f8                        . = ALIGN (0x4)

.ARM            0x080063f8        0x8
                0x080063f8                        . = ALIGN (0x4)
                0x080063f8                        __exidx_start = .
 *(.ARM.exidx*)
 .ARM.exidx     0x080063f8        0x8 C:/ST/STM32CubeIDE_2.1.1/STM32CubeIDE/plugins/com.st.stm32cube.ide.mcu.externaltools.gnu-tools-for-stm32.14.3.rel1.win32_1.0.100.202602081740/tools/bin/../lib/gcc/arm-none-eabi/14.3.1/../../../../arm-none-eabi/lib/thumb/v7e-m+fp/hard\libc_nano.a(libc_a-memchr.o)
 .ARM.exidx     0x08006400        0x0 C:/ST/STM32CubeIDE_2.1.1/STM32CubeIDE/plugins/com.st.stm32cube.ide.mcu.externaltools.gnu-tools-for-stm32.14.3.rel1.win32_1.0.100.202602081740/tools/bin/../lib/gcc/arm-none-eabi/14.3.1/thumb/v7e-m+fp/hard\libgcc.a(_udivmoddi4.o)
                                  0x8 (size before relaxing)
                0x08006400                        __exidx_end = .
                0x08006400                        . = ALIGN (0x4)

.preinit_array  0x08006400        0x0
                0x08006400                        . = ALIGN (0x4)
                0x08006400                        PROVIDE (__preinit_array_start = .)
 *(.preinit_array*)
                0x08006400                        PROVIDE (__preinit_array_end = .)
                0x08006400                        . = ALIGN (0x4)

.init_array     0x08006400        0x4
                0x08006400                        . = ALIGN (0x4)
                0x08006400                        PROVIDE (__init_array_start = .)
 *(SORT_BY_NAME(.init_array.*))
 *(.init_array*)
 .init_array    0x08006400        0x4 C:/ST/STM32CubeIDE_2.1.1/STM32CubeIDE/plugins/com.st.stm32cube.ide.mcu.externaltools.gnu-tools-for-stm32.14.3.rel1.win32_1.0.100.202602081740/tools/bin/../lib/gcc/arm-none-eabi/14.3.1/thumb/v7e-m+fp/hard/crtbegin.o
                0x08006404                        PROVIDE (__init_array_end = .)
                0x08006404                        . = ALIGN (0x4)

.fini_array     0x08006404        0x4
                0x08006404                        . = ALIGN (0x4)
                [!provide]                        PROVIDE (__fini_array_start = .)
 *(SORT_BY_NAME(.fini_array.*))
 *(.fini_array*)
 .fini_array    0x08006404        0x4 C:/ST/STM32CubeIDE_2.1.1/STM32CubeIDE/plugins/com.st.stm32cube.ide.mcu.externaltools.gnu-tools-for-stm32.14.3.rel1.win32_1.0.100.202602081740/tools/bin/../lib/gcc/arm-none-eabi/14.3.1/thumb/v7e-m+fp/hard/crtbegin.o
                [!provide]                        PROVIDE (__fini_array_end = .)
                0x08006408                        . = ALIGN (0x4)
                0x08006408                        _sidata = LOADADDR (.data)

.rel.dyn        0x08006408        0x0
 .rel.iplt      0x08006408        0x0 C:/ST/STM32CubeIDE_2.1.1/STM32CubeIDE/plugins/com.st.stm32cube.ide.mcu.externaltools.gnu-tools-for-stm32.14.3.rel1.win32_1.0.100.202602081740/tools/bin/../lib/gcc/arm-none-eabi/14.3.1/thumb/v7e-m+fp/hard/crtbegin.o

.data           0x20000000       0x60 load address 0x08006408
                0x20000000                        . = ALIGN (0x4)
                0x20000000                        _sdata = .
 *(.data)
 *(.data*)
 .data.can_first_tx
                0x20000000        0x1 ./Core/Src/main.o
 *fill*         0x20000001        0x3 
 .data.SystemCoreClock
                0x20000004        0x4 ./Core/Src/system_stm32f4xx.o
                0x20000004                SystemCoreClock
 .data.uwTickPrio
                0x20000008        0x4 ./Drivers/STM32F4xx_HAL_Driver/Src/stm32f4xx_hal.o
                0x20000008                uwTickPrio
 .data.uwTickFreq
                0x2000000c        0x1 ./Drivers/STM32F4xx_HAL_Driver/Src/stm32f4xx_hal.o
                0x2000000c                uwTickFreq
 *fill*         0x2000000d        0x3 
 .data._impure_ptr
                0x20000010        0x4 C:/ST/STM32CubeIDE_2.1.1/STM32CubeIDE/plugins/com.st.stm32cube.ide.mcu.externaltools.gnu-tools-for-stm32.14.3.rel1.win32_1.0.100.202602081740/tools/bin/../lib/gcc/arm-none-eabi/14.3.1/../../../../arm-none-eabi/lib/thumb/v7e-m+fp/hard\libc_nano.a(libc_a-impure.o)
                0x20000010                _impure_ptr
 .data._impure_data
                0x20000014       0x4c C:/ST/STM32CubeIDE_2.1.1/STM32CubeIDE/plugins/com.st.stm32cube.ide.mcu.externaltools.gnu-tools-for-stm32.14.3.rel1.win32_1.0.100.202602081740/tools/bin/../lib/gcc/arm-none-eabi/14.3.1/../../../../arm-none-eabi/lib/thumb/v7e-m+fp/hard\libc_nano.a(libc_a-impure.o)
                0x20000014                _impure_data
 *(.RamFunc)
 *(.RamFunc*)
                0x20000060                        . = ALIGN (0x4)
                0x20000060                        _edata = .
                0x08006468                        _siccmram = LOADADDR (.ccmram)

.igot.plt       0x20000060        0x0 load address 0x08006468
 .igot.plt      0x20000060        0x0 C:/ST/STM32CubeIDE_2.1.1/STM32CubeIDE/plugins/com.st.stm32cube.ide.mcu.externaltools.gnu-tools-for-stm32.14.3.rel1.win32_1.0.100.202602081740/tools/bin/../lib/gcc/arm-none-eabi/14.3.1/thumb/v7e-m+fp/hard/crtbegin.o

.ccmram         0x10000000        0x0 load address 0x08006468
                0x10000000                        . = ALIGN (0x4)
                0x10000000                        _sccmram = .
 *(.ccmram)
 *(.ccmram*)
                0x10000000                        . = ALIGN (0x4)
                0x10000000                        _eccmram = .
                0x10000000                        . = ALIGN (0x4)

.bss            0x20000060      0x210
                0x20000060                        _sbss = .
                0x20000060                        __bss_start__ = _sbss
 *(.bss)
 .bss           0x20000060       0x1c C:/ST/STM32CubeIDE_2.1.1/STM32CubeIDE/plugins/com.st.stm32cube.ide.mcu.externaltools.gnu-tools-for-stm32.14.3.rel1.win32_1.0.100.202602081740/tools/bin/../lib/gcc/arm-none-eabi/14.3.1/thumb/v7e-m+fp/hard/crtbegin.o
 *(.bss*)
 .bss.imu_heading_x100
                0x2000007c        0x4 ./Core/Src/bno055.o
 .bss.imu_valid
                0x20000080        0x1 ./Core/Src/bno055.o
 *fill*         0x20000081        0x3 
 .bss.huart3    0x20000084       0x48 ./Core/Src/main.o
                0x20000084                huart3
 .bss.state     0x200000cc        0x1 ./Core/Src/main.o
                0x200000cc                state
 *fill*         0x200000cd        0x3 
 .bss.last_imu_time
                0x200000d0        0x4 ./Core/Src/main.o
 .bss.last_can_time
                0x200000d4        0x4 ./Core/Src/main.o
 .bss.last_print_time
                0x200000d8        0x4 ./Core/Src/main.o
 .bss.last_adxl_time
                0x200000dc        0x4 ./Core/Src/main.o
 .bss.blink_tick
                0x200000e0        0x4 ./Core/Src/main.o
 .bss.used_heading_x100
                0x200000e4        0x4 ./Core/Src/main.o
 .bss.blink_on  0x200000e8        0x1 ./Core/Src/main.o
 .bss.adxl_available
                0x200000e9        0x1 ./Core/Src/main.o
 .bss.previous_speed_mpm
                0x200000ea        0x1 ./Core/Src/main.o
 *fill*         0x200000eb        0x1 
 .bss.previous_x
                0x200000ec        0x2 ./Core/Src/main.o
 .bss.previous_y
                0x200000ee        0x2 ./Core/Src/main.o
 .bss.previous_heading
                0x200000f0        0x2 ./Core/Src/main.o
 .bss.previous_turn_signal
                0x200000f2        0x1 ./Core/Src/main.o
 *fill*         0x200000f3        0x1 
 .bss.total_distance_m
                0x200000f4        0x4 ./Core/Src/position.o
 .bss.pos_x_m   0x200000f8        0x4 ./Core/Src/position.o
 .bss.pos_y_m   0x200000fc        0x4 ./Core/Src/position.o
 .bss.last_pos_time
                0x20000100        0x4 ./Core/Src/position.o
 .bss.stable_state
                0x20000104        0x1 ./Core/Src/speed_sensor.o
 *fill*         0x20000105        0x3 
 .bss.speed_sample_elapsed_ms
                0x20000108        0x4 ./Core/Src/speed_sensor.o
 .bss.pulse_count
                0x2000010c        0x4 ./Core/Src/speed_sensor.o
 .bss.rejected_cnt
                0x20000110        0x4 ./Core/Src/speed_sensor.o
 .bss.speed_mps
                0x20000114        0x4 ./Core/Src/speed_sensor.o
 .bss.last_raw.1
                0x20000118        0x1 ./Core/Src/speed_sensor.o
 .bss.same_cnt.0
                0x20000119        0x1 ./Core/Src/speed_sensor.o
 *fill*         0x2000011a        0x2 
 .bss.last_press.0
                0x2000011c        0x4 ./Core/Src/stm32f4xx_it.o
 .bss.__sbrk_heap_end
                0x20000120        0x4 ./Core/Src/sysmem.o
 .bss.uwTick    0x20000124        0x4 ./Drivers/STM32F4xx_HAL_Driver/Src/stm32f4xx_hal.o
                0x20000124                uwTick
 .bss.__sf      0x20000128      0x138 C:/ST/STM32CubeIDE_2.1.1/STM32CubeIDE/plugins/com.st.stm32cube.ide.mcu.externaltools.gnu-tools-for-stm32.14.3.rel1.win32_1.0.100.202602081740/tools/bin/../lib/gcc/arm-none-eabi/14.3.1/../../../../arm-none-eabi/lib/thumb/v7e-m+fp/hard\libc_nano.a(libc_a-findfp.o)
                0x20000128                __sf
 .bss.errno     0x20000260        0x4 C:/ST/STM32CubeIDE_2.1.1/STM32CubeIDE/plugins/com.st.stm32cube.ide.mcu.externaltools.gnu-tools-for-stm32.14.3.rel1.win32_1.0.100.202602081740/tools/bin/../lib/gcc/arm-none-eabi/14.3.1/../../../../arm-none-eabi/lib/thumb/v7e-m+fp/hard\libc_nano.a(libc_a-reent.o)
                0x20000260                errno
 .bss.__lock___malloc_recursive_mutex
                0x20000264        0x1 C:/ST/STM32CubeIDE_2.1.1/STM32CubeIDE/plugins/com.st.stm32cube.ide.mcu.externaltools.gnu-tools-for-stm32.14.3.rel1.win32_1.0.100.202602081740/tools/bin/../lib/gcc/arm-none-eabi/14.3.1/../../../../arm-none-eabi/lib/thumb/v7e-m+fp/hard\libc_nano.a(libc_a-lock.o)
                0x20000264                __lock___malloc_recursive_mutex
 *fill*         0x20000265        0x3 
 .bss.__malloc_sbrk_start
                0x20000268        0x4 C:/ST/STM32CubeIDE_2.1.1/STM32CubeIDE/plugins/com.st.stm32cube.ide.mcu.externaltools.gnu-tools-for-stm32.14.3.rel1.win32_1.0.100.202602081740/tools/bin/../lib/gcc/arm-none-eabi/14.3.1/../../../../arm-none-eabi/lib/thumb/v7e-m+fp/hard\libc_nano.a(libc_a-mallocr.o)
                0x20000268                __malloc_sbrk_start
 .bss.__malloc_free_list
                0x2000026c        0x4 C:/ST/STM32CubeIDE_2.1.1/STM32CubeIDE/plugins/com.st.stm32cube.ide.mcu.externaltools.gnu-tools-for-stm32.14.3.rel1.win32_1.0.100.202602081740/tools/bin/../lib/gcc/arm-none-eabi/14.3.1/../../../../arm-none-eabi/lib/thumb/v7e-m+fp/hard\libc_nano.a(libc_a-mallocr.o)
                0x2000026c                __malloc_free_list
 *(COMMON)
                0x20000270                        . = ALIGN (0x4)
                0x20000270                        _ebss = .
                0x20000270                        __bss_end__ = _ebss

._user_heap_stack
                0x20000270      0x600
                0x20000270                        . = ALIGN (0x8)
                [!provide]                        PROVIDE (end = .)
                0x20000270                        PROVIDE (_end = .)
                0x20000470                        . = (. + _Min_Heap_Size)
 *fill*         0x20000270      0x200 
                0x20000870                        . = (. + _Min_Stack_Size)
 *fill*         0x20000470      0x400 
                0x20000870                        . = ALIGN (0x8)

/DISCARD/
 libc.a(*)
 libm.a(*)
 libgcc.a(*)

.ARM.attributes
                0x00000000       0x30
 *(.ARM.attributes)
 .ARM.attributes
                0x00000000       0x22 C:/ST/STM32CubeIDE_2.1.1/STM32CubeIDE/plugins/com.st.stm32cube.ide.mcu.externaltools.gnu-tools-for-stm32.14.3.rel1.win32_1.0.100.202602081740/tools/bin/../lib/gcc/arm-none-eabi/14.3.1/thumb/v7e-m+fp/hard/crti.o
 .ARM.attributes
                0x00000022       0x34 C:/ST/STM32CubeIDE_2.1.1/STM32CubeIDE/plugins/com.st.stm32cube.ide.mcu.externaltools.gnu-tools-for-stm32.14.3.rel1.win32_1.0.100.202602081740/tools/bin/../lib/gcc/arm-none-eabi/14.3.1/thumb/v7e-m+fp/hard/crtbegin.o
 .ARM.attributes
                0x00000056       0x34 ./Core/Src/adxl345.o
 .ARM.attributes
                0x0000008a       0x34 ./Core/Src/bno055.o
 .ARM.attributes
                0x000000be       0x34 ./Core/Src/can.o
 .ARM.attributes
                0x000000f2       0x34 ./Core/Src/exti_button.o
 .ARM.attributes
                0x00000126       0x34 ./Core/Src/i2c1_bus.o
 .ARM.attributes
                0x0000015a       0x34 ./Core/Src/i2c2.o
 .ARM.attributes
                0x0000018e       0x34 ./Core/Src/led.o
 .ARM.attributes
                0x000001c2       0x34 ./Core/Src/main.o
 .ARM.attributes
                0x000001f6       0x34 ./Core/Src/position.o
 .ARM.attributes
                0x0000022a       0x34 ./Core/Src/speed_sensor.o
 .ARM.attributes
                0x0000025e       0x34 ./Core/Src/stm32f4xx_hal_msp.o
 .ARM.attributes
                0x00000292       0x34 ./Core/Src/stm32f4xx_it.o
 .ARM.attributes
                0x000002c6       0x34 ./Core/Src/sysmem.o
 .ARM.attributes
                0x000002fa       0x34 ./Core/Src/system_stm32f4xx.o
 .ARM.attributes
                0x0000032e       0x34 ./Core/Src/uart_debug.o
 .ARM.attributes
                0x00000362       0x21 ./Core/Startup/startup_stm32f429zitx.o
 .ARM.attributes
                0x00000383       0x34 ./Drivers/STM32F4xx_HAL_Driver/Src/stm32f4xx_hal.o
 .ARM.attributes
                0x000003b7       0x34 ./Drivers/STM32F4xx_HAL_Driver/Src/stm32f4xx_hal_cortex.o
 .ARM.attributes
                0x000003eb       0x34 ./Drivers/STM32F4xx_HAL_Driver/Src/stm32f4xx_hal_gpio.o
 .ARM.attributes
                0x0000041f       0x34 ./Drivers/STM32F4xx_HAL_Driver/Src/stm32f4xx_hal_rcc.o
 .ARM.attributes
                0x00000453       0x34 ./Drivers/STM32F4xx_HAL_Driver/Src/stm32f4xx_hal_uart.o
 .ARM.attributes
                0x00000487       0x34 C:/ST/STM32CubeIDE_2.1.1/STM32CubeIDE/plugins/com.st.stm32cube.ide.mcu.externaltools.gnu-tools-for-stm32.14.3.rel1.win32_1.0.100.202602081740/tools/bin/../lib/gcc/arm-none-eabi/14.3.1/../../../../arm-none-eabi/lib/thumb/v7e-m+fp/hard\libc_nano.a(libc_a-findfp.o)
 .ARM.attributes
                0x000004bb       0x34 C:/ST/STM32CubeIDE_2.1.1/STM32CubeIDE/plugins/com.st.stm32cube.ide.mcu.externaltools.gnu-tools-for-stm32.14.3.rel1.win32_1.0.100.202602081740/tools/bin/../lib/gcc/arm-none-eabi/14.3.1/../../../../arm-none-eabi/lib/thumb/v7e-m+fp/hard\libc_nano.a(libc_a-vsprintf.o)
 .ARM.attributes
                0x000004ef       0x34 C:/ST/STM32CubeIDE_2.1.1/STM32CubeIDE/plugins/com.st.stm32cube.ide.mcu.externaltools.gnu-tools-for-stm32.14.3.rel1.win32_1.0.100.202602081740/tools/bin/../lib/gcc/arm-none-eabi/14.3.1/../../../../arm-none-eabi/lib/thumb/v7e-m+fp/hard\libc_nano.a(libc_a-memset.o)
 .ARM.attributes
                0x00000523       0x34 C:/ST/STM32CubeIDE_2.1.1/STM32CubeIDE/plugins/com.st.stm32cube.ide.mcu.externaltools.gnu-tools-for-stm32.14.3.rel1.win32_1.0.100.202602081740/tools/bin/../lib/gcc/arm-none-eabi/14.3.1/../../../../arm-none-eabi/lib/thumb/v7e-m+fp/hard\libc_nano.a(libc_a-reent.o)
 .ARM.attributes
                0x00000557       0x34 C:/ST/STM32CubeIDE_2.1.1/STM32CubeIDE/plugins/com.st.stm32cube.ide.mcu.externaltools.gnu-tools-for-stm32.14.3.rel1.win32_1.0.100.202602081740/tools/bin/../lib/gcc/arm-none-eabi/14.3.1/../../../../arm-none-eabi/lib/thumb/v7e-m+fp/hard\libc_nano.a(libc_a-impure.o)
 .ARM.attributes
                0x0000058b       0x34 C:/ST/STM32CubeIDE_2.1.1/STM32CubeIDE/plugins/com.st.stm32cube.ide.mcu.externaltools.gnu-tools-for-stm32.14.3.rel1.win32_1.0.100.202602081740/tools/bin/../lib/gcc/arm-none-eabi/14.3.1/../../../../arm-none-eabi/lib/thumb/v7e-m+fp/hard\libc_nano.a(libc_a-errno.o)
 .ARM.attributes
                0x000005bf       0x34 C:/ST/STM32CubeIDE_2.1.1/STM32CubeIDE/plugins/com.st.stm32cube.ide.mcu.externaltools.gnu-tools-for-stm32.14.3.rel1.win32_1.0.100.202602081740/tools/bin/../lib/gcc/arm-none-eabi/14.3.1/../../../../arm-none-eabi/lib/thumb/v7e-m+fp/hard\libc_nano.a(libc_a-init.o)
 .ARM.attributes
                0x000005f3       0x34 C:/ST/STM32CubeIDE_2.1.1/STM32CubeIDE/plugins/com.st.stm32cube.ide.mcu.externaltools.gnu-tools-for-stm32.14.3.rel1.win32_1.0.100.202602081740/tools/bin/../lib/gcc/arm-none-eabi/14.3.1/../../../../arm-none-eabi/lib/thumb/v7e-m+fp/hard\libc_nano.a(libc_a-lock.o)
 .ARM.attributes
                0x00000627       0x34 C:/ST/STM32CubeIDE_2.1.1/STM32CubeIDE/plugins/com.st.stm32cube.ide.mcu.externaltools.gnu-tools-for-stm32.14.3.rel1.win32_1.0.100.202602081740/tools/bin/../lib/gcc/arm-none-eabi/14.3.1/../../../../arm-none-eabi/lib/thumb/v7e-m+fp/hard\libc_nano.a(libc_a-freer.o)
 .ARM.attributes
                0x0000065b       0x34 C:/ST/STM32CubeIDE_2.1.1/STM32CubeIDE/plugins/com.st.stm32cube.ide.mcu.externaltools.gnu-tools-for-stm32.14.3.rel1.win32_1.0.100.202602081740/tools/bin/../lib/gcc/arm-none-eabi/14.3.1/../../../../arm-none-eabi/lib/thumb/v7e-m+fp/hard\libc_nano.a(libc_a-mallocr.o)
 .ARM.attributes
                0x0000068f       0x34 C:/ST/STM32CubeIDE_2.1.1/STM32CubeIDE/plugins/com.st.stm32cube.ide.mcu.externaltools.gnu-tools-for-stm32.14.3.rel1.win32_1.0.100.202602081740/tools/bin/../lib/gcc/arm-none-eabi/14.3.1/../../../../arm-none-eabi/lib/thumb/v7e-m+fp/hard\libc_nano.a(libc_a-mlock.o)
 .ARM.attributes
                0x000006c3       0x34 C:/ST/STM32CubeIDE_2.1.1/STM32CubeIDE/plugins/com.st.stm32cube.ide.mcu.externaltools.gnu-tools-for-stm32.14.3.rel1.win32_1.0.100.202602081740/tools/bin/../lib/gcc/arm-none-eabi/14.3.1/../../../../arm-none-eabi/lib/thumb/v7e-m+fp/hard\libc_nano.a(libc_a-nano-svfprintf.o)
 .ARM.attributes
                0x000006f7       0x34 C:/ST/STM32CubeIDE_2.1.1/STM32CubeIDE/plugins/com.st.stm32cube.ide.mcu.externaltools.gnu-tools-for-stm32.14.3.rel1.win32_1.0.100.202602081740/tools/bin/../lib/gcc/arm-none-eabi/14.3.1/../../../../arm-none-eabi/lib/thumb/v7e-m+fp/hard\libc_nano.a(libc_a-nano-vfprintf_i.o)
 .ARM.attributes
                0x0000072b       0x34 C:/ST/STM32CubeIDE_2.1.1/STM32CubeIDE/plugins/com.st.stm32cube.ide.mcu.externaltools.gnu-tools-for-stm32.14.3.rel1.win32_1.0.100.202602081740/tools/bin/../lib/gcc/arm-none-eabi/14.3.1/../../../../arm-none-eabi/lib/thumb/v7e-m+fp/hard\libc_nano.a(libc_a-memmove.o)
 .ARM.attributes
                0x0000075f       0x34 C:/ST/STM32CubeIDE_2.1.1/STM32CubeIDE/plugins/com.st.stm32cube.ide.mcu.externaltools.gnu-tools-for-stm32.14.3.rel1.win32_1.0.100.202602081740/tools/bin/../lib/gcc/arm-none-eabi/14.3.1/../../../../arm-none-eabi/lib/thumb/v7e-m+fp/hard\libc_nano.a(libc_a-sbrkr.o)
 .ARM.attributes
                0x00000793       0x1c C:/ST/STM32CubeIDE_2.1.1/STM32CubeIDE/plugins/com.st.stm32cube.ide.mcu.externaltools.gnu-tools-for-stm32.14.3.rel1.win32_1.0.100.202602081740/tools/bin/../lib/gcc/arm-none-eabi/14.3.1/../../../../arm-none-eabi/lib/thumb/v7e-m+fp/hard\libc_nano.a(libc_a-memchr.o)
 .ARM.attributes
                0x000007af       0x34 C:/ST/STM32CubeIDE_2.1.1/STM32CubeIDE/plugins/com.st.stm32cube.ide.mcu.externaltools.gnu-tools-for-stm32.14.3.rel1.win32_1.0.100.202602081740/tools/bin/../lib/gcc/arm-none-eabi/14.3.1/../../../../arm-none-eabi/lib/thumb/v7e-m+fp/hard\libc_nano.a(libc_a-memcpy-stub.o)
 .ARM.attributes
                0x000007e3       0x34 C:/ST/STM32CubeIDE_2.1.1/STM32CubeIDE/plugins/com.st.stm32cube.ide.mcu.externaltools.gnu-tools-for-stm32.14.3.rel1.win32_1.0.100.202602081740/tools/bin/../lib/gcc/arm-none-eabi/14.3.1/../../../../arm-none-eabi/lib/thumb/v7e-m+fp/hard\libc_nano.a(libc_a-reallocr.o)
 .ARM.attributes
                0x00000817       0x34 C:/ST/STM32CubeIDE_2.1.1/STM32CubeIDE/plugins/com.st.stm32cube.ide.mcu.externaltools.gnu-tools-for-stm32.14.3.rel1.win32_1.0.100.202602081740/tools/bin/../lib/gcc/arm-none-eabi/14.3.1/../../../../arm-none-eabi/lib/thumb/v7e-m+fp/hard\libc_nano.a(libc_a-msizer.o)
 .ARM.attributes
                0x0000084b       0x34 C:/ST/STM32CubeIDE_2.1.1/STM32CubeIDE/plugins/com.st.stm32cube.ide.mcu.externaltools.gnu-tools-for-stm32.14.3.rel1.win32_1.0.100.202602081740/tools/bin/../lib/gcc/arm-none-eabi/14.3.1/../../../../arm-none-eabi/lib/thumb/v7e-m+fp/hard\libm.a(libm_a-wf_atan2.o)
 .ARM.attributes
                0x0000087f       0x34 C:/ST/STM32CubeIDE_2.1.1/STM32CubeIDE/plugins/com.st.stm32cube.ide.mcu.externaltools.gnu-tools-for-stm32.14.3.rel1.win32_1.0.100.202602081740/tools/bin/../lib/gcc/arm-none-eabi/14.3.1/../../../../arm-none-eabi/lib/thumb/v7e-m+fp/hard\libm.a(libm_a-wf_sqrt.o)
 .ARM.attributes
                0x000008b3       0x34 C:/ST/STM32CubeIDE_2.1.1/STM32CubeIDE/plugins/com.st.stm32cube.ide.mcu.externaltools.gnu-tools-for-stm32.14.3.rel1.win32_1.0.100.202602081740/tools/bin/../lib/gcc/arm-none-eabi/14.3.1/../../../../arm-none-eabi/lib/thumb/v7e-m+fp/hard\libm.a(libm_a-sf_cos.o)
 .ARM.attributes
                0x000008e7       0x34 C:/ST/STM32CubeIDE_2.1.1/STM32CubeIDE/plugins/com.st.stm32cube.ide.mcu.externaltools.gnu-tools-for-stm32.14.3.rel1.win32_1.0.100.202602081740/tools/bin/../lib/gcc/arm-none-eabi/14.3.1/../../../../arm-none-eabi/lib/thumb/v7e-m+fp/hard\libm.a(libm_a-sf_sin.o)
 .ARM.attributes
                0x0000091b       0x34 C:/ST/STM32CubeIDE_2.1.1/STM32CubeIDE/plugins/com.st.stm32cube.ide.mcu.externaltools.gnu-tools-for-stm32.14.3.rel1.win32_1.0.100.202602081740/tools/bin/../lib/gcc/arm-none-eabi/14.3.1/../../../../arm-none-eabi/lib/thumb/v7e-m+fp/hard\libm.a(libm_a-ef_sqrt.o)
 .ARM.attributes
                0x0000094f       0x34 C:/ST/STM32CubeIDE_2.1.1/STM32CubeIDE/plugins/com.st.stm32cube.ide.mcu.externaltools.gnu-tools-for-stm32.14.3.rel1.win32_1.0.100.202602081740/tools/bin/../lib/gcc/arm-none-eabi/14.3.1/../../../../arm-none-eabi/lib/thumb/v7e-m+fp/hard\libm.a(libm_a-kf_cos.o)
 .ARM.attributes
                0x00000983       0x34 C:/ST/STM32CubeIDE_2.1.1/STM32CubeIDE/plugins/com.st.stm32cube.ide.mcu.externaltools.gnu-tools-for-stm32.14.3.rel1.win32_1.0.100.202602081740/tools/bin/../lib/gcc/arm-none-eabi/14.3.1/../../../../arm-none-eabi/lib/thumb/v7e-m+fp/hard\libm.a(libm_a-kf_sin.o)
 .ARM.attributes
                0x000009b7       0x34 C:/ST/STM32CubeIDE_2.1.1/STM32CubeIDE/plugins/com.st.stm32cube.ide.mcu.externaltools.gnu-tools-for-stm32.14.3.rel1.win32_1.0.100.202602081740/tools/bin/../lib/gcc/arm-none-eabi/14.3.1/../../../../arm-none-eabi/lib/thumb/v7e-m+fp/hard\libm.a(libm_a-ef_atan2.o)
 .ARM.attributes
                0x000009eb       0x34 C:/ST/STM32CubeIDE_2.1.1/STM32CubeIDE/plugins/com.st.stm32cube.ide.mcu.externaltools.gnu-tools-for-stm32.14.3.rel1.win32_1.0.100.202602081740/tools/bin/../lib/gcc/arm-none-eabi/14.3.1/../../../../arm-none-eabi/lib/thumb/v7e-m+fp/hard\libm.a(libm_a-ef_rem_pio2.o)
 .ARM.attributes
                0x00000a1f       0x34 C:/ST/STM32CubeIDE_2.1.1/STM32CubeIDE/plugins/com.st.stm32cube.ide.mcu.externaltools.gnu-tools-for-stm32.14.3.rel1.win32_1.0.100.202602081740/tools/bin/../lib/gcc/arm-none-eabi/14.3.1/../../../../arm-none-eabi/lib/thumb/v7e-m+fp/hard\libm.a(libm_a-sf_atan.o)
 .ARM.attributes
                0x00000a53       0x34 C:/ST/STM32CubeIDE_2.1.1/STM32CubeIDE/plugins/com.st.stm32cube.ide.mcu.externaltools.gnu-tools-for-stm32.14.3.rel1.win32_1.0.100.202602081740/tools/bin/../lib/gcc/arm-none-eabi/14.3.1/../../../../arm-none-eabi/lib/thumb/v7e-m+fp/hard\libm.a(libm_a-sf_fabs.o)
 .ARM.attributes
                0x00000a87       0x34 C:/ST/STM32CubeIDE_2.1.1/STM32CubeIDE/plugins/com.st.stm32cube.ide.mcu.externaltools.gnu-tools-for-stm32.14.3.rel1.win32_1.0.100.202602081740/tools/bin/../lib/gcc/arm-none-eabi/14.3.1/../../../../arm-none-eabi/lib/thumb/v7e-m+fp/hard\libm.a(libm_a-kf_rem_pio2.o)
 .ARM.attributes
                0x00000abb       0x34 C:/ST/STM32CubeIDE_2.1.1/STM32CubeIDE/plugins/com.st.stm32cube.ide.mcu.externaltools.gnu-tools-for-stm32.14.3.rel1.win32_1.0.100.202602081740/tools/bin/../lib/gcc/arm-none-eabi/14.3.1/../../../../arm-none-eabi/lib/thumb/v7e-m+fp/hard\libm.a(libm_a-sf_scalbn.o)
 .ARM.attributes
                0x00000aef       0x34 C:/ST/STM32CubeIDE_2.1.1/STM32CubeIDE/plugins/com.st.stm32cube.ide.mcu.externaltools.gnu-tools-for-stm32.14.3.rel1.win32_1.0.100.202602081740/tools/bin/../lib/gcc/arm-none-eabi/14.3.1/../../../../arm-none-eabi/lib/thumb/v7e-m+fp/hard\libm.a(libm_a-sf_floor.o)
 .ARM.attributes
                0x00000b23       0x22 C:/ST/STM32CubeIDE_2.1.1/STM32CubeIDE/plugins/com.st.stm32cube.ide.mcu.externaltools.gnu-tools-for-stm32.14.3.rel1.win32_1.0.100.202602081740/tools/bin/../lib/gcc/arm-none-eabi/14.3.1/thumb/v7e-m+fp/hard\libgcc.a(_arm_muldf3.o)
 .ARM.attributes
                0x00000b45       0x22 C:/ST/STM32CubeIDE_2.1.1/STM32CubeIDE/plugins/com.st.stm32cube.ide.mcu.externaltools.gnu-tools-for-stm32.14.3.rel1.win32_1.0.100.202602081740/tools/bin/../lib/gcc/arm-none-eabi/14.3.1/thumb/v7e-m+fp/hard\libgcc.a(_arm_addsubdf3.o)
 .ARM.attributes
                0x00000b67       0x22 C:/ST/STM32CubeIDE_2.1.1/STM32CubeIDE/plugins/com.st.stm32cube.ide.mcu.externaltools.gnu-tools-for-stm32.14.3.rel1.win32_1.0.100.202602081740/tools/bin/../lib/gcc/arm-none-eabi/14.3.1/thumb/v7e-m+fp/hard\libgcc.a(_arm_truncdfsf2.o)
 .ARM.attributes
                0x00000b89       0x22 C:/ST/STM32CubeIDE_2.1.1/STM32CubeIDE/plugins/com.st.stm32cube.ide.mcu.externaltools.gnu-tools-for-stm32.14.3.rel1.win32_1.0.100.202602081740/tools/bin/../lib/gcc/arm-none-eabi/14.3.1/thumb/v7e-m+fp/hard\libgcc.a(_aeabi_uldivmod.o)
 .ARM.attributes
                0x00000bab       0x34 C:/ST/STM32CubeIDE_2.1.1/STM32CubeIDE/plugins/com.st.stm32cube.ide.mcu.externaltools.gnu-tools-for-stm32.14.3.rel1.win32_1.0.100.202602081740/tools/bin/../lib/gcc/arm-none-eabi/14.3.1/thumb/v7e-m+fp/hard\libgcc.a(_udivmoddi4.o)
 .ARM.attributes
                0x00000bdf       0x22 C:/ST/STM32CubeIDE_2.1.1/STM32CubeIDE/plugins/com.st.stm32cube.ide.mcu.externaltools.gnu-tools-for-stm32.14.3.rel1.win32_1.0.100.202602081740/tools/bin/../lib/gcc/arm-none-eabi/14.3.1/thumb/v7e-m+fp/hard\libgcc.a(_dvmd_tls.o)
 .ARM.attributes
                0x00000c01       0x22 C:/ST/STM32CubeIDE_2.1.1/STM32CubeIDE/plugins/com.st.stm32cube.ide.mcu.externaltools.gnu-tools-for-stm32.14.3.rel1.win32_1.0.100.202602081740/tools/bin/../lib/gcc/arm-none-eabi/14.3.1/thumb/v7e-m+fp/hard/crtn.o
OUTPUT(test.elf elf32-littlearm)
LOAD linker stubs
LOAD C:/ST/STM32CubeIDE_2.1.1/STM32CubeIDE/plugins/com.st.stm32cube.ide.mcu.externaltools.gnu-tools-for-stm32.14.3.rel1.win32_1.0.100.202602081740/tools/bin/../lib/gcc/arm-none-eabi/14.3.1/../../../../arm-none-eabi/lib/thumb/v7e-m+fp/hard\libc.a
LOAD C:/ST/STM32CubeIDE_2.1.1/STM32CubeIDE/plugins/com.st.stm32cube.ide.mcu.externaltools.gnu-tools-for-stm32.14.3.rel1.win32_1.0.100.202602081740/tools/bin/../lib/gcc/arm-none-eabi/14.3.1/../../../../arm-none-eabi/lib/thumb/v7e-m+fp/hard\libm.a
LOAD C:/ST/STM32CubeIDE_2.1.1/STM32CubeIDE/plugins/com.st.stm32cube.ide.mcu.externaltools.gnu-tools-for-stm32.14.3.rel1.win32_1.0.100.202602081740/tools/bin/../lib/gcc/arm-none-eabi/14.3.1/thumb/v7e-m+fp/hard\libgcc.a

.debug_info     0x00000000     0xc909
 .debug_info    0x00000000      0x36e ./Core/Src/adxl345.o
 .debug_info    0x0000036e      0x271 ./Core/Src/bno055.o
 .debug_info    0x000005df      0x8ad ./Core/Src/can.o
 .debug_info    0x00000e8c      0x7dd ./Core/Src/exti_button.o
 .debug_info    0x00001669      0x4d1 ./Core/Src/i2c1_bus.o
 .debug_info    0x00001b3a      0x49d ./Core/Src/i2c2.o
 .debug_info    0x00001fd7      0x2dd ./Core/Src/led.o
 .debug_info    0x000022b4     0x1fd9 ./Core/Src/main.o
 .debug_info    0x0000428d      0x1fb ./Core/Src/position.o
 .debug_info    0x00004488      0xba3 ./Core/Src/speed_sensor.o
 .debug_info    0x0000502b     0x178f ./Core/Src/stm32f4xx_hal_msp.o
 .debug_info    0x000067ba      0x20d ./Core/Src/stm32f4xx_it.o
 .debug_info    0x000069c7      0x168 ./Core/Src/sysmem.o
 .debug_info    0x00006b2f      0x52e ./Core/Src/system_stm32f4xx.o
 .debug_info    0x0000705d      0x1fb ./Core/Src/uart_debug.o
 .debug_info    0x00007258       0x30 ./Core/Startup/startup_stm32f429zitx.o
 .debug_info    0x00007288      0x9ba ./Drivers/STM32F4xx_HAL_Driver/Src/stm32f4xx_hal.o
 .debug_info    0x00007c42      0xdc2 ./Drivers/STM32F4xx_HAL_Driver/Src/stm32f4xx_hal_cortex.o
 .debug_info    0x00008a04      0x6db ./Drivers/STM32F4xx_HAL_Driver/Src/stm32f4xx_hal_gpio.o
 .debug_info    0x000090df      0x8db ./Drivers/STM32F4xx_HAL_Driver/Src/stm32f4xx_hal_rcc.o
 .debug_info    0x000099ba     0x2f4f ./Drivers/STM32F4xx_HAL_Driver/Src/stm32f4xx_hal_uart.o

.debug_abbrev   0x00000000     0x2418
 .debug_abbrev  0x00000000      0x1a7 ./Core/Src/adxl345.o
 .debug_abbrev  0x000001a7      0x14f ./Core/Src/bno055.o
 .debug_abbrev  0x000002f6      0x29d ./Core/Src/can.o
 .debug_abbrev  0x00000593      0x13a ./Core/Src/exti_button.o
 .debug_abbrev  0x000006cd      0x161 ./Core/Src/i2c1_bus.o
 .debug_abbrev  0x0000082e      0x160 ./Core/Src/i2c2.o
 .debug_abbrev  0x0000098e       0xb6 ./Core/Src/led.o
 .debug_abbrev  0x00000a44      0x339 ./Core/Src/main.o
 .debug_abbrev  0x00000d7d       0xf8 ./Core/Src/position.o
 .debug_abbrev  0x00000e75      0x1f8 ./Core/Src/speed_sensor.o
 .debug_abbrev  0x0000106d      0x253 ./Core/Src/stm32f4xx_hal_msp.o
 .debug_abbrev  0x000012c0      0x13d ./Core/Src/stm32f4xx_it.o
 .debug_abbrev  0x000013fd       0xbc ./Core/Src/sysmem.o
 .debug_abbrev  0x000014b9      0x11a ./Core/Src/system_stm32f4xx.o
 .debug_abbrev  0x000015d3      0x157 ./Core/Src/uart_debug.o
 .debug_abbrev  0x0000172a       0x24 ./Core/Startup/startup_stm32f429zitx.o
 .debug_abbrev  0x0000174e      0x214 ./Drivers/STM32F4xx_HAL_Driver/Src/stm32f4xx_hal.o
 .debug_abbrev  0x00001962      0x31d ./Drivers/STM32F4xx_HAL_Driver/Src/stm32f4xx_hal_cortex.o
 .debug_abbrev  0x00001c7f      0x1d4 ./Drivers/STM32F4xx_HAL_Driver/Src/stm32f4xx_hal_gpio.o
 .debug_abbrev  0x00001e53      0x2b7 ./Drivers/STM32F4xx_HAL_Driver/Src/stm32f4xx_hal_rcc.o
 .debug_abbrev  0x0000210a      0x30e ./Drivers/STM32F4xx_HAL_Driver/Src/stm32f4xx_hal_uart.o

.debug_aranges  0x00000000      0x940
 .debug_aranges
                0x00000000       0x40 ./Core/Src/adxl345.o
 .debug_aranges
                0x00000040       0x50 ./Core/Src/bno055.o
 .debug_aranges
                0x00000090       0x78 ./Core/Src/can.o
 .debug_aranges
                0x00000108       0x28 ./Core/Src/exti_button.o
 .debug_aranges
                0x00000130       0x50 ./Core/Src/i2c1_bus.o
 .debug_aranges
                0x00000180       0x58 ./Core/Src/i2c2.o
 .debug_aranges
                0x000001d8       0x20 ./Core/Src/led.o
 .debug_aranges
                0x000001f8       0x50 ./Core/Src/main.o
 .debug_aranges
                0x00000248       0x40 ./Core/Src/position.o
 .debug_aranges
                0x00000288       0x48 ./Core/Src/speed_sensor.o
 .debug_aranges
                0x000002d0       0x50 ./Core/Src/stm32f4xx_hal_msp.o
 .debug_aranges
                0x00000320       0x68 ./Core/Src/stm32f4xx_it.o
 .debug_aranges
                0x00000388       0x20 ./Core/Src/sysmem.o
 .debug_aranges
                0x000003a8       0x28 ./Core/Src/system_stm32f4xx.o
 .debug_aranges
                0x000003d0       0x30 ./Core/Src/uart_debug.o
 .debug_aranges
                0x00000400       0x28 ./Core/Startup/startup_stm32f429zitx.o
 .debug_aranges
                0x00000428      0x100 ./Drivers/STM32F4xx_HAL_Driver/Src/stm32f4xx_hal.o
 .debug_aranges
                0x00000528      0x130 ./Drivers/STM32F4xx_HAL_Driver/Src/stm32f4xx_hal_cortex.o
 .debug_aranges
                0x00000658       0x58 ./Drivers/STM32F4xx_HAL_Driver/Src/stm32f4xx_hal_gpio.o
 .debug_aranges
                0x000006b0       0x88 ./Drivers/STM32F4xx_HAL_Driver/Src/stm32f4xx_hal_rcc.o
 .debug_aranges
                0x00000738      0x208 ./Drivers/STM32F4xx_HAL_Driver/Src/stm32f4xx_hal_uart.o

.debug_rnglists
                0x00000000      0x6e3
 .debug_rnglists
                0x00000000       0x2e ./Core/Src/adxl345.o
 .debug_rnglists
                0x0000002e       0x39 ./Core/Src/bno055.o
 .debug_rnglists
                0x00000067       0x58 ./Core/Src/can.o
 .debug_rnglists
                0x000000bf       0x1a ./Core/Src/exti_button.o
 .debug_rnglists
                0x000000d9       0x39 ./Core/Src/i2c1_bus.o
 .debug_rnglists
                0x00000112       0x3e ./Core/Src/i2c2.o
 .debug_rnglists
                0x00000150       0x13 ./Core/Src/led.o
 .debug_rnglists
                0x00000163       0x3b ./Core/Src/main.o
 .debug_rnglists
                0x0000019e       0x2c ./Core/Src/position.o
 .debug_rnglists
                0x000001ca       0x34 ./Core/Src/speed_sensor.o
 .debug_rnglists
                0x000001fe       0x3a ./Core/Src/stm32f4xx_hal_msp.o
 .debug_rnglists
                0x00000238       0x4a ./Core/Src/stm32f4xx_it.o
 .debug_rnglists
                0x00000282       0x13 ./Core/Src/sysmem.o
 .debug_rnglists
                0x00000295       0x1a ./Core/Src/system_stm32f4xx.o
 .debug_rnglists
                0x000002af       0x1f ./Core/Src/uart_debug.o
 .debug_rnglists
                0x000002ce       0x19 ./Core/Startup/startup_stm32f429zitx.o
 .debug_rnglists
                0x000002e7       0xbb ./Drivers/STM32F4xx_HAL_Driver/Src/stm32f4xx_hal.o
 .debug_rnglists
                0x000003a2       0xe0 ./Drivers/STM32F4xx_HAL_Driver/Src/stm32f4xx_hal_cortex.o
 .debug_rnglists
                0x00000482       0x3f ./Drivers/STM32F4xx_HAL_Driver/Src/stm32f4xx_hal_gpio.o
 .debug_rnglists
                0x000004c1       0x66 ./Drivers/STM32F4xx_HAL_Driver/Src/stm32f4xx_hal_rcc.o
 .debug_rnglists
                0x00000527      0x1bc ./Drivers/STM32F4xx_HAL_Driver/Src/stm32f4xx_hal_uart.o

.debug_macro    0x00000000    0x2525e
 .debug_macro   0x00000000      0x2df ./Core/Src/adxl345.o
 .debug_macro   0x000002df      0xad8 ./Core/Src/adxl345.o
 .debug_macro   0x00000db7      0x2a1 ./Core/Src/adxl345.o
 .debug_macro   0x00001058       0x2e ./Core/Src/adxl345.o
 .debug_macro   0x00001086       0x28 ./Core/Src/adxl345.o
 .debug_macro   0x000010ae       0x22 ./Core/Src/adxl345.o
 .debug_macro   0x000010d0       0x8e ./Core/Src/adxl345.o
 .debug_macro   0x0000115e       0x51 ./Core/Src/adxl345.o
 .debug_macro   0x000011af      0x103 ./Core/Src/adxl345.o
 .debug_macro   0x000012b2       0x6a ./Core/Src/adxl345.o
 .debug_macro   0x0000131c      0x1df ./Core/Src/adxl345.o
 .debug_macro   0x000014fb       0x1c ./Core/Src/adxl345.o
 .debug_macro   0x00001517       0x22 ./Core/Src/adxl345.o
 .debug_macro   0x00001539       0xfb ./Core/Src/adxl345.o
 .debug_macro   0x00001634     0x1011 ./Core/Src/adxl345.o
 .debug_macro   0x00002645      0x11f ./Core/Src/adxl345.o
 .debug_macro   0x00002764    0x17ff1 ./Core/Src/adxl345.o
 .debug_macro   0x0001a755       0x6d ./Core/Src/adxl345.o
 .debug_macro   0x0001a7c2     0x370a ./Core/Src/adxl345.o
 .debug_macro   0x0001decc      0x190 ./Core/Src/adxl345.o
 .debug_macro   0x0001e05c       0x5c ./Core/Src/adxl345.o
 .debug_macro   0x0001e0b8      0xcba ./Core/Src/adxl345.o
 .debug_macro   0x0001ed72      0x9e9 ./Core/Src/adxl345.o
 .debug_macro   0x0001f75b      0x115 ./Core/Src/adxl345.o
 .debug_macro   0x0001f870      0x156 ./Core/Src/adxl345.o
 .debug_macro   0x0001f9c6       0xa5 ./Core/Src/adxl345.o
 .debug_macro   0x0001fa6b      0x182 ./Core/Src/adxl345.o
 .debug_macro   0x0001fbed      0x287 ./Core/Src/adxl345.o
 .debug_macro   0x0001fe74       0x5f ./Core/Src/adxl345.o
 .debug_macro   0x0001fed3      0x236 ./Core/Src/adxl345.o
 .debug_macro   0x00020109      0xb99 ./Core/Src/adxl345.o
 .debug_macro   0x00020ca2      0x132 ./Core/Src/adxl345.o
 .debug_macro   0x00020dd4      0x41d ./Core/Src/adxl345.o
 .debug_macro   0x000211f1       0x2e ./Core/Src/adxl345.o
 .debug_macro   0x0002121f      0x127 ./Core/Src/adxl345.o
 .debug_macro   0x00021346       0xe2 ./Core/Src/adxl345.o
 .debug_macro   0x00021428       0x89 ./Core/Src/adxl345.o
 .debug_macro   0x000214b1      0x2aa ./Core/Src/adxl345.o
 .debug_macro   0x0002175b      0x293 ./Core/Src/adxl345.o
 .debug_macro   0x000219ee       0xba ./Core/Src/adxl345.o
 .debug_macro   0x00021aa8      0x134 ./Core/Src/adxl345.o
 .debug_macro   0x00021bdc      0x130 ./Core/Src/adxl345.o
 .debug_macro   0x00021d0c       0x1c ./Core/Src/adxl345.o
 .debug_macro   0x00021d28       0x61 ./Core/Src/adxl345.o
 .debug_macro   0x00021d89       0x2a ./Core/Src/adxl345.o
 .debug_macro   0x00021db3       0x43 ./Core/Src/adxl345.o
 .debug_macro   0x00021df6       0x34 ./Core/Src/adxl345.o
 .debug_macro   0x00021e2a      0x364 ./Core/Src/adxl345.o
 .debug_macro   0x0002218e       0x16 ./Core/Src/adxl345.o
 .debug_macro   0x000221a4       0x4a ./Core/Src/adxl345.o
 .debug_macro   0x000221ee       0x34 ./Core/Src/adxl345.o
 .debug_macro   0x00022222       0x10 ./Core/Src/adxl345.o
 .debug_macro   0x00022232       0x58 ./Core/Src/adxl345.o
 .debug_macro   0x0002228a       0x8e ./Core/Src/adxl345.o
 .debug_macro   0x00022318       0x1c ./Core/Src/adxl345.o
 .debug_macro   0x00022334      0x17e ./Core/Src/adxl345.o
 .debug_macro   0x000224b2      0x19b ./Core/Src/adxl345.o
 .debug_macro   0x0002264d      0x241 ./Core/Src/bno055.o
 .debug_macro   0x0002288e      0x20c ./Core/Src/can.o
 .debug_macro   0x00022a9a       0x52 ./Core/Src/can.o
 .debug_macro   0x00022aec      0x201 ./Core/Src/exti_button.o
 .debug_macro   0x00022ced      0x207 ./Core/Src/i2c1_bus.o
 .debug_macro   0x00022ef4      0x207 ./Core/Src/i2c2.o
 .debug_macro   0x000230fb      0x201 ./Core/Src/led.o
 .debug_macro   0x000232fc      0x356 ./Core/Src/main.o
 .debug_macro   0x00023652       0x10 ./Core/Src/main.o
 .debug_macro   0x00023662       0x3c ./Core/Src/main.o
 .debug_macro   0x0002369e       0x20 ./Core/Src/main.o
 .debug_macro   0x000236be       0x22 ./Core/Src/main.o
 .debug_macro   0x000236e0      0x2c4 ./Core/Src/position.o
 .debug_macro   0x000239a4      0x21f ./Core/Src/speed_sensor.o
 .debug_macro   0x00023bc3      0x1f7 ./Core/Src/stm32f4xx_hal_msp.o
 .debug_macro   0x00023dba      0x201 ./Core/Src/stm32f4xx_it.o
 .debug_macro   0x00023fbb      0x112 ./Core/Src/sysmem.o
 .debug_macro   0x000240cd      0x23c ./Core/Src/sysmem.o
 .debug_macro   0x00024309      0x1e8 ./Core/Src/system_stm32f4xx.o
 .debug_macro   0x000244f1      0x2e2 ./Core/Src/uart_debug.o
 .debug_macro   0x000247d3       0x16 ./Core/Src/uart_debug.o
 .debug_macro   0x000247e9       0x16 ./Core/Src/uart_debug.o
 .debug_macro   0x000247ff       0x4c ./Core/Src/uart_debug.o
 .debug_macro   0x0002484b      0x248 ./Drivers/STM32F4xx_HAL_Driver/Src/stm32f4xx_hal.o
 .debug_macro   0x00024a93      0x1e8 ./Drivers/STM32F4xx_HAL_Driver/Src/stm32f4xx_hal_cortex.o
 .debug_macro   0x00024c7b      0x1ee ./Drivers/STM32F4xx_HAL_Driver/Src/stm32f4xx_hal_gpio.o
 .debug_macro   0x00024e69      0x20c ./Drivers/STM32F4xx_HAL_Driver/Src/stm32f4xx_hal_rcc.o
 .debug_macro   0x00025075      0x1e9 ./Drivers/STM32F4xx_HAL_Driver/Src/stm32f4xx_hal_uart.o

.debug_line     0x00000000     0xe2cc
 .debug_line    0x00000000      0xb9a ./Core/Src/adxl345.o
 .debug_line    0x00000b9a      0x8e9 ./Core/Src/bno055.o
 .debug_line    0x00001483      0xb09 ./Core/Src/can.o
 .debug_line    0x00001f8c      0x813 ./Core/Src/exti_button.o
 .debug_line    0x0000279f      0x9eb ./Core/Src/i2c1_bus.o
 .debug_line    0x0000318a      0x92a ./Core/Src/i2c2.o
 .debug_line    0x00003ab4      0x792 ./Core/Src/led.o
 .debug_line    0x00004246      0xd33 ./Core/Src/main.o
 .debug_line    0x00004f79      0x992 ./Core/Src/position.o
 .debug_line    0x0000590b      0x932 ./Core/Src/speed_sensor.o
 .debug_line    0x0000623d      0x8a7 ./Core/Src/stm32f4xx_hal_msp.o
 .debug_line    0x00006ae4      0x8a8 ./Core/Src/stm32f4xx_it.o
 .debug_line    0x0000738c      0x58d ./Core/Src/sysmem.o
 .debug_line    0x00007919      0x7ed ./Core/Src/system_stm32f4xx.o
 .debug_line    0x00008106      0x962 ./Core/Src/uart_debug.o
 .debug_line    0x00008a68       0x7a ./Core/Startup/startup_stm32f429zitx.o
 .debug_line    0x00008ae2      0xaa2 ./Drivers/STM32F4xx_HAL_Driver/Src/stm32f4xx_hal.o
 .debug_line    0x00009584      0xd39 ./Drivers/STM32F4xx_HAL_Driver/Src/stm32f4xx_hal_cortex.o
 .debug_line    0x0000a2bd      0xbe6 ./Drivers/STM32F4xx_HAL_Driver/Src/stm32f4xx_hal_gpio.o
 .debug_line    0x0000aea3      0xe78 ./Drivers/STM32F4xx_HAL_Driver/Src/stm32f4xx_hal_rcc.o
 .debug_line    0x0000bd1b     0x25b1 ./Drivers/STM32F4xx_HAL_Driver/Src/stm32f4xx_hal_uart.o

.debug_str      0x00000000    0xd9581
 .debug_str     0x00000000    0xd9581 ./Core/Src/adxl345.o
                              0xd53e2 (size before relaxing)
 .debug_str     0x000d9581    0xd1aeb ./Core/Src/bno055.o
 .debug_str     0x000d9581    0xd1e35 ./Core/Src/can.o
 .debug_str     0x000d9581    0xd2055 ./Core/Src/exti_button.o
 .debug_str     0x000d9581    0xd1b14 ./Core/Src/i2c1_bus.o
 .debug_str     0x000d9581    0xd1aff ./Core/Src/i2c2.o
 .debug_str     0x000d9581    0xd1a36 ./Core/Src/led.o
 .debug_str     0x000d9581    0xd6a95 ./Core/Src/main.o
 .debug_str     0x000d9581    0xd5363 ./Core/Src/position.o
 .debug_str     0x000d9581    0xd2233 ./Core/Src/speed_sensor.o
 .debug_str     0x000d9581    0xd2816 ./Core/Src/stm32f4xx_hal_msp.o
 .debug_str     0x000d9581    0xd1a37 ./Core/Src/stm32f4xx_it.o
 .debug_str     0x000d9581     0x76e8 ./Core/Src/sysmem.o
 .debug_str     0x000d9581    0xd15ff ./Core/Src/system_stm32f4xx.o
 .debug_str     0x000d9581    0xd518d ./Core/Src/uart_debug.o
 .debug_str     0x000d9581       0x60 ./Core/Startup/startup_stm32f429zitx.o
 .debug_str     0x000d9581    0xd2222 ./Drivers/STM32F4xx_HAL_Driver/Src/stm32f4xx_hal.o
 .debug_str     0x000d9581    0xd1f50 ./Drivers/STM32F4xx_HAL_Driver/Src/stm32f4xx_hal_cortex.o
 .debug_str     0x000d9581    0xd177a ./Drivers/STM32F4xx_HAL_Driver/Src/stm32f4xx_hal_gpio.o
 .debug_str     0x000d9581    0xd1a33 ./Drivers/STM32F4xx_HAL_Driver/Src/stm32f4xx_hal_rcc.o
 .debug_str     0x000d9581    0xd2001 ./Drivers/STM32F4xx_HAL_Driver/Src/stm32f4xx_hal_uart.o

.comment        0x00000000       0x43
 .comment       0x00000000       0x43 ./Core/Src/adxl345.o
                                 0x44 (size before relaxing)
 .comment       0x00000043       0x44 ./Core/Src/bno055.o
 .comment       0x00000043       0x44 ./Core/Src/can.o
 .comment       0x00000043       0x44 ./Core/Src/exti_button.o
 .comment       0x00000043       0x44 ./Core/Src/i2c1_bus.o
 .comment       0x00000043       0x44 ./Core/Src/i2c2.o
 .comment       0x00000043       0x44 ./Core/Src/led.o
 .comment       0x00000043       0x44 ./Core/Src/main.o
 .comment       0x00000043       0x44 ./Core/Src/position.o
 .comment       0x00000043       0x44 ./Core/Src/speed_sensor.o
 .comment       0x00000043       0x44 ./Core/Src/stm32f4xx_hal_msp.o
 .comment       0x00000043       0x44 ./Core/Src/stm32f4xx_it.o
 .comment       0x00000043       0x44 ./Core/Src/sysmem.o
 .comment       0x00000043       0x44 ./Core/Src/system_stm32f4xx.o
 .comment       0x00000043       0x44 ./Core/Src/uart_debug.o
 .comment       0x00000043       0x44 ./Drivers/STM32F4xx_HAL_Driver/Src/stm32f4xx_hal.o
 .comment       0x00000043       0x44 ./Drivers/STM32F4xx_HAL_Driver/Src/stm32f4xx_hal_cortex.o
 .comment       0x00000043       0x44 ./Drivers/STM32F4xx_HAL_Driver/Src/stm32f4xx_hal_gpio.o
 .comment       0x00000043       0x44 ./Drivers/STM32F4xx_HAL_Driver/Src/stm32f4xx_hal_rcc.o
 .comment       0x00000043       0x44 ./Drivers/STM32F4xx_HAL_Driver/Src/stm32f4xx_hal_uart.o

.debug_frame    0x00000000     0x295c
 .debug_frame   0x00000000       0xd4 ./Core/Src/adxl345.o
 .debug_frame   0x000000d4       0xfc ./Core/Src/bno055.o
 .debug_frame   0x000001d0      0x1bc ./Core/Src/can.o
 .debug_frame   0x0000038c       0x50 ./Core/Src/exti_button.o
 .debug_frame   0x000003dc       0xfc ./Core/Src/i2c1_bus.o
 .debug_frame   0x000004d8      0x118 ./Core/Src/i2c2.o
 .debug_frame   0x000005f0       0x2c ./Core/Src/led.o
 .debug_frame   0x0000061c       0xf4 ./Core/Src/main.o
 .debug_frame   0x00000710       0xa4 ./Core/Src/position.o
 .debug_frame   0x000007b4       0xd8 ./Core/Src/speed_sensor.o
 .debug_frame   0x0000088c      0x10c ./Core/Src/stm32f4xx_hal_msp.o
 .debug_frame   0x00000998      0x114 ./Core/Src/stm32f4xx_it.o
 .debug_frame   0x00000aac       0x34 ./Core/Src/sysmem.o
 .debug_frame   0x00000ae0       0x50 ./Core/Src/system_stm32f4xx.o
 .debug_frame   0x00000b30       0x94 ./Core/Src/uart_debug.o
 .debug_frame   0x00000bc4      0x354 ./Drivers/STM32F4xx_HAL_Driver/Src/stm32f4xx_hal.o
 .debug_frame   0x00000f18      0x4b8 ./Drivers/STM32F4xx_HAL_Driver/Src/stm32f4xx_hal_cortex.o
 .debug_frame   0x000013d0      0x130 ./Drivers/STM32F4xx_HAL_Driver/Src/stm32f4xx_hal_gpio.o
 .debug_frame   0x00001500      0x1d8 ./Drivers/STM32F4xx_HAL_Driver/Src/stm32f4xx_hal_rcc.o
 .debug_frame   0x000016d8      0x8ec ./Drivers/STM32F4xx_HAL_Driver/Src/stm32f4xx_hal_uart.o
 .debug_frame   0x00001fc4      0x144 C:/ST/STM32CubeIDE_2.1.1/STM32CubeIDE/plugins/com.st.stm32cube.ide.mcu.externaltools.gnu-tools-for-stm32.14.3.rel1.win32_1.0.100.202602081740/tools/bin/../lib/gcc/arm-none-eabi/14.3.1/../../../../arm-none-eabi/lib/thumb/v7e-m+fp/hard\libc_nano.a(libc_a-findfp.o)
 .debug_frame   0x00002108       0x40 C:/ST/STM32CubeIDE_2.1.1/STM32CubeIDE/plugins/com.st.stm32cube.ide.mcu.externaltools.gnu-tools-for-stm32.14.3.rel1.win32_1.0.100.202602081740/tools/bin/../lib/gcc/arm-none-eabi/14.3.1/../../../../arm-none-eabi/lib/thumb/v7e-m+fp/hard\libc_nano.a(libc_a-vsprintf.o)
 .debug_frame   0x00002148       0x20 C:/ST/STM32CubeIDE_2.1.1/STM32CubeIDE/plugins/com.st.stm32cube.ide.mcu.externaltools.gnu-tools-for-stm32.14.3.rel1.win32_1.0.100.202602081740/tools/bin/../lib/gcc/arm-none-eabi/14.3.1/../../../../arm-none-eabi/lib/thumb/v7e-m+fp/hard\libc_nano.a(libc_a-memset.o)
 .debug_frame   0x00002168       0x38 C:/ST/STM32CubeIDE_2.1.1/STM32CubeIDE/plugins/com.st.stm32cube.ide.mcu.externaltools.gnu-tools-for-stm32.14.3.rel1.win32_1.0.100.202602081740/tools/bin/../lib/gcc/arm-none-eabi/14.3.1/../../../../arm-none-eabi/lib/thumb/v7e-m+fp/hard\libc_nano.a(libc_a-reent.o)
 .debug_frame   0x000021a0       0x20 C:/ST/STM32CubeIDE_2.1.1/STM32CubeIDE/plugins/com.st.stm32cube.ide.mcu.externaltools.gnu-tools-for-stm32.14.3.rel1.win32_1.0.100.202602081740/tools/bin/../lib/gcc/arm-none-eabi/14.3.1/../../../../arm-none-eabi/lib/thumb/v7e-m+fp/hard\libc_nano.a(libc_a-errno.o)
 .debug_frame   0x000021c0       0x2c C:/ST/STM32CubeIDE_2.1.1/STM32CubeIDE/plugins/com.st.stm32cube.ide.mcu.externaltools.gnu-tools-for-stm32.14.3.rel1.win32_1.0.100.202602081740/tools/bin/../lib/gcc/arm-none-eabi/14.3.1/../../../../arm-none-eabi/lib/thumb/v7e-m+fp/hard\libc_nano.a(libc_a-init.o)