../Drivers/CMSIS/Include/core_cm4.h:1684:22:__NVIC_EnableIRQ	16	static,ignoring_inline_asm
../Drivers/CMSIS/Include/core_cm4.h:1814:22:__NVIC_SetPriority	16	static
../Core/Src/can_rx_task.c:27:6:CAN_Config	8	static
../Core/Src/can_rx_task.c:71:6:CAN_Tx	480	static
../Core/Src/can_rx_task.c:122:16:CAN_Rx	184	static
../Core/Src/can_rx_task.c:163:13:CanRx_DebugPrintMsg4	272	static
../Core/Src/can_rx_task.c:181:13:CanRx_HandleFrame	112	static
../Core/Src/can_rx_task.c:304:13:CanRxTask	24	static
../Core/Src/can_rx_task.c:325:6:CanRxTask_Init	8	static
../Core/Src/can_rx_task.c:330:6:CAN1_RX0_IRQHandler	16	static,ignoring_inline_asm
