../Core/Src/lcd.c:80:13:GPIO_SetAF	16	static
../Core/Src/lcd.c:97:13:GPIO_SetOutput	16	static
../Core/Src/lcd.c:106:13:SPI_Init	8	static
../Core/Src/lcd.c:131:20:SPI_SendByte	16	static
../Core/Src/lcd.c:142:13:LCD_WriteCommand	16	static
../Core/Src/lcd.c:150:13:LCD_WriteData	16	static
../Core/Src/lcd.c:158:6:LCD_Init	16	static
../Core/Src/lcd.c:247:13:LCD_SetAddrWindow	24	static
../Core/Src/lcd.c:266:13:LCD_FillRect	32	static
../Core/Src/lcd.c:285:13:LCD_FillScreen	24	static
../Core/Src/lcd.c:290:20:LCD_DrawPixel	24	static
../Core/Src/lcd.c:296:23:abs16	16	static
../Core/Src/lcd.c:299:13:LCD_DrawLine	40	static
../Core/Src/lcd.c:321:13:LCD_FillCircle	40	static
../Core/Src/lcd.c:335:20:swap_i16	24	static
../Core/Src/lcd.c:339:13:LCD_FillTriangle	64	static
../Core/Src/lcd.c:421:25:Font_Find	24	static
../Core/Src/lcd.c:431:13:LCD_DrawChar	48	static
../Core/Src/lcd.c:445:13:LCD_DrawString	48	static
../Core/Src/lcd.c:460:13:Icon_Car	24	static
../Core/Src/lcd.c:466:13:Icon_Pedestrian	32	static
../Core/Src/lcd.c:476:13:Icon_TrafficLight	32	static
../Core/Src/lcd.c:487:13:Icon_Warning	24	static
../Core/Src/lcd.c:495:13:Icon_ArrowRightTurn	32	static
../Core/Src/lcd.c:504:13:Icon_ArrowLeftTurn	32	static
../Core/Src/lcd.c:513:13:Icon_ArrowStraight	32	static
../Core/Src/lcd.c:552:6:Dashboard_DrawSignalDots	32	static
../Core/Src/lcd.c:563:13:Dashboard_DrawCountdown	32	static
../Core/Src/lcd.c:572:6:Dashboard_UpdateCountdown	24	static
../Core/Src/lcd.c:580:6:Dashboard_DrawDirection	32	static
../Core/Src/lcd.c:642:6:Dashboard_DrawWarnings	64	static
../Core/Src/lcd.c:714:6:Dashboard_DrawStatic	32	static
