../Drivers/CMSIS/Include/core_cm4.h:1684:22:__NVIC_EnableIRQ	16	static,ignoring_inline_asm
../Drivers/CMSIS/Include/core_cm4.h:1814:22:__NVIC_SetPriority	16	static
../Core/Src/personDetect.c:50:13:LED_Init	4	static
../Core/Src/personDetect.c:65:6:UART4_Init	16	static
../Core/Src/personDetect.c:92:6:UART4_IRQHandler	32	static,ignoring_inline_asm
../Core/Src/personDetect.c:172:6:PersonFlag_Init	8	static
../Core/Src/personDetect.c:177:6:PersonFlag_DebugPrint	16	static
../Core/Src/personDetect.c:197:6:PersonFlag_GetDebugSnapshot	16	static
