../Core/Src/turnJudgeTask.c:39:16:JudgeRightTurnLeftStraight	48	static
../Core/Src/turnJudgeTask.c:71:16:JudgeRightTurnOppLeft	16	static
../Core/Src/turnJudgeTask.c:82:13:RightTurn_DebugPrintLeftStraight	344	static
../Core/Src/turnJudgeTask.c:123:13:BuildRightTurnDecision	32	static
../Core/Src/turnJudgeTask.c:171:16:JudgeLeftTurnTlTime	40	static
../Core/Src/turnJudgeTask.c:195:13:BuildLeftTurnDecision	40	static
../Core/Src/turnJudgeTask.c:242:16:JudgeLeftTurnOppStraight	72	static
../Core/Src/turnJudgeTask.c:261:16:JudgeLeftTurnOppRight	72	static
../Core/Src/turnJudgeTask.c:279:17:TtcToCentisec	16	static
../Core/Src/turnJudgeTask.c:292:13:LeftTurn_DebugPrintTlTime	312	static
../Core/Src/turnJudgeTask.c:322:13:LeftTurn_DebugPrintCandidate	440	static
../Core/Src/turnJudgeTask.c:365:13:DebugPrintTtcValue	40	static
../Core/Src/turnJudgeTask.c:378:16:DecisionWarningMask	24	static
../Core/Src/turnJudgeTask.c:391:16:DecisionBuzzerMask	24	static
../Core/Src/turnJudgeTask.c:404:13:AppendDecisionReason	32	static
../Core/Src/turnJudgeTask.c:424:13:BuildDecisionReason	48	static
../Core/Src/turnJudgeTask.c:499:13:DecisionChange_InfoPrint	264	static
../Core/Src/turnJudgeTask.c:555:13:TurnJudge_DebugPrint	144	static
../Core/Src/turnJudgeTask.c:612:16:IsSameDicision	16	static
../Core/Src/turnJudgeTask.c:625:13:TurnJudgeTask	120	static
../Core/Src/turnJudgeTask.c:768:6:TurnJudgeTask_Init	8	static
