../Core/Src/turnJudgeTask.c:39:16:JudgeRightTurnLeftStraight	48	static
../Core/Src/turnJudgeTask.c:71:16:JudgeRightTurnOppLeft	16	static
../Core/Src/turnJudgeTask.c:82:13:RightTurn_DebugPrintLeftStraight	344	static
../Core/Src/turnJudgeTask.c:123:13:BuildRightTurnDecision	32	static
../Core/Src/turnJudgeTask.c:171:16:JudgeLeftTurnTlTime	40	static
../Core/Src/turnJudgeTask.c:195:13:BuildLeftTurnDecision	40	static
../Core/Src/turnJudgeTask.c:242:16:JudgeLeftTurnOppStraight	72	static
../Core/Src/turnJudgeTask.c:265:16:JudgeLeftTurnOppRight	72	static
../Core/Src/turnJudgeTask.c:287:17:TtcToCentisec	16	static
../Core/Src/turnJudgeTask.c:300:13:LeftTurn_DebugPrintTlTime	312	static
../Core/Src/turnJudgeTask.c:330:13:LeftTurn_DebugPrintCandidate	440	static
../Core/Src/turnJudgeTask.c:373:13:DebugPrintTtcValue	40	static
../Core/Src/turnJudgeTask.c:386:16:DecisionWarningMask	24	static
../Core/Src/turnJudgeTask.c:399:16:DecisionBuzzerMask	24	static
../Core/Src/turnJudgeTask.c:412:13:AppendDecisionReason	32	static
../Core/Src/turnJudgeTask.c:432:13:BuildDecisionReason	48	static
../Core/Src/turnJudgeTask.c:507:13:DecisionChange_InfoPrint	264	static
../Core/Src/turnJudgeTask.c:563:13:TurnJudge_DebugPrint	144	static
../Core/Src/turnJudgeTask.c:620:16:IsSameDicision	16	static
../Core/Src/turnJudgeTask.c:633:13:TurnJudgeTask	120	static
../Core/Src/turnJudgeTask.c:778:6:TurnJudgeTask_Init	8	static
