../Core/Src/turnJudgeTask.c:37:16:JudgeRightTurnLeftStraight	160	static
../Core/Src/turnJudgeTask.c:226:16:JudgeRightTurnOppLeft	16	static
../Core/Src/turnJudgeTask.c:237:13:BuildRightTurnDecision	32	static
../Core/Src/turnJudgeTask.c:284:16:JudgeLeftTurnTlTime	120	static
../Core/Src/turnJudgeTask.c:380:13:BuildLeftTurnDecision	32	static
../Core/Src/turnJudgeTask.c:426:16:JudgeLeftTurnOppStraight	176	static
../Core/Src/turnJudgeTask.c:491:16:JudgeLeftTurnOppRight	176	static
../Core/Src/turnJudgeTask.c:554:17:TtcToCentisec	16	static
../Core/Src/turnJudgeTask.c:567:16:DecisionWarningMask	24	static
../Core/Src/turnJudgeTask.c:580:16:DecisionBuzzerMask	24	static
../Core/Src/turnJudgeTask.c:593:13:AppendDecisionReason	32	static
../Core/Src/turnJudgeTask.c:613:13:BuildDecisionReason	56	static
../Core/Src/turnJudgeTask.c:695:13:DecisionChange_InfoPrint	264	static
../Core/Src/turnJudgeTask.c:752:16:IsSameDicision	16	static
../Core/Src/turnJudgeTask.c:765:13:TurnJudgeTask	120	static
../Core/Src/turnJudgeTask.c:899:6:TurnJudgeTask_Init	8	static
