../Core/Src/lcd.c:129:20:SPI_SendByte	0	static
../Core/Src/lcd.c:140:13:LCD_WriteCommand	8	static
../Core/Src/lcd.c:148:13:LCD_WriteData	8	static
../Core/Src/lcd.c:264:13:LCD_FillRect.part.0	32	static
../Core/Src/lcd.c:264:13:LCD_FillRect	8	static
../Core/Src/lcd.c:319:13:LCD_FillCircle	56	static
../Core/Src/lcd.c:442:13:LCD_DrawString	72	static
../Core/Src/lcd.c:544:13:Dashboard_DrawCountdown	24	static
../Core/Src/lcd.c:337:13:LCD_FillTriangle.constprop	88	static
../Core/Src/lcd.c:297:13:LCD_DrawLine.constprop	64	static
../Core/Src/lcd.c:156:6:LCD_Init	16	static
../Core/Src/lcd.c:520:9:Dashboard_SignalDuration	0	static
../Core/Src/lcd.c:525:13:Dashboard_NextSignal	0	static
../Core/Src/lcd.c:533:6:Dashboard_DrawSignalDots	16	static
../Core/Src/lcd.c:553:6:Dashboard_UpdateCountdown	16	static
../Core/Src/lcd.c:561:6:Dashboard_DrawDirection	24	static
../Core/Src/lcd.c:613:6:Dashboard_DrawWarnings	80	static
../Core/Src/lcd.c:677:6:Dashboard_DrawStatic	40	static
